[2026-10-03 02:39:19] 本次订阅抓取结果统计:
[2026-10-03 02:39:19] 共 54 条RSS, 成功抓取 40 条.
[2026-10-03 02:39:19] ✘ 有 14 条订阅解析失败:
[2026-10-03 02:39:19] - https://geekinney.com/index.xml
[2026-10-03 02:39:19] - https://timyang.net/feed/
[2026-10-03 02:39:19] - https://suus.me/atom.xml
[2026-10-03 02:39:19] - https://www.shephe.com/feed
[2026-10-03 02:39:19] - https://ilogs.cn/feed/
[2026-10-03 02:39:19] - https://writings.howsoonisnow.org/blog/feed/feed.xml
[2026-10-03 02:39:19] - https://www.laomuzhu.cn/feed/
[2026-10-03 02:39:19] - https://sizheng.org/feed
[2026-10-03 02:39:19] - https://yufan.me/feed
[2026-10-03 02:39:19] - https://4op.top/index.xml
[2026-10-03 02:39:19] - https://ayayy.com/feed/
[2026-10-03 02:39:19] - https://feng.pub/feed
[2026-10-03 02:39:19] - https://blog.fooleap.org/atom.xml
[2026-10-03 02:39:19] - https://note.redcha.cn/rss.xml
[2026-10-03 02:39:19] ✘ 有 1 条订阅头像字段为空, 已使用默认头像:
[2026-10-03 02:39:19] - https://jt26wzz.com/rss.xml
[2026-10-03 08:40:09] 本次订阅抓取结果统计:
[2026-10-03 08:40:09] 共 54 条RSS, 成功抓取 42 条.
[2026-10-03 08:40:09] ✘ 有 12 条订阅解析失败:
[2026-10-03 08:40:09] - https://geekinney.com/index.xml
[2026-10-03 08:40:09] - https://timyang.net/feed/
[2026-10-03 08:40:09] - https://suus.me/atom.xml
[2026-10-03 08:40:09] - https://www.shephe.com/feed
[2026-10-03 08:40:09] - https://ilogs.cn/feed/
[2026-10-03 08:40:09] - https://writings.howsoonisnow.org/blog/feed/feed.xml
[2026-10-03 08:40:09] - https://sizheng.org/feed
[2026-10-03 08:40:09] - https://www.laomuzhu.cn/feed/
[2026-10-03 08:40:09] - https://yufan.me/feed
[2026-10-03 08:40:09] - https://4op.top/index.xml
[2026-10-03 08:40:09] - https://ayayy.com/feed/
[2026-10-03 08:40:09] - https://feng.pub/feed
[2026-10-03 08:40:09] ✘ 有 1 条订阅头像字段为空, 已使用默认头像:
[2026-10-03 08:40:09] - https://jt26wzz.com/rss.xml
[2026-10-03 14:02:31] 本次订阅抓取结果统计:
[2026-10-03 14:02:31] 共 54 条RSS, 成功抓取 41 条.
[2026-10-03 14:02:31] ✘ 有 13 条订阅解析失败:
[2026-10-03 14:02:31] - https://geekinney.com/index.xml
[2026-10-03 14:02:31] - https://timyang.net/feed/
[2026-10-03 14:02:31] - https://suus.me/atom.xml
[2026-10-03 14:02:31] - https://www.shephe.com/feed
[2026-10-03 14:02:31] - https://ilogs.cn/feed/
[2026-10-03 14:02:31] - https://writings.howsoonisnow.org/blog/feed/feed.xml
[2026-10-03 14:02:31] - https://sizheng.org/feed
[2026-10-03 14:02:31] - https://yufan.me/feed
[2026-10-03 14:02:31] - https://4op.top/index.xml
[2026-10-03 14:02:31] - https://ayayy.com/feed/
[2026-10-03 14:02:31] - https://feng.pub/feed
[2026-10-03 14:02:31] - https://www.laomuzhu.cn/feed/
[2026-10-03 14:02:31] - https://note.redcha.cn/rss.xml
[2026-10-03 14:02:31] ✘ 有 1 条订阅头像字段为空, 已使用默认头像:
[2026-10-03 14:02:31] - https://jt26wzz.com/rss.xml
