[2026-08-20 00:32:53] 抓取到的文章与现有数据相同，无需更新。
[2026-08-20 02:10:09] 抓取到的文章与现有数据相同，无需更新。
[2026-08-20 03:36:59] 抓取到的文章与现有数据相同，无需更新。
[2026-08-20 04:25:23] 抓取到的文章与现有数据相同，无需更新。
[2026-08-20 05:21:00] 抓取到的文章与现有数据相同，无需更新。
[2026-08-20 06:23:35] 抓取到的文章与现有数据相同，无需更新。
[2026-08-20 07:31:24] 本次订阅抓取结果统计:
[2026-08-20 07:31:24] 共 54 条RSS, 成功抓取 42 条.
[2026-08-20 07:31:24] ✘ 有 12 条订阅解析失败:
[2026-08-20 07:31:24] - https://geekinney.com/index.xml
[2026-08-20 07:31:24] - https://suus.me/atom.xml
[2026-08-20 07:31:24] - https://www.shephe.com/feed
[2026-08-20 07:31:24] - https://ilogs.cn/feed/
[2026-08-20 07:31:24] - https://writings.howsoonisnow.org/blog/feed/feed.xml
[2026-08-20 07:31:24] - https://sizheng.org/feed
[2026-08-20 07:31:24] - https://www.moraex.com/feed
[2026-08-20 07:31:24] - https://4op.top/index.xml
[2026-08-20 07:31:24] - https://feng.pub/feed
[2026-08-20 07:31:24] - https://note.redcha.cn/rss.xml
[2026-08-20 07:31:24] - https://freemind.pluskid.org/rss.xml
[2026-08-20 07:31:24] - https://ayayy.com/feed/
[2026-08-20 07:31:24] ✘ 有 1 条订阅头像字段为空, 已使用默认头像:
[2026-08-20 07:31:24] - https://jt26wzz.com/rss.xml
[2026-08-20 08:23:18] 本次订阅抓取结果统计:
[2026-08-20 08:23:18] 共 54 条RSS, 成功抓取 43 条.
[2026-08-20 08:23:18] ✘ 有 11 条订阅解析失败:
[2026-08-20 08:23:18] - https://geekinney.com/index.xml
[2026-08-20 08:23:18] - https://suus.me/atom.xml
[2026-08-20 08:23:18] - https://www.shephe.com/feed
[2026-08-20 08:23:18] - https://ilogs.cn/feed/
[2026-08-20 08:23:18] - https://writings.howsoonisnow.org/blog/feed/feed.xml
[2026-08-20 08:23:18] - https://sizheng.org/feed
[2026-08-20 08:23:18] - https://www.moraex.com/feed
[2026-08-20 08:23:18] - https://4op.top/index.xml
[2026-08-20 08:23:18] - https://feng.pub/feed
[2026-08-20 08:23:18] - https://note.redcha.cn/rss.xml
[2026-08-20 08:23:18] - https://ayayy.com/feed/
[2026-08-20 08:23:18] ✘ 有 1 条订阅头像字段为空, 已使用默认头像:
[2026-08-20 08:23:18] - https://jt26wzz.com/rss.xml
