[2026-08-09 00:45:55] 抓取到的文章与现有数据相同，无需更新。
[2026-08-09 02:55:38] 本次订阅抓取结果统计:
[2026-08-09 02:55:38] 共 54 条RSS, 成功抓取 44 条.
[2026-08-09 02:55:38] ✘ 有 10 条订阅解析失败:
[2026-08-09 02:55:38] - https://geekinney.com/index.xml
[2026-08-09 02:55:38] - https://suus.me/atom.xml
[2026-08-09 02:55:38] - https://ilogs.cn/feed/
[2026-08-09 02:55:38] - https://www.moraex.com/feed
[2026-08-09 02:55:38] - https://writings.howsoonisnow.org/blog/feed/feed.xml
[2026-08-09 02:55:38] - https://sizheng.org/feed
[2026-08-09 02:55:38] - https://4op.top/index.xml
[2026-08-09 02:55:38] - https://ayayy.com/feed/
[2026-08-09 02:55:38] - https://note.redcha.cn/rss.xml
[2026-08-09 02:55:38] - https://feng.pub/feed
[2026-08-09 02:55:38] ✘ 有 1 条订阅头像字段为空, 已使用默认头像:
[2026-08-09 02:55:38] - https://jt26wzz.com/rss.xml
[2026-08-09 04:08:39] 抓取到的文章与现有数据相同，无需更新。
[2026-08-09 05:39:16] 抓取到的文章与现有数据相同，无需更新。
[2026-08-09 06:35:02] 抓取到的文章与现有数据相同，无需更新。
[2026-08-09 07:43:10] 本次订阅抓取结果统计:
[2026-08-09 07:43:10] 共 54 条RSS, 成功抓取 42 条.
[2026-08-09 07:43:10] ✘ 有 12 条订阅解析失败:
[2026-08-09 07:43:10] - https://geekinney.com/index.xml
[2026-08-09 07:43:10] - https://tumutanzi.com/feed
[2026-08-09 07:43:10] - https://suus.me/atom.xml
[2026-08-09 07:43:10] - https://leixus.cn/index.php/feed/
[2026-08-09 07:43:10] - https://ilogs.cn/feed/
[2026-08-09 07:43:10] - https://writings.howsoonisnow.org/blog/feed/feed.xml
[2026-08-09 07:43:10] - https://www.moraex.com/feed
[2026-08-09 07:43:10] - https://sizheng.org/feed
[2026-08-09 07:43:10] - https://4op.top/index.xml
[2026-08-09 07:43:10] - https://note.redcha.cn/rss.xml
[2026-08-09 07:43:10] - https://ayayy.com/feed/
[2026-08-09 07:43:10] - https://feng.pub/feed
[2026-08-09 07:43:10] ✘ 有 1 条订阅头像字段为空, 已使用默认头像:
[2026-08-09 07:43:10] - https://jt26wzz.com/rss.xml
[2026-08-09 08:28:00] 本次订阅抓取结果统计:
[2026-08-09 08:28:00] 共 54 条RSS, 成功抓取 44 条.
[2026-08-09 08:28:00] ✘ 有 10 条订阅解析失败:
[2026-08-09 08:28:00] - https://geekinney.com/index.xml
[2026-08-09 08:28:00] - https://suus.me/atom.xml
[2026-08-09 08:28:00] - https://writings.howsoonisnow.org/blog/feed/feed.xml
[2026-08-09 08:28:00] - https://ilogs.cn/feed/
[2026-08-09 08:28:00] - https://www.moraex.com/feed
[2026-08-09 08:28:00] - https://sizheng.org/feed
[2026-08-09 08:28:00] - https://note.redcha.cn/rss.xml
[2026-08-09 08:28:00] - https://4op.top/index.xml
[2026-08-09 08:28:00] - https://ayayy.com/feed/
[2026-08-09 08:28:00] - https://feng.pub/feed
[2026-08-09 08:28:00] ✘ 有 1 条订阅头像字段为空, 已使用默认头像:
[2026-08-09 08:28:00] - https://jt26wzz.com/rss.xml
