[2026-09-05 01:44:02] 本次订阅抓取结果统计:
[2026-09-05 01:44:02] 共 54 条RSS, 成功抓取 43 条.
[2026-09-05 01:44:02] ✘ 有 11 条订阅解析失败:
[2026-09-05 01:44:02] - https://geekinney.com/index.xml
[2026-09-05 01:44:02] - https://suus.me/atom.xml
[2026-09-05 01:44:02] - https://www.mrhe.net/feed
[2026-09-05 01:44:02] - https://www.shephe.com/feed
[2026-09-05 01:44:02] - https://writings.howsoonisnow.org/blog/feed/feed.xml
[2026-09-05 01:44:02] - https://www.moraex.com/feed
[2026-09-05 01:44:02] - https://ilogs.cn/feed/
[2026-09-05 01:44:02] - https://sizheng.org/feed
[2026-09-05 01:44:02] - https://4op.top/index.xml
[2026-09-05 01:44:02] - https://ayayy.com/feed/
[2026-09-05 01:44:02] - https://feng.pub/feed
[2026-09-05 01:44:02] ✘ 有 1 条订阅头像字段为空, 已使用默认头像:
[2026-09-05 01:44:02] - https://jt26wzz.com/rss.xml
[2026-09-05 06:25:48] 本次订阅抓取结果统计:
[2026-09-05 06:25:48] 共 54 条RSS, 成功抓取 43 条.
[2026-09-05 06:25:48] ✘ 有 11 条订阅解析失败:
[2026-09-05 06:25:48] - https://geekinney.com/index.xml
[2026-09-05 06:25:48] - https://suus.me/atom.xml
[2026-09-05 06:25:48] - https://www.mrhe.net/feed
[2026-09-05 06:25:48] - https://www.shephe.com/feed
[2026-09-05 06:25:48] - https://writings.howsoonisnow.org/blog/feed/feed.xml
[2026-09-05 06:25:48] - https://www.moraex.com/feed
[2026-09-05 06:25:48] - https://ilogs.cn/feed/
[2026-09-05 06:25:48] - https://sizheng.org/feed
[2026-09-05 06:25:48] - https://4op.top/index.xml
[2026-09-05 06:25:48] - https://ayayy.com/feed/
[2026-09-05 06:25:48] - https://feng.pub/feed
[2026-09-05 06:25:48] ✘ 有 1 条订阅头像字段为空, 已使用默认头像:
[2026-09-05 06:25:48] - https://jt26wzz.com/rss.xml
[2026-09-05 10:59:52] 本次订阅抓取结果统计:
[2026-09-05 10:59:52] 共 54 条RSS, 成功抓取 43 条.
[2026-09-05 10:59:52] ✘ 有 11 条订阅解析失败:
[2026-09-05 10:59:52] - https://geekinney.com/index.xml
[2026-09-05 10:59:52] - https://suus.me/atom.xml
[2026-09-05 10:59:52] - https://www.mrhe.net/feed
[2026-09-05 10:59:52] - https://ilogs.cn/feed/
[2026-09-05 10:59:52] - https://www.shephe.com/feed
[2026-09-05 10:59:52] - https://writings.howsoonisnow.org/blog/feed/feed.xml
[2026-09-05 10:59:52] - https://www.moraex.com/feed
[2026-09-05 10:59:52] - https://sizheng.org/feed
[2026-09-05 10:59:52] - https://4op.top/index.xml
[2026-09-05 10:59:52] - https://ayayy.com/feed/
[2026-09-05 10:59:52] - https://feng.pub/feed
[2026-09-05 10:59:52] ✘ 有 1 条订阅头像字段为空, 已使用默认头像:
[2026-09-05 10:59:52] - https://jt26wzz.com/rss.xml
[2026-09-05 13:41:11] 本次订阅抓取结果统计:
[2026-09-05 13:41:11] 共 54 条RSS, 成功抓取 44 条.
[2026-09-05 13:41:11] ✘ 有 10 条订阅解析失败:
[2026-09-05 13:41:11] - https://geekinney.com/index.xml
[2026-09-05 13:41:11] - https://suus.me/atom.xml
[2026-09-05 13:41:11] - https://www.mrhe.net/feed
[2026-09-05 13:41:11] - https://www.shephe.com/feed
[2026-09-05 13:41:11] - https://writings.howsoonisnow.org/blog/feed/feed.xml
[2026-09-05 13:41:11] - https://ilogs.cn/feed/
[2026-09-05 13:41:11] - https://sizheng.org/feed
[2026-09-05 13:41:11] - https://4op.top/index.xml
[2026-09-05 13:41:11] - https://ayayy.com/feed/
[2026-09-05 13:41:11] - https://feng.pub/feed
[2026-09-05 13:41:11] ✘ 有 1 条订阅头像字段为空, 已使用默认头像:
[2026-09-05 13:41:11] - https://jt26wzz.com/rss.xml
