[2026-07-27 01:46:37] 本次订阅抓取结果统计:
[2026-07-27 01:46:37] 共 54 条RSS, 成功抓取 44 条.
[2026-07-27 01:46:37] ✘ 有 10 条订阅解析失败:
[2026-07-27 01:46:37] - https://geekinney.com/index.xml
[2026-07-27 01:46:37] - https://suus.me/atom.xml
[2026-07-27 01:46:37] - https://www.shephe.com/feed
[2026-07-27 01:46:37] - https://ilogs.cn/feed/
[2026-07-27 01:46:37] - https://writings.howsoonisnow.org/blog/feed/feed.xml
[2026-07-27 01:46:37] - https://sizheng.org/feed
[2026-07-27 01:46:37] - https://www.moraex.com/feed
[2026-07-27 01:46:37] - https://note.redcha.cn/rss.xml
[2026-07-27 01:46:37] - https://4op.top/index.xml
[2026-07-27 01:46:37] - https://ayayy.com/feed/
[2026-07-27 01:46:37] ✘ 有 1 条订阅头像字段为空, 已使用默认头像:
[2026-07-27 01:46:37] - https://jt26wzz.com/rss.xml
[2026-07-27 05:37:40] 本次订阅抓取结果统计:
[2026-07-27 05:37:40] 共 54 条RSS, 成功抓取 45 条.
[2026-07-27 05:37:40] ✘ 有 9 条订阅解析失败:
[2026-07-27 05:37:40] - https://geekinney.com/index.xml
[2026-07-27 05:37:40] - https://suus.me/atom.xml
[2026-07-27 05:37:40] - https://ilogs.cn/feed/
[2026-07-27 05:37:40] - https://www.shephe.com/feed
[2026-07-27 05:37:40] - https://writings.howsoonisnow.org/blog/feed/feed.xml
[2026-07-27 05:37:40] - https://sizheng.org/feed
[2026-07-27 05:37:40] - https://4op.top/index.xml
[2026-07-27 05:37:40] - https://ayayy.com/feed/
[2026-07-27 05:37:40] - https://www.moraex.com/feed
[2026-07-27 05:37:40] ✘ 有 1 条订阅头像字段为空, 已使用默认头像:
[2026-07-27 05:37:40] - https://jt26wzz.com/rss.xml
[2026-07-27 09:23:29] 抓取到的文章与现有数据相同，无需更新。
[2026-07-27 12:48:39] 本次订阅抓取结果统计:
[2026-07-27 12:48:39] 共 54 条RSS, 成功抓取 44 条.
[2026-07-27 12:48:39] ✘ 有 10 条订阅解析失败:
[2026-07-27 12:48:39] - https://geekinney.com/index.xml
[2026-07-27 12:48:39] - https://suus.me/atom.xml
[2026-07-27 12:48:39] - https://ilogs.cn/feed/
[2026-07-27 12:48:39] - https://www.moraex.com/feed
[2026-07-27 12:48:39] - https://www.shephe.com/feed
[2026-07-27 12:48:39] - https://writings.howsoonisnow.org/blog/feed/feed.xml
[2026-07-27 12:48:39] - https://sizheng.org/feed
[2026-07-27 12:48:39] - https://4op.top/index.xml
[2026-07-27 12:48:39] - https://ayayy.com/feed/
[2026-07-27 12:48:39] - http://www.cyys.net/wp/feed
[2026-07-27 12:48:39] ✘ 有 1 条订阅头像字段为空, 已使用默认头像:
[2026-07-27 12:48:39] - https://jt26wzz.com/rss.xml
[2026-07-27 15:35:15] 本次订阅抓取结果统计:
[2026-07-27 15:35:15] 共 54 条RSS, 成功抓取 45 条.
[2026-07-27 15:35:15] ✘ 有 9 条订阅解析失败:
[2026-07-27 15:35:15] - https://geekinney.com/index.xml
[2026-07-27 15:35:15] - https://suus.me/atom.xml
[2026-07-27 15:35:15] - https://ilogs.cn/feed/
[2026-07-27 15:35:15] - https://www.moraex.com/feed
[2026-07-27 15:35:15] - https://writings.howsoonisnow.org/blog/feed/feed.xml
[2026-07-27 15:35:15] - https://sizheng.org/feed
[2026-07-27 15:35:15] - https://www.shephe.com/feed
[2026-07-27 15:35:15] - https://4op.top/index.xml
[2026-07-27 15:35:15] - https://ayayy.com/feed/
[2026-07-27 15:35:15] ✘ 有 1 条订阅头像字段为空, 已使用默认头像:
[2026-07-27 15:35:15] - https://jt26wzz.com/rss.xml
[2026-07-27 17:27:21] 抓取到的文章与现有数据相同，无需更新。
[2026-07-27 19:08:34] 抓取到的文章与现有数据相同，无需更新。
[2026-07-27 20:59:34] 抓取到的文章与现有数据相同，无需更新。
[2026-07-27 22:04:45] 本次订阅抓取结果统计:
[2026-07-27 22:04:45] 共 54 条RSS, 成功抓取 44 条.
[2026-07-27 22:04:45] ✘ 有 10 条订阅解析失败:
[2026-07-27 22:04:45] - https://geekinney.com/index.xml
[2026-07-27 22:04:45] - https://tumutanzi.com/feed
[2026-07-27 22:04:45] - https://suus.me/atom.xml
[2026-07-27 22:04:45] - https://www.shephe.com/feed
[2026-07-27 22:04:45] - https://ilogs.cn/feed/
[2026-07-27 22:04:45] - https://www.moraex.com/feed
[2026-07-27 22:04:45] - https://writings.howsoonisnow.org/blog/feed/feed.xml
[2026-07-27 22:04:45] - https://sizheng.org/feed
[2026-07-27 22:04:45] - https://4op.top/index.xml
[2026-07-27 22:04:45] - https://ayayy.com/feed/
[2026-07-27 22:04:45] ✘ 有 1 条订阅头像字段为空, 已使用默认头像:
[2026-07-27 22:04:45] - https://jt26wzz.com/rss.xml
[2026-07-27 23:52:55] [WARN] 加载头像映射失败: failed to fetch avatar map: Get "https://cos.lhasa.icu/lhasaRSS/avatar.json": context deadline exceeded (Client.Timeout exceeded while awaiting headers)
[2026-07-27 23:53:12] 本次订阅抓取结果统计:
[2026-07-27 23:53:12] 共 54 条RSS, 成功抓取 45 条.
[2026-07-27 23:53:12] ✘ 有 9 条订阅解析失败:
[2026-07-27 23:53:12] - https://geekinney.com/index.xml
[2026-07-27 23:53:12] - https://suus.me/atom.xml
[2026-07-27 23:53:12] - https://www.shephe.com/feed
[2026-07-27 23:53:12] - https://ilogs.cn/feed/
[2026-07-27 23:53:12] - https://www.moraex.com/feed
[2026-07-27 23:53:12] - https://writings.howsoonisnow.org/blog/feed/feed.xml
[2026-07-27 23:53:12] - https://sizheng.org/feed
[2026-07-27 23:53:12] - https://4op.top/index.xml
[2026-07-27 23:53:12] - https://ayayy.com/feed/
[2026-07-27 23:53:12] ✘ 有 1 条订阅头像字段为空, 已使用默认头像:
[2026-07-27 23:53:12] - https://mayx.eu.org/atom.xml
[2026-07-27 23:53:12] ✘ 有 3 条订阅头像无法访问, 已使用默认头像:
[2026-07-27 23:53:12] - https://skywind.me/blog/feed
[2026-07-27 23:53:12] - https://laike9m.com/blog/rss/
[2026-07-27 23:53:12] - https://jt26wzz.com/rss.xml
