[2026-09-25 00:59:38] 抓取到的文章与现有数据相同，无需更新。
[2026-09-25 05:50:27] 抓取到的文章与现有数据相同，无需更新。
[2026-09-25 10:43:11] 本次订阅抓取结果统计:
[2026-09-25 10:43:11] 共 54 条RSS, 成功抓取 43 条.
[2026-09-25 10:43:11] ✘ 有 11 条订阅解析失败:
[2026-09-25 10:43:11] - https://geekinney.com/index.xml
[2026-09-25 10:43:11] - https://suus.me/atom.xml
[2026-09-25 10:43:11] - https://timyang.net/feed/
[2026-09-25 10:43:11] - https://www.shephe.com/feed
[2026-09-25 10:43:11] - https://writings.howsoonisnow.org/blog/feed/feed.xml
[2026-09-25 10:43:11] - https://ilogs.cn/feed/
[2026-09-25 10:43:11] - https://sizheng.org/feed
[2026-09-25 10:43:11] - https://yufan.me/feed
[2026-09-25 10:43:11] - https://4op.top/index.xml
[2026-09-25 10:43:11] - https://ayayy.com/feed/
[2026-09-25 10:43:11] - https://feng.pub/feed
[2026-09-25 10:43:11] ✘ 有 1 条订阅头像字段为空, 已使用默认头像:
[2026-09-25 10:43:11] - https://jt26wzz.com/rss.xml
[2026-09-25 15:38:14] 本次订阅抓取结果统计:
[2026-09-25 15:38:14] 共 54 条RSS, 成功抓取 43 条.
[2026-09-25 15:38:14] ✘ 有 11 条订阅解析失败:
[2026-09-25 15:38:14] - https://geekinney.com/index.xml
[2026-09-25 15:38:14] - https://suus.me/atom.xml
[2026-09-25 15:38:14] - https://ilogs.cn/feed/
[2026-09-25 15:38:14] - https://writings.howsoonisnow.org/blog/feed/feed.xml
[2026-09-25 15:38:14] - https://www.shephe.com/feed
[2026-09-25 15:38:14] - https://sizheng.org/feed
[2026-09-25 15:38:14] - https://4op.top/index.xml
[2026-09-25 15:38:14] - https://timyang.net/feed/
[2026-09-25 15:38:14] - https://ayayy.com/feed/
[2026-09-25 15:38:14] - https://yufan.me/feed
[2026-09-25 15:38:14] - https://feng.pub/feed
[2026-09-25 15:38:14] ✘ 有 1 条订阅头像字段为空, 已使用默认头像:
[2026-09-25 15:38:14] - https://jt26wzz.com/rss.xml
[2026-09-25 19:39:10] 抓取到的文章与现有数据相同，无需更新。
