[2026-09-16 02:03:11] 抓取到的文章与现有数据相同，无需更新。
[2026-09-16 07:59:07] 抓取到的文章与现有数据相同，无需更新。
[2026-09-16 13:05:53] 抓取到的文章与现有数据相同，无需更新。
[2026-09-16 17:48:13] 本次订阅抓取结果统计:
[2026-09-16 17:48:13] 共 54 条RSS, 成功抓取 43 条.
[2026-09-16 17:48:13] ✘ 有 11 条订阅解析失败:
[2026-09-16 17:48:13] - https://geekinney.com/index.xml
[2026-09-16 17:48:13] - https://timyang.net/feed/
[2026-09-16 17:48:13] - https://suus.me/atom.xml
[2026-09-16 17:48:13] - https://www.mrhe.net/feed
[2026-09-16 17:48:13] - https://www.shephe.com/feed
[2026-09-16 17:48:13] - https://writings.howsoonisnow.org/blog/feed/feed.xml
[2026-09-16 17:48:13] - https://ilogs.cn/feed/
[2026-09-16 17:48:13] - https://sizheng.org/feed
[2026-09-16 17:48:13] - https://4op.top/index.xml
[2026-09-16 17:48:13] - https://ayayy.com/feed/
[2026-09-16 17:48:13] - https://feng.pub/feed
[2026-09-16 17:48:13] ✘ 有 1 条订阅头像字段为空, 已使用默认头像:
[2026-09-16 17:48:13] - https://jt26wzz.com/rss.xml
[2026-09-16 20:33:22] 抓取到的文章与现有数据相同，无需更新。
[2026-09-16 23:21:17] 本次订阅抓取结果统计:
[2026-09-16 23:21:17] 共 54 条RSS, 成功抓取 40 条.
[2026-09-16 23:21:17] ✘ 有 14 条订阅解析失败:
[2026-09-16 23:21:17] - https://geekinney.com/index.xml
[2026-09-16 23:21:17] - https://tumutanzi.com/feed
[2026-09-16 23:21:17] - https://suus.me/atom.xml
[2026-09-16 23:21:17] - https://timyang.net/feed/
[2026-09-16 23:21:17] - https://www.mrhe.net/feed
[2026-09-16 23:21:17] - https://leixus.cn/index.php/feed/
[2026-09-16 23:21:17] - https://www.shephe.com/feed
[2026-09-16 23:21:17] - https://ilogs.cn/feed/
[2026-09-16 23:21:17] - https://writings.howsoonisnow.org/blog/feed/feed.xml
[2026-09-16 23:21:17] - https://sizheng.org/feed
[2026-09-16 23:21:17] - https://4op.top/index.xml
[2026-09-16 23:21:17] - https://ayayy.com/feed/
[2026-09-16 23:21:17] - https://feng.pub/feed
[2026-09-16 23:21:17] - https://yufan.me/feed
[2026-09-16 23:21:17] ✘ 有 1 条订阅头像字段为空, 已使用默认头像:
[2026-09-16 23:21:17] - https://jt26wzz.com/rss.xml
