[2026-09-06 00:20:16] 抓取到的文章与现有数据相同，无需更新。
[2026-09-06 05:14:44] [ERROR] 拉取RSS链接失败: /home/runner/work/rss-lhasa/rss-lhasa/feed_fetcher.go:53 => 无法获取RSS列表文件: https://lhasa-1253887673.cos.ap-shanghai.myqcloud.com/lhasaRSS/rss.txt | 原因: Get "https://lhasa-1253887673.cos.ap-shanghai.myqcloud.com/lhasaRSS/rss.txt": net/http: TLS handshake timeout
[2026-09-06 09:49:05] [WARN] 加载头像映射失败: failed to fetch avatar map: Get "https://cos.lhasa.icu/lhasaRSS/avatar.json": context deadline exceeded (Client.Timeout exceeded while awaiting headers)
[2026-09-06 09:49:58] 本次订阅抓取结果统计:
[2026-09-06 09:49:58] 共 54 条RSS, 成功抓取 38 条.
[2026-09-06 09:49:58] ✘ 有 16 条订阅解析失败:
[2026-09-06 09:49:58] - https://geekinney.com/index.xml
[2026-09-06 09:49:58] - https://suus.me/atom.xml
[2026-09-06 09:49:58] - https://www.mrhe.net/feed
[2026-09-06 09:49:58] - https://www.shephe.com/feed
[2026-09-06 09:49:58] - https://writings.howsoonisnow.org/blog/feed/feed.xml
[2026-09-06 09:49:58] - https://sizheng.org/feed
[2026-09-06 09:49:58] - https://4op.top/index.xml
[2026-09-06 09:49:58] - https://ayayy.com/feed/
[2026-09-06 09:49:58] - https://feng.pub/feed
[2026-09-06 09:49:58] - https://xyzbz.cn/feed
[2026-09-06 09:49:58] - https://zhongxiaojie.com/feed
[2026-09-06 09:49:58] - https://www.laomuzhu.cn/feed/
[2026-09-06 09:49:58] - https://www.moraex.com/feed
[2026-09-06 09:49:58] - https://bluehe.cn/rss.xml
[2026-09-06 09:49:58] - https://ilogs.cn/feed/
[2026-09-06 09:49:58] - https://usj.cc/rss.xml
[2026-09-06 09:49:58] ✘ 有 1 条订阅头像字段为空, 已使用默认头像:
[2026-09-06 09:49:58] - https://mayx.eu.org/atom.xml
[2026-09-06 09:49:58] ✘ 有 4 条订阅头像无法访问, 已使用默认头像:
[2026-09-06 09:49:58] - https://skywind.me/blog/feed
[2026-09-06 09:49:58] - https://laike9m.com/blog/rss/
[2026-09-06 09:49:58] - https://shuiba.co/feed
[2026-09-06 09:49:58] - https://blog.fueis.com/feed
[2026-09-06 13:15:08] 本次订阅抓取结果统计:
[2026-09-06 13:15:08] 共 54 条RSS, 成功抓取 44 条.
[2026-09-06 13:15:08] ✘ 有 10 条订阅解析失败:
[2026-09-06 13:15:08] - https://geekinney.com/index.xml
[2026-09-06 13:15:08] - https://suus.me/atom.xml
[2026-09-06 13:15:08] - https://www.mrhe.net/feed
[2026-09-06 13:15:08] - https://writings.howsoonisnow.org/blog/feed/feed.xml
[2026-09-06 13:15:08] - https://www.shephe.com/feed
[2026-09-06 13:15:08] - https://ilogs.cn/feed/
[2026-09-06 13:15:08] - https://sizheng.org/feed
[2026-09-06 13:15:08] - https://4op.top/index.xml
[2026-09-06 13:15:08] - https://ayayy.com/feed/
[2026-09-06 13:15:08] - https://feng.pub/feed
[2026-09-06 13:15:08] ✘ 有 1 条订阅头像字段为空, 已使用默认头像:
[2026-09-06 13:15:08] - https://jt26wzz.com/rss.xml
[2026-09-06 16:32:14] 抓取到的文章与现有数据相同，无需更新。
[2026-09-06 18:42:59] 本次订阅抓取结果统计:
[2026-09-06 18:42:59] 共 54 条RSS, 成功抓取 42 条.
[2026-09-06 18:42:59] ✘ 有 12 条订阅解析失败:
[2026-09-06 18:42:59] - https://geekinney.com/index.xml
[2026-09-06 18:42:59] - https://tumutanzi.com/feed
[2026-09-06 18:42:59] - https://suus.me/atom.xml
[2026-09-06 18:42:59] - https://www.mrhe.net/feed
[2026-09-06 18:42:59] - https://leixus.cn/index.php/feed/
[2026-09-06 18:42:59] - https://www.shephe.com/feed
[2026-09-06 18:42:59] - https://writings.howsoonisnow.org/blog/feed/feed.xml
[2026-09-06 18:42:59] - https://ilogs.cn/feed/
[2026-09-06 18:42:59] - https://sizheng.org/feed
[2026-09-06 18:42:59] - https://4op.top/index.xml
[2026-09-06 18:42:59] - https://ayayy.com/feed/
[2026-09-06 18:42:59] - https://feng.pub/feed
[2026-09-06 18:42:59] ✘ 有 1 条订阅头像字段为空, 已使用默认头像:
[2026-09-06 18:42:59] - https://jt26wzz.com/rss.xml
[2026-09-06 20:55:14] 本次订阅抓取结果统计:
[2026-09-06 20:55:14] 共 54 条RSS, 成功抓取 44 条.
[2026-09-06 20:55:14] ✘ 有 10 条订阅解析失败:
[2026-09-06 20:55:14] - https://geekinney.com/index.xml
[2026-09-06 20:55:14] - https://suus.me/atom.xml
[2026-09-06 20:55:14] - https://www.mrhe.net/feed
[2026-09-06 20:55:14] - https://www.shephe.com/feed
[2026-09-06 20:55:14] - https://ilogs.cn/feed/
[2026-09-06 20:55:14] - https://writings.howsoonisnow.org/blog/feed/feed.xml
[2026-09-06 20:55:14] - https://sizheng.org/feed
[2026-09-06 20:55:14] - https://4op.top/index.xml
[2026-09-06 20:55:14] - https://ayayy.com/feed/
[2026-09-06 20:55:14] - https://feng.pub/feed
[2026-09-06 20:55:14] ✘ 有 1 条订阅头像字段为空, 已使用默认头像:
[2026-09-06 20:55:14] - https://jt26wzz.com/rss.xml
[2026-09-06 22:31:10] 本次订阅抓取结果统计:
[2026-09-06 22:31:10] 共 54 条RSS, 成功抓取 42 条.
[2026-09-06 22:31:10] ✘ 有 12 条订阅解析失败:
[2026-09-06 22:31:10] - https://geekinney.com/index.xml
[2026-09-06 22:31:10] - https://tumutanzi.com/feed
[2026-09-06 22:31:10] - https://suus.me/atom.xml
[2026-09-06 22:31:10] - https://www.mrhe.net/feed
[2026-09-06 22:31:10] - https://www.shephe.com/feed
[2026-09-06 22:31:10] - https://leixus.cn/index.php/feed/
[2026-09-06 22:31:10] - https://writings.howsoonisnow.org/blog/feed/feed.xml
[2026-09-06 22:31:10] - https://ilogs.cn/feed/
[2026-09-06 22:31:10] - https://sizheng.org/feed
[2026-09-06 22:31:10] - https://4op.top/index.xml
[2026-09-06 22:31:10] - https://ayayy.com/feed/
[2026-09-06 22:31:10] - https://feng.pub/feed
[2026-09-06 22:31:10] ✘ 有 1 条订阅头像字段为空, 已使用默认头像:
[2026-09-06 22:31:10] - https://jt26wzz.com/rss.xml
