[2026-08-12 00:55:38] 抓取到的文章与现有数据相同，无需更新。
[2026-08-12 03:17:05] 本次订阅抓取结果统计:
[2026-08-12 03:17:05] 共 54 条RSS, 成功抓取 45 条.
[2026-08-12 03:17:05] ✘ 有 9 条订阅解析失败:
[2026-08-12 03:17:05] - https://geekinney.com/index.xml
[2026-08-12 03:17:05] - https://suus.me/atom.xml
[2026-08-12 03:17:05] - https://writings.howsoonisnow.org/blog/feed/feed.xml
[2026-08-12 03:17:05] - https://ilogs.cn/feed/
[2026-08-12 03:17:05] - https://www.moraex.com/feed
[2026-08-12 03:17:05] - https://sizheng.org/feed
[2026-08-12 03:17:05] - https://4op.top/index.xml
[2026-08-12 03:17:05] - https://feng.pub/feed
[2026-08-12 03:17:05] - https://ayayy.com/feed/
[2026-08-12 03:17:05] ✘ 有 1 条订阅头像字段为空, 已使用默认头像:
[2026-08-12 03:17:05] - https://jt26wzz.com/rss.xml
[2026-08-12 05:22:47] 本次订阅抓取结果统计:
[2026-08-12 05:22:47] 共 54 条RSS, 成功抓取 44 条.
[2026-08-12 05:22:47] ✘ 有 10 条订阅解析失败:
[2026-08-12 05:22:47] - https://geekinney.com/index.xml
[2026-08-12 05:22:47] - https://suus.me/atom.xml
[2026-08-12 05:22:47] - https://ilogs.cn/feed/
[2026-08-12 05:22:47] - https://writings.howsoonisnow.org/blog/feed/feed.xml
[2026-08-12 05:22:47] - https://www.moraex.com/feed
[2026-08-12 05:22:47] - https://sizheng.org/feed
[2026-08-12 05:22:47] - https://4op.top/index.xml
[2026-08-12 05:22:47] - https://feng.pub/feed
[2026-08-12 05:22:47] - https://www.laruence.com/feed
[2026-08-12 05:22:47] - https://ayayy.com/feed/
[2026-08-12 05:22:47] ✘ 有 1 条订阅头像字段为空, 已使用默认头像:
[2026-08-12 05:22:47] - https://jt26wzz.com/rss.xml
[2026-08-12 07:04:30] 本次订阅抓取结果统计:
[2026-08-12 07:04:30] 共 54 条RSS, 成功抓取 45 条.
[2026-08-12 07:04:30] ✘ 有 9 条订阅解析失败:
[2026-08-12 07:04:30] - https://geekinney.com/index.xml
[2026-08-12 07:04:30] - https://suus.me/atom.xml
[2026-08-12 07:04:30] - https://ilogs.cn/feed/
[2026-08-12 07:04:30] - https://writings.howsoonisnow.org/blog/feed/feed.xml
[2026-08-12 07:04:30] - https://www.moraex.com/feed
[2026-08-12 07:04:30] - https://sizheng.org/feed
[2026-08-12 07:04:30] - https://4op.top/index.xml
[2026-08-12 07:04:30] - https://feng.pub/feed
[2026-08-12 07:04:30] - https://ayayy.com/feed/
[2026-08-12 07:04:30] ✘ 有 1 条订阅头像字段为空, 已使用默认头像:
[2026-08-12 07:04:30] - https://jt26wzz.com/rss.xml
[2026-08-12 08:58:57] 抓取到的文章与现有数据相同，无需更新。
[2026-08-12 09:57:28] 抓取到的文章与现有数据相同，无需更新。
[2026-08-12 10:52:59] 抓取到的文章与现有数据相同，无需更新。
[2026-08-12 11:38:11] 抓取到的文章与现有数据相同，无需更新。
[2026-08-12 12:40:12] 本次订阅抓取结果统计:
[2026-08-12 12:40:12] 共 54 条RSS, 成功抓取 43 条.
[2026-08-12 12:40:12] ✘ 有 11 条订阅解析失败:
[2026-08-12 12:40:12] - https://geekinney.com/index.xml
[2026-08-12 12:40:12] - https://suus.me/atom.xml
[2026-08-12 12:40:12] - https://ilogs.cn/feed/
[2026-08-12 12:40:12] - https://writings.howsoonisnow.org/blog/feed/feed.xml
[2026-08-12 12:40:12] - https://www.moraex.com/feed
[2026-08-12 12:40:12] - https://sizheng.org/feed
[2026-08-12 12:40:12] - https://4op.top/index.xml
[2026-08-12 12:40:12] - https://feng.pub/feed
[2026-08-12 12:40:12] - https://bluehe.cn/rss.xml
[2026-08-12 12:40:12] - http://www.cyys.net/wp/feed
[2026-08-12 12:40:12] - https://ayayy.com/feed/
[2026-08-12 12:40:12] ✘ 有 1 条订阅头像字段为空, 已使用默认头像:
[2026-08-12 12:40:12] - https://jt26wzz.com/rss.xml
[2026-08-12 14:11:57] 本次订阅抓取结果统计:
[2026-08-12 14:11:57] 共 54 条RSS, 成功抓取 44 条.
[2026-08-12 14:11:57] ✘ 有 10 条订阅解析失败:
[2026-08-12 14:11:57] - https://geekinney.com/index.xml
[2026-08-12 14:11:57] - https://suus.me/atom.xml
[2026-08-12 14:11:57] - https://ilogs.cn/feed/
[2026-08-12 14:11:57] - https://writings.howsoonisnow.org/blog/feed/feed.xml
[2026-08-12 14:11:57] - https://www.moraex.com/feed
[2026-08-12 14:11:57] - https://sizheng.org/feed
[2026-08-12 14:11:57] - https://4op.top/index.xml
[2026-08-12 14:11:57] - https://feng.pub/feed
[2026-08-12 14:11:57] - http://www.cyys.net/wp/feed
[2026-08-12 14:11:57] - https://ayayy.com/feed/
[2026-08-12 14:11:57] ✘ 有 1 条订阅头像字段为空, 已使用默认头像:
[2026-08-12 14:11:57] - https://jt26wzz.com/rss.xml
[2026-08-12 15:48:03] 本次订阅抓取结果统计:
[2026-08-12 15:48:03] 共 54 条RSS, 成功抓取 45 条.
[2026-08-12 15:48:03] ✘ 有 9 条订阅解析失败:
[2026-08-12 15:48:03] - https://geekinney.com/index.xml
[2026-08-12 15:48:03] - https://suus.me/atom.xml
[2026-08-12 15:48:03] - https://ilogs.cn/feed/
[2026-08-12 15:48:03] - https://www.moraex.com/feed
[2026-08-12 15:48:03] - https://sizheng.org/feed
[2026-08-12 15:48:03] - https://4op.top/index.xml
[2026-08-12 15:48:03] - https://writings.howsoonisnow.org/blog/feed/feed.xml
[2026-08-12 15:48:03] - https://feng.pub/feed
[2026-08-12 15:48:03] - https://ayayy.com/feed/
[2026-08-12 15:48:03] ✘ 有 1 条订阅头像字段为空, 已使用默认头像:
[2026-08-12 15:48:03] - https://jt26wzz.com/rss.xml
[2026-08-12 16:44:21] 抓取到的文章与现有数据相同，无需更新。
[2026-08-12 17:48:52] 抓取到的文章与现有数据相同，无需更新。
[2026-08-12 18:44:40] 抓取到的文章与现有数据相同，无需更新。
[2026-08-12 19:55:02] 抓取到的文章与现有数据相同，无需更新。
[2026-08-12 20:30:33] 本次订阅抓取结果统计:
[2026-08-12 20:30:33] 共 54 条RSS, 成功抓取 43 条.
[2026-08-12 20:30:33] ✘ 有 11 条订阅解析失败:
[2026-08-12 20:30:33] - https://tumutanzi.com/feed
[2026-08-12 20:30:33] - https://geekinney.com/index.xml
[2026-08-12 20:30:33] - https://suus.me/atom.xml
[2026-08-12 20:30:33] - https://leixus.cn/index.php/feed/
[2026-08-12 20:30:33] - https://writings.howsoonisnow.org/blog/feed/feed.xml
[2026-08-12 20:30:33] - https://www.moraex.com/feed
[2026-08-12 20:30:33] - https://ilogs.cn/feed/
[2026-08-12 20:30:33] - https://sizheng.org/feed
[2026-08-12 20:30:33] - https://4op.top/index.xml
[2026-08-12 20:30:33] - https://feng.pub/feed
[2026-08-12 20:30:33] - https://ayayy.com/feed/
[2026-08-12 20:30:33] ✘ 有 1 条订阅头像字段为空, 已使用默认头像:
[2026-08-12 20:30:33] - https://jt26wzz.com/rss.xml
