[2026-08-01 01:30:49] 本次订阅抓取结果统计:
[2026-08-01 01:30:49] 共 54 条RSS, 成功抓取 44 条.
[2026-08-01 01:30:49] ✘ 有 10 条订阅解析失败:
[2026-08-01 01:30:49] - https://tumutanzi.com/feed
[2026-08-01 01:30:49] - https://geekinney.com/index.xml
[2026-08-01 01:30:49] - https://suus.me/atom.xml
[2026-08-01 01:30:49] - https://www.shephe.com/feed
[2026-08-01 01:30:49] - https://www.moraex.com/feed
[2026-08-01 01:30:49] - https://writings.howsoonisnow.org/blog/feed/feed.xml
[2026-08-01 01:30:49] - https://ilogs.cn/feed/
[2026-08-01 01:30:49] - https://sizheng.org/feed
[2026-08-01 01:30:49] - https://4op.top/index.xml
[2026-08-01 01:30:49] - https://ayayy.com/feed/
[2026-08-01 01:30:49] ✘ 有 1 条订阅头像字段为空, 已使用默认头像:
[2026-08-01 01:30:49] - https://jt26wzz.com/rss.xml
[2026-08-01 05:15:15] 抓取到的文章与现有数据相同，无需更新。
[2026-08-01 07:59:13] 本次订阅抓取结果统计:
[2026-08-01 07:59:13] 共 54 条RSS, 成功抓取 45 条.
[2026-08-01 07:59:13] ✘ 有 9 条订阅解析失败:
[2026-08-01 07:59:13] - https://geekinney.com/index.xml
[2026-08-01 07:59:13] - https://suus.me/atom.xml
[2026-08-01 07:59:13] - https://www.shephe.com/feed
[2026-08-01 07:59:13] - https://ilogs.cn/feed/
[2026-08-01 07:59:13] - https://writings.howsoonisnow.org/blog/feed/feed.xml
[2026-08-01 07:59:13] - https://sizheng.org/feed
[2026-08-01 07:59:13] - https://www.moraex.com/feed
[2026-08-01 07:59:13] - https://4op.top/index.xml
[2026-08-01 07:59:13] - https://ayayy.com/feed/
[2026-08-01 07:59:13] ✘ 有 1 条订阅头像字段为空, 已使用默认头像:
[2026-08-01 07:59:13] - https://jt26wzz.com/rss.xml
[2026-08-01 09:55:33] 抓取到的文章与现有数据相同，无需更新。
[2026-08-01 11:09:31] 本次订阅抓取结果统计:
[2026-08-01 11:09:31] 共 54 条RSS, 成功抓取 44 条.
[2026-08-01 11:09:31] ✘ 有 10 条订阅解析失败:
[2026-08-01 11:09:31] - https://geekinney.com/index.xml
[2026-08-01 11:09:31] - https://tumutanzi.com/feed
[2026-08-01 11:09:31] - https://suus.me/atom.xml
[2026-08-01 11:09:31] - https://ilogs.cn/feed/
[2026-08-01 11:09:31] - https://writings.howsoonisnow.org/blog/feed/feed.xml
[2026-08-01 11:09:31] - https://www.moraex.com/feed
[2026-08-01 11:09:31] - https://sizheng.org/feed
[2026-08-01 11:09:31] - https://4op.top/index.xml
[2026-08-01 11:09:31] - https://ayayy.com/feed/
[2026-08-01 11:09:31] - https://www.shephe.com/feed
[2026-08-01 11:09:31] ✘ 有 1 条订阅头像字段为空, 已使用默认头像:
[2026-08-01 11:09:31] - https://jt26wzz.com/rss.xml
[2026-08-01 12:51:25] 本次订阅抓取结果统计:
[2026-08-01 12:51:25] 共 54 条RSS, 成功抓取 45 条.
[2026-08-01 12:51:25] ✘ 有 9 条订阅解析失败:
[2026-08-01 12:51:25] - https://geekinney.com/index.xml
[2026-08-01 12:51:25] - https://suus.me/atom.xml
[2026-08-01 12:51:25] - https://writings.howsoonisnow.org/blog/feed/feed.xml
[2026-08-01 12:51:25] - https://ilogs.cn/feed/
[2026-08-01 12:51:25] - https://www.moraex.com/feed
[2026-08-01 12:51:25] - https://sizheng.org/feed
[2026-08-01 12:51:25] - https://www.shephe.com/feed
[2026-08-01 12:51:25] - https://4op.top/index.xml
[2026-08-01 12:51:25] - https://ayayy.com/feed/
[2026-08-01 12:51:25] ✘ 有 1 条订阅头像字段为空, 已使用默认头像:
[2026-08-01 12:51:25] - https://jt26wzz.com/rss.xml
[2026-08-01 14:19:54] 抓取到的文章与现有数据相同，无需更新。
[2026-08-01 15:50:37] [WARN] 加载头像映射失败: failed to fetch avatar map, status code: 525
