[2026-08-11 00:48:02] 本次订阅抓取结果统计:
[2026-08-11 00:48:02] 共 54 条RSS, 成功抓取 45 条.
[2026-08-11 00:48:02] ✘ 有 9 条订阅解析失败:
[2026-08-11 00:48:02] - https://geekinney.com/index.xml
[2026-08-11 00:48:02] - https://suus.me/atom.xml
[2026-08-11 00:48:02] - https://ilogs.cn/feed/
[2026-08-11 00:48:02] - https://writings.howsoonisnow.org/blog/feed/feed.xml
[2026-08-11 00:48:02] - https://sizheng.org/feed
[2026-08-11 00:48:02] - https://4op.top/index.xml
[2026-08-11 00:48:02] - https://www.moraex.com/feed
[2026-08-11 00:48:02] - https://ayayy.com/feed/
[2026-08-11 00:48:02] - https://feng.pub/feed
[2026-08-11 00:48:02] ✘ 有 1 条订阅头像字段为空, 已使用默认头像:
[2026-08-11 00:48:02] - https://jt26wzz.com/rss.xml
[2026-08-11 02:57:57] 本次订阅抓取结果统计:
[2026-08-11 02:57:57] 共 54 条RSS, 成功抓取 45 条.
[2026-08-11 02:57:57] ✘ 有 9 条订阅解析失败:
[2026-08-11 02:57:57] - https://geekinney.com/index.xml
[2026-08-11 02:57:57] - https://suus.me/atom.xml
[2026-08-11 02:57:57] - https://ilogs.cn/feed/
[2026-08-11 02:57:57] - https://writings.howsoonisnow.org/blog/feed/feed.xml
[2026-08-11 02:57:57] - https://sizheng.org/feed
[2026-08-11 02:57:57] - https://www.moraex.com/feed
[2026-08-11 02:57:57] - https://4op.top/index.xml
[2026-08-11 02:57:57] - https://ayayy.com/feed/
[2026-08-11 02:57:57] - https://feng.pub/feed
[2026-08-11 02:57:57] ✘ 有 1 条订阅头像字段为空, 已使用默认头像:
[2026-08-11 02:57:57] - https://jt26wzz.com/rss.xml
[2026-08-11 05:45:22] 抓取到的文章与现有数据相同，无需更新。
