[2026-08-04 01:56:13] 抓取到的文章与现有数据相同，无需更新。
[2026-08-04 04:53:22] 本次订阅抓取结果统计:
[2026-08-04 04:53:22] 共 54 条RSS, 成功抓取 45 条.
[2026-08-04 04:53:22] ✘ 有 9 条订阅解析失败:
[2026-08-04 04:53:22] - https://geekinney.com/index.xml
[2026-08-04 04:53:22] - https://suus.me/atom.xml
[2026-08-04 04:53:22] - https://writings.howsoonisnow.org/blog/feed/feed.xml
[2026-08-04 04:53:22] - https://ilogs.cn/feed/
[2026-08-04 04:53:22] - https://www.moraex.com/feed
[2026-08-04 04:53:22] - https://www.shephe.com/feed
[2026-08-04 04:53:22] - https://sizheng.org/feed
[2026-08-04 04:53:22] - https://4op.top/index.xml
[2026-08-04 04:53:22] - https://ayayy.com/feed/
[2026-08-04 04:53:22] ✘ 有 1 条订阅头像字段为空, 已使用默认头像:
[2026-08-04 04:53:22] - https://jt26wzz.com/rss.xml
[2026-08-04 07:29:51] 本次订阅抓取结果统计:
[2026-08-04 07:29:51] 共 54 条RSS, 成功抓取 44 条.
[2026-08-04 07:29:51] ✘ 有 10 条订阅解析失败:
[2026-08-04 07:29:51] - https://geekinney.com/index.xml
[2026-08-04 07:29:51] - https://tumutanzi.com/feed
[2026-08-04 07:29:51] - https://suus.me/atom.xml
[2026-08-04 07:29:51] - https://ilogs.cn/feed/
[2026-08-04 07:29:51] - https://www.moraex.com/feed
[2026-08-04 07:29:51] - https://www.shephe.com/feed
[2026-08-04 07:29:51] - https://writings.howsoonisnow.org/blog/feed/feed.xml
[2026-08-04 07:29:51] - https://sizheng.org/feed
[2026-08-04 07:29:51] - https://4op.top/index.xml
[2026-08-04 07:29:51] - https://ayayy.com/feed/
[2026-08-04 07:29:51] ✘ 有 1 条订阅头像字段为空, 已使用默认头像:
[2026-08-04 07:29:51] - https://jt26wzz.com/rss.xml
