[2026-09-20 02:03:01] 本次订阅抓取结果统计:
[2026-09-20 02:03:01] 共 54 条RSS, 成功抓取 42 条.
[2026-09-20 02:03:01] ✘ 有 12 条订阅解析失败:
[2026-09-20 02:03:01] - https://geekinney.com/index.xml
[2026-09-20 02:03:01] - https://timyang.net/feed/
[2026-09-20 02:03:01] - https://suus.me/atom.xml
[2026-09-20 02:03:01] - https://www.mrhe.net/feed
[2026-09-20 02:03:01] - https://www.shephe.com/feed
[2026-09-20 02:03:01] - https://writings.howsoonisnow.org/blog/feed/feed.xml
[2026-09-20 02:03:01] - https://ilogs.cn/feed/
[2026-09-20 02:03:01] - https://sizheng.org/feed
[2026-09-20 02:03:01] - https://4op.top/index.xml
[2026-09-20 02:03:01] - https://ayayy.com/feed/
[2026-09-20 02:03:01] - https://feng.pub/feed
[2026-09-20 02:03:01] - https://yufan.me/feed
[2026-09-20 02:03:01] ✘ 有 1 条订阅头像字段为空, 已使用默认头像:
[2026-09-20 02:03:01] - https://jt26wzz.com/rss.xml
[2026-09-20 07:59:20] 本次订阅抓取结果统计:
[2026-09-20 07:59:20] 共 54 条RSS, 成功抓取 42 条.
[2026-09-20 07:59:20] ✘ 有 12 条订阅解析失败:
[2026-09-20 07:59:20] - https://geekinney.com/index.xml
[2026-09-20 07:59:20] - https://timyang.net/feed/
[2026-09-20 07:59:20] - https://suus.me/atom.xml
[2026-09-20 07:59:20] - https://www.mrhe.net/feed
[2026-09-20 07:59:20] - https://www.shephe.com/feed
[2026-09-20 07:59:20] - https://writings.howsoonisnow.org/blog/feed/feed.xml
[2026-09-20 07:59:20] - https://ilogs.cn/feed/
[2026-09-20 07:59:20] - https://sizheng.org/feed
[2026-09-20 07:59:20] - https://4op.top/index.xml
[2026-09-20 07:59:20] - https://ayayy.com/feed/
[2026-09-20 07:59:20] - https://feng.pub/feed
[2026-09-20 07:59:20] - https://yufan.me/feed
[2026-09-20 07:59:20] ✘ 有 1 条订阅头像字段为空, 已使用默认头像:
[2026-09-20 07:59:20] - https://jt26wzz.com/rss.xml
[2026-09-20 12:50:57] 抓取到的文章与现有数据相同，无需更新。
[2026-09-20 16:36:07] 本次订阅抓取结果统计:
[2026-09-20 16:36:07] 共 54 条RSS, 成功抓取 42 条.
[2026-09-20 16:36:07] ✘ 有 12 条订阅解析失败:
[2026-09-20 16:36:07] - https://geekinney.com/index.xml
[2026-09-20 16:36:07] - https://suus.me/atom.xml
[2026-09-20 16:36:07] - https://timyang.net/feed/
[2026-09-20 16:36:07] - https://www.mrhe.net/feed
[2026-09-20 16:36:07] - https://www.shephe.com/feed
[2026-09-20 16:36:07] - https://writings.howsoonisnow.org/blog/feed/feed.xml
[2026-09-20 16:36:07] - https://ilogs.cn/feed/
[2026-09-20 16:36:07] - https://sizheng.org/feed
[2026-09-20 16:36:07] - https://4op.top/index.xml
[2026-09-20 16:36:07] - https://ayayy.com/feed/
[2026-09-20 16:36:07] - https://feng.pub/feed
[2026-09-20 16:36:07] - https://yufan.me/feed
[2026-09-20 16:36:07] ✘ 有 1 条订阅头像字段为空, 已使用默认头像:
[2026-09-20 16:36:07] - https://jt26wzz.com/rss.xml
