[2026-08-08 00:43:43] 本次订阅抓取结果统计:
[2026-08-08 00:43:43] 共 54 条RSS, 成功抓取 45 条.
[2026-08-08 00:43:43] ✘ 有 9 条订阅解析失败:
[2026-08-08 00:43:43] - https://geekinney.com/index.xml
[2026-08-08 00:43:43] - https://suus.me/atom.xml
[2026-08-08 00:43:43] - https://writings.howsoonisnow.org/blog/feed/feed.xml
[2026-08-08 00:43:43] - https://www.moraex.com/feed
[2026-08-08 00:43:43] - https://ilogs.cn/feed/
[2026-08-08 00:43:43] - https://sizheng.org/feed
[2026-08-08 00:43:43] - https://4op.top/index.xml
[2026-08-08 00:43:43] - https://ayayy.com/feed/
[2026-08-08 00:43:43] - https://feng.pub/feed
[2026-08-08 00:43:43] ✘ 有 1 条订阅头像字段为空, 已使用默认头像:
[2026-08-08 00:43:43] - https://jt26wzz.com/rss.xml
[2026-08-08 02:48:10] 本次订阅抓取结果统计:
[2026-08-08 02:48:10] 共 54 条RSS, 成功抓取 45 条.
[2026-08-08 02:48:10] ✘ 有 9 条订阅解析失败:
[2026-08-08 02:48:10] - https://geekinney.com/index.xml
[2026-08-08 02:48:10] - https://suus.me/atom.xml
[2026-08-08 02:48:10] - https://ilogs.cn/feed/
[2026-08-08 02:48:10] - https://writings.howsoonisnow.org/blog/feed/feed.xml
[2026-08-08 02:48:10] - https://www.moraex.com/feed
[2026-08-08 02:48:10] - https://sizheng.org/feed
[2026-08-08 02:48:10] - https://4op.top/index.xml
[2026-08-08 02:48:10] - https://ayayy.com/feed/
[2026-08-08 02:48:10] - https://feng.pub/feed
[2026-08-08 02:48:10] ✘ 有 1 条订阅头像字段为空, 已使用默认头像:
[2026-08-08 02:48:10] - https://jt26wzz.com/rss.xml
[2026-08-08 04:02:31] 本次订阅抓取结果统计:
[2026-08-08 04:02:31] 共 54 条RSS, 成功抓取 43 条.
[2026-08-08 04:02:31] ✘ 有 11 条订阅解析失败:
[2026-08-08 04:02:31] - https://geekinney.com/index.xml
[2026-08-08 04:02:31] - https://suus.me/atom.xml
[2026-08-08 04:02:31] - https://laike9m.com/blog/rss/
[2026-08-08 04:02:31] - https://writings.howsoonisnow.org/blog/feed/feed.xml
[2026-08-08 04:02:31] - https://ilogs.cn/feed/
[2026-08-08 04:02:31] - https://www.moraex.com/feed
[2026-08-08 04:02:31] - https://sizheng.org/feed
[2026-08-08 04:02:31] - https://4op.top/index.xml
[2026-08-08 04:02:31] - https://note.redcha.cn/rss.xml
[2026-08-08 04:02:31] - https://ayayy.com/feed/
[2026-08-08 04:02:31] - https://feng.pub/feed
[2026-08-08 04:02:31] ✘ 有 1 条订阅头像字段为空, 已使用默认头像:
[2026-08-08 04:02:31] - https://jt26wzz.com/rss.xml
[2026-08-08 05:34:02] 本次订阅抓取结果统计:
[2026-08-08 05:34:02] 共 54 条RSS, 成功抓取 44 条.
[2026-08-08 05:34:02] ✘ 有 10 条订阅解析失败:
[2026-08-08 05:34:02] - https://geekinney.com/index.xml
[2026-08-08 05:34:02] - https://suus.me/atom.xml
[2026-08-08 05:34:02] - https://ilogs.cn/feed/
[2026-08-08 05:34:02] - https://writings.howsoonisnow.org/blog/feed/feed.xml
[2026-08-08 05:34:02] - https://www.moraex.com/feed
[2026-08-08 05:34:02] - https://sizheng.org/feed
[2026-08-08 05:34:02] - https://4op.top/index.xml
[2026-08-08 05:34:02] - https://ayayy.com/feed/
[2026-08-08 05:34:02] - https://feng.pub/feed
[2026-08-08 05:34:02] - https://note.redcha.cn/rss.xml
[2026-08-08 05:34:02] ✘ 有 1 条订阅头像字段为空, 已使用默认头像:
[2026-08-08 05:34:02] - https://jt26wzz.com/rss.xml
[2026-08-08 06:31:11] 抓取到的文章与现有数据相同，无需更新。
[2026-08-08 07:39:20] 抓取到的文章与现有数据相同，无需更新。
