[2026-09-18 01:54:44] 本次订阅抓取结果统计:
[2026-09-18 01:54:44] 共 54 条RSS, 成功抓取 42 条.
[2026-09-18 01:54:44] ✘ 有 12 条订阅解析失败:
[2026-09-18 01:54:44] - https://geekinney.com/index.xml
[2026-09-18 01:54:44] - https://suus.me/atom.xml
[2026-09-18 01:54:44] - https://timyang.net/feed/
[2026-09-18 01:54:44] - https://www.mrhe.net/feed
[2026-09-18 01:54:44] - https://www.shephe.com/feed
[2026-09-18 01:54:44] - https://writings.howsoonisnow.org/blog/feed/feed.xml
[2026-09-18 01:54:44] - https://ilogs.cn/feed/
[2026-09-18 01:54:44] - https://sizheng.org/feed
[2026-09-18 01:54:44] - https://4op.top/index.xml
[2026-09-18 01:54:44] - https://ayayy.com/feed/
[2026-09-18 01:54:44] - https://feng.pub/feed
[2026-09-18 01:54:44] - https://yufan.me/feed
[2026-09-18 01:54:44] ✘ 有 1 条订阅头像字段为空, 已使用默认头像:
[2026-09-18 01:54:44] - https://jt26wzz.com/rss.xml
[2026-09-18 06:49:22] 本次订阅抓取结果统计:
[2026-09-18 06:49:22] 共 54 条RSS, 成功抓取 42 条.
[2026-09-18 06:49:22] ✘ 有 12 条订阅解析失败:
[2026-09-18 06:49:22] - https://geekinney.com/index.xml
[2026-09-18 06:49:22] - https://timyang.net/feed/
[2026-09-18 06:49:22] - https://suus.me/atom.xml
[2026-09-18 06:49:22] - https://www.mrhe.net/feed
[2026-09-18 06:49:22] - https://writings.howsoonisnow.org/blog/feed/feed.xml
[2026-09-18 06:49:22] - https://www.shephe.com/feed
[2026-09-18 06:49:22] - https://ilogs.cn/feed/
[2026-09-18 06:49:22] - https://sizheng.org/feed
[2026-09-18 06:49:22] - https://4op.top/index.xml
[2026-09-18 06:49:22] - https://ayayy.com/feed/
[2026-09-18 06:49:22] - https://feng.pub/feed
[2026-09-18 06:49:22] - https://yufan.me/feed
[2026-09-18 06:49:22] ✘ 有 1 条订阅头像字段为空, 已使用默认头像:
[2026-09-18 06:49:22] - https://jt26wzz.com/rss.xml
[2026-09-18 11:57:43] 本次订阅抓取结果统计:
[2026-09-18 11:57:43] 共 54 条RSS, 成功抓取 42 条.
[2026-09-18 11:57:43] ✘ 有 12 条订阅解析失败:
[2026-09-18 11:57:43] - https://geekinney.com/index.xml
[2026-09-18 11:57:43] - https://timyang.net/feed/
[2026-09-18 11:57:43] - https://suus.me/atom.xml
[2026-09-18 11:57:43] - https://www.mrhe.net/feed
[2026-09-18 11:57:43] - https://www.shephe.com/feed
[2026-09-18 11:57:43] - https://writings.howsoonisnow.org/blog/feed/feed.xml
[2026-09-18 11:57:43] - https://ilogs.cn/feed/
[2026-09-18 11:57:43] - https://sizheng.org/feed
[2026-09-18 11:57:43] - https://4op.top/index.xml
[2026-09-18 11:57:43] - https://ayayy.com/feed/
[2026-09-18 11:57:43] - https://feng.pub/feed
[2026-09-18 11:57:43] - https://yufan.me/feed
[2026-09-18 11:57:43] ✘ 有 1 条订阅头像字段为空, 已使用默认头像:
[2026-09-18 11:57:43] - https://jt26wzz.com/rss.xml
[2026-09-18 15:32:48] 抓取到的文章与现有数据相同，无需更新。
[2026-09-18 18:43:23] 本次订阅抓取结果统计:
[2026-09-18 18:43:23] 共 54 条RSS, 成功抓取 42 条.
[2026-09-18 18:43:23] ✘ 有 12 条订阅解析失败:
[2026-09-18 18:43:23] - https://geekinney.com/index.xml
[2026-09-18 18:43:23] - https://suus.me/atom.xml
[2026-09-18 18:43:23] - https://timyang.net/feed/
[2026-09-18 18:43:23] - https://www.mrhe.net/feed
[2026-09-18 18:43:23] - https://www.shephe.com/feed
[2026-09-18 18:43:23] - https://writings.howsoonisnow.org/blog/feed/feed.xml
[2026-09-18 18:43:23] - https://ilogs.cn/feed/
[2026-09-18 18:43:23] - https://sizheng.org/feed
[2026-09-18 18:43:23] - https://4op.top/index.xml
[2026-09-18 18:43:23] - https://ayayy.com/feed/
[2026-09-18 18:43:23] - https://feng.pub/feed
[2026-09-18 18:43:23] - https://yufan.me/feed
[2026-09-18 18:43:23] ✘ 有 1 条订阅头像字段为空, 已使用默认头像:
[2026-09-18 18:43:23] - https://jt26wzz.com/rss.xml
[2026-09-18 21:20:42] 抓取到的文章与现有数据相同，无需更新。
