[2026-09-09 00:48:13] 抓取到的文章与现有数据相同，无需更新。
[2026-09-09 05:28:31] 本次订阅抓取结果统计:
[2026-09-09 05:28:31] 共 54 条RSS, 成功抓取 43 条.
[2026-09-09 05:28:31] ✘ 有 11 条订阅解析失败:
[2026-09-09 05:28:31] - https://geekinney.com/index.xml
[2026-09-09 05:28:31] - https://timyang.net/feed/
[2026-09-09 05:28:31] - https://suus.me/atom.xml
[2026-09-09 05:28:31] - https://www.mrhe.net/feed
[2026-09-09 05:28:31] - https://www.shephe.com/feed
[2026-09-09 05:28:31] - https://writings.howsoonisnow.org/blog/feed/feed.xml
[2026-09-09 05:28:31] - https://ilogs.cn/feed/
[2026-09-09 05:28:31] - https://sizheng.org/feed
[2026-09-09 05:28:31] - https://4op.top/index.xml
[2026-09-09 05:28:31] - https://ayayy.com/feed/
[2026-09-09 05:28:31] - https://feng.pub/feed
[2026-09-09 05:28:31] ✘ 有 1 条订阅头像字段为空, 已使用默认头像:
[2026-09-09 05:28:31] - https://jt26wzz.com/rss.xml
[2026-09-09 10:16:12] 本次订阅抓取结果统计:
[2026-09-09 10:16:12] 共 54 条RSS, 成功抓取 43 条.
[2026-09-09 10:16:12] ✘ 有 11 条订阅解析失败:
[2026-09-09 10:16:12] - https://geekinney.com/index.xml
[2026-09-09 10:16:12] - https://timyang.net/feed/
[2026-09-09 10:16:12] - https://suus.me/atom.xml
[2026-09-09 10:16:12] - https://www.mrhe.net/feed
[2026-09-09 10:16:12] - https://writings.howsoonisnow.org/blog/feed/feed.xml
[2026-09-09 10:16:12] - https://ilogs.cn/feed/
[2026-09-09 10:16:12] - https://sizheng.org/feed
[2026-09-09 10:16:12] - https://4op.top/index.xml
[2026-09-09 10:16:12] - https://ayayy.com/feed/
[2026-09-09 10:16:12] - https://feng.pub/feed
[2026-09-09 10:16:12] - https://www.shephe.com/feed
[2026-09-09 10:16:12] ✘ 有 1 条订阅头像字段为空, 已使用默认头像:
[2026-09-09 10:16:12] - https://jt26wzz.com/rss.xml
[2026-09-09 14:52:23] 本次订阅抓取结果统计:
[2026-09-09 14:52:23] 共 54 条RSS, 成功抓取 43 条.
[2026-09-09 14:52:23] ✘ 有 11 条订阅解析失败:
[2026-09-09 14:52:23] - https://geekinney.com/index.xml
[2026-09-09 14:52:23] - https://suus.me/atom.xml
[2026-09-09 14:52:23] - https://timyang.net/feed/
[2026-09-09 14:52:23] - https://www.mrhe.net/feed
[2026-09-09 14:52:23] - https://ilogs.cn/feed/
[2026-09-09 14:52:23] - https://writings.howsoonisnow.org/blog/feed/feed.xml
[2026-09-09 14:52:23] - https://www.shephe.com/feed
[2026-09-09 14:52:23] - https://sizheng.org/feed
[2026-09-09 14:52:23] - https://4op.top/index.xml
[2026-09-09 14:52:23] - https://feng.pub/feed
[2026-09-09 14:52:23] - https://ayayy.com/feed/
[2026-09-09 14:52:23] ✘ 有 1 条订阅头像字段为空, 已使用默认头像:
[2026-09-09 14:52:23] - https://jt26wzz.com/rss.xml
[2026-09-09 18:06:12] 抓取到的文章与现有数据相同，无需更新。
[2026-09-09 21:19:57] 抓取到的文章与现有数据相同，无需更新。
[2026-09-09 23:37:25] 抓取到的文章与现有数据相同，无需更新。
