[2026-08-17 00:32:13] 抓取到的文章与现有数据相同，无需更新。
[2026-08-17 02:12:38] 本次订阅抓取结果统计:
[2026-08-17 02:12:38] 共 54 条RSS, 成功抓取 44 条.
[2026-08-17 02:12:38] ✘ 有 10 条订阅解析失败:
[2026-08-17 02:12:38] - https://geekinney.com/index.xml
[2026-08-17 02:12:38] - https://suus.me/atom.xml
[2026-08-17 02:12:38] - https://ilogs.cn/feed/
[2026-08-17 02:12:38] - https://writings.howsoonisnow.org/blog/feed/feed.xml
[2026-08-17 02:12:38] - https://www.moraex.com/feed
[2026-08-17 02:12:38] - https://sizheng.org/feed
[2026-08-17 02:12:38] - https://4op.top/index.xml
[2026-08-17 02:12:38] - https://feng.pub/feed
[2026-08-17 02:12:38] - https://note.redcha.cn/rss.xml
[2026-08-17 02:12:38] - https://ayayy.com/feed/
[2026-08-17 02:12:38] ✘ 有 1 条订阅头像字段为空, 已使用默认头像:
[2026-08-17 02:12:38] - https://jt26wzz.com/rss.xml
[2026-08-17 03:39:10] 本次订阅抓取结果统计:
[2026-08-17 03:39:10] 共 54 条RSS, 成功抓取 44 条.
[2026-08-17 03:39:10] ✘ 有 10 条订阅解析失败:
[2026-08-17 03:39:10] - https://geekinney.com/index.xml
[2026-08-17 03:39:10] - https://suus.me/atom.xml
[2026-08-17 03:39:10] - https://ilogs.cn/feed/
[2026-08-17 03:39:10] - https://www.moraex.com/feed
[2026-08-17 03:39:10] - https://writings.howsoonisnow.org/blog/feed/feed.xml
[2026-08-17 03:39:10] - https://sizheng.org/feed
[2026-08-17 03:39:10] - https://4op.top/index.xml
[2026-08-17 03:39:10] - https://feng.pub/feed
[2026-08-17 03:39:10] - https://note.redcha.cn/rss.xml
[2026-08-17 03:39:10] - https://ayayy.com/feed/
[2026-08-17 03:39:10] ✘ 有 1 条订阅头像字段为空, 已使用默认头像:
[2026-08-17 03:39:10] - https://jt26wzz.com/rss.xml
[2026-08-17 04:46:56] 本次订阅抓取结果统计:
[2026-08-17 04:46:56] 共 54 条RSS, 成功抓取 44 条.
[2026-08-17 04:46:56] ✘ 有 10 条订阅解析失败:
[2026-08-17 04:46:56] - https://geekinney.com/index.xml
[2026-08-17 04:46:56] - https://suus.me/atom.xml
[2026-08-17 04:46:56] - https://ilogs.cn/feed/
[2026-08-17 04:46:56] - https://www.moraex.com/feed
[2026-08-17 04:46:56] - https://writings.howsoonisnow.org/blog/feed/feed.xml
[2026-08-17 04:46:56] - https://sizheng.org/feed
[2026-08-17 04:46:56] - https://4op.top/index.xml
[2026-08-17 04:46:56] - https://feng.pub/feed
[2026-08-17 04:46:56] - https://note.redcha.cn/rss.xml
[2026-08-17 04:46:56] - https://ayayy.com/feed/
[2026-08-17 04:46:56] ✘ 有 1 条订阅头像字段为空, 已使用默认头像:
[2026-08-17 04:46:56] - https://jt26wzz.com/rss.xml
[2026-08-17 05:25:15] 本次订阅抓取结果统计:
[2026-08-17 05:25:15] 共 54 条RSS, 成功抓取 43 条.
[2026-08-17 05:25:15] ✘ 有 11 条订阅解析失败:
[2026-08-17 05:25:15] - https://geekinney.com/index.xml
[2026-08-17 05:25:15] - https://suus.me/atom.xml
[2026-08-17 05:25:15] - https://www.moraex.com/feed
[2026-08-17 05:25:15] - https://ilogs.cn/feed/
[2026-08-17 05:25:15] - https://writings.howsoonisnow.org/blog/feed/feed.xml
[2026-08-17 05:25:15] - https://sizheng.org/feed
[2026-08-17 05:25:15] - https://4op.top/index.xml
[2026-08-17 05:25:15] - https://feng.pub/feed
[2026-08-17 05:25:15] - https://note.redcha.cn/rss.xml
[2026-08-17 05:25:15] - http://www.cyys.net/wp/feed
[2026-08-17 05:25:15] - https://ayayy.com/feed/
[2026-08-17 05:25:15] ✘ 有 1 条订阅头像字段为空, 已使用默认头像:
[2026-08-17 05:25:15] - https://jt26wzz.com/rss.xml
[2026-08-17 06:29:29] 本次订阅抓取结果统计:
[2026-08-17 06:29:29] 共 54 条RSS, 成功抓取 44 条.
[2026-08-17 06:29:29] ✘ 有 10 条订阅解析失败:
[2026-08-17 06:29:29] - https://geekinney.com/index.xml
[2026-08-17 06:29:29] - https://suus.me/atom.xml
[2026-08-17 06:29:29] - https://writings.howsoonisnow.org/blog/feed/feed.xml
[2026-08-17 06:29:29] - https://ilogs.cn/feed/
[2026-08-17 06:29:29] - https://www.moraex.com/feed
[2026-08-17 06:29:29] - https://sizheng.org/feed
[2026-08-17 06:29:29] - https://4op.top/index.xml
[2026-08-17 06:29:29] - https://feng.pub/feed
[2026-08-17 06:29:29] - https://note.redcha.cn/rss.xml
[2026-08-17 06:29:29] - https://ayayy.com/feed/
[2026-08-17 06:29:29] ✘ 有 1 条订阅头像字段为空, 已使用默认头像:
[2026-08-17 06:29:29] - https://jt26wzz.com/rss.xml
[2026-08-17 07:42:13] 本次订阅抓取结果统计:
[2026-08-17 07:42:13] 共 54 条RSS, 成功抓取 44 条.
[2026-08-17 07:42:13] ✘ 有 10 条订阅解析失败:
[2026-08-17 07:42:13] - https://geekinney.com/index.xml
[2026-08-17 07:42:13] - https://suus.me/atom.xml
[2026-08-17 07:42:13] - https://writings.howsoonisnow.org/blog/feed/feed.xml
[2026-08-17 07:42:13] - https://www.moraex.com/feed
[2026-08-17 07:42:13] - https://ilogs.cn/feed/
[2026-08-17 07:42:13] - https://sizheng.org/feed
[2026-08-17 07:42:13] - https://4op.top/index.xml
[2026-08-17 07:42:13] - https://feng.pub/feed
[2026-08-17 07:42:13] - https://note.redcha.cn/rss.xml
[2026-08-17 07:42:13] - https://ayayy.com/feed/
[2026-08-17 07:42:13] ✘ 有 1 条订阅头像字段为空, 已使用默认头像:
[2026-08-17 07:42:13] - https://jt26wzz.com/rss.xml
