[2026-08-22 00:32:24] 抓取到的文章与现有数据相同，无需更新。
[2026-08-22 02:07:57] 抓取到的文章与现有数据相同，无需更新。
[2026-08-22 03:32:48] 抓取到的文章与现有数据相同，无需更新。
[2026-08-22 04:20:58] 本次订阅抓取结果统计:
[2026-08-22 04:20:58] 共 54 条RSS, 成功抓取 44 条.
[2026-08-22 04:20:58] ✘ 有 10 条订阅解析失败:
[2026-08-22 04:20:58] - https://geekinney.com/index.xml
[2026-08-22 04:20:58] - https://suus.me/atom.xml
[2026-08-22 04:20:58] - https://www.shephe.com/feed
[2026-08-22 04:20:58] - https://ilogs.cn/feed/
[2026-08-22 04:20:58] - https://writings.howsoonisnow.org/blog/feed/feed.xml
[2026-08-22 04:20:58] - https://sizheng.org/feed
[2026-08-22 04:20:58] - https://www.moraex.com/feed
[2026-08-22 04:20:58] - https://4op.top/index.xml
[2026-08-22 04:20:58] - https://feng.pub/feed
[2026-08-22 04:20:58] - https://ayayy.com/feed/
[2026-08-22 04:20:58] ✘ 有 1 条订阅头像字段为空, 已使用默认头像:
[2026-08-22 04:20:58] - https://jt26wzz.com/rss.xml
[2026-08-22 05:16:52] 抓取到的文章与现有数据相同，无需更新。
[2026-08-22 06:19:14] 抓取到的文章与现有数据相同，无需更新。
[2026-08-22 07:22:15] 本次订阅抓取结果统计:
[2026-08-22 07:22:15] 共 54 条RSS, 成功抓取 42 条.
[2026-08-22 07:22:15] ✘ 有 12 条订阅解析失败:
[2026-08-22 07:22:15] - https://geekinney.com/index.xml
[2026-08-22 07:22:15] - https://tumutanzi.com/feed
[2026-08-22 07:22:15] - https://suus.me/atom.xml
[2026-08-22 07:22:15] - https://leixus.cn/index.php/feed/
[2026-08-22 07:22:15] - https://www.shephe.com/feed
[2026-08-22 07:22:15] - https://ilogs.cn/feed/
[2026-08-22 07:22:15] - https://writings.howsoonisnow.org/blog/feed/feed.xml
[2026-08-22 07:22:15] - https://sizheng.org/feed
[2026-08-22 07:22:15] - https://www.moraex.com/feed
[2026-08-22 07:22:15] - https://4op.top/index.xml
[2026-08-22 07:22:15] - https://feng.pub/feed
[2026-08-22 07:22:15] - https://ayayy.com/feed/
[2026-08-22 07:22:15] ✘ 有 1 条订阅头像字段为空, 已使用默认头像:
[2026-08-22 07:22:15] - https://jt26wzz.com/rss.xml
[2026-08-22 08:15:54] 本次订阅抓取结果统计:
[2026-08-22 08:15:54] 共 54 条RSS, 成功抓取 44 条.
[2026-08-22 08:15:54] ✘ 有 10 条订阅解析失败:
[2026-08-22 08:15:54] - https://geekinney.com/index.xml
[2026-08-22 08:15:54] - https://suus.me/atom.xml
[2026-08-22 08:15:54] - https://www.shephe.com/feed
[2026-08-22 08:15:54] - https://ilogs.cn/feed/
[2026-08-22 08:15:54] - https://www.moraex.com/feed
[2026-08-22 08:15:54] - https://writings.howsoonisnow.org/blog/feed/feed.xml
[2026-08-22 08:15:54] - https://sizheng.org/feed
[2026-08-22 08:15:54] - https://4op.top/index.xml
[2026-08-22 08:15:54] - https://feng.pub/feed
[2026-08-22 08:15:54] - https://ayayy.com/feed/
[2026-08-22 08:15:54] ✘ 有 1 条订阅头像字段为空, 已使用默认头像:
[2026-08-22 08:15:54] - https://jt26wzz.com/rss.xml
[2026-08-22 09:16:09] 抓取到的文章与现有数据相同，无需更新。
[2026-08-22 10:11:28] 本次订阅抓取结果统计:
[2026-08-22 10:11:28] 共 54 条RSS, 成功抓取 44 条.
[2026-08-22 10:11:28] ✘ 有 10 条订阅解析失败:
[2026-08-22 10:11:28] - https://geekinney.com/index.xml
[2026-08-22 10:11:28] - https://suus.me/atom.xml
[2026-08-22 10:11:28] - https://ilogs.cn/feed/
[2026-08-22 10:11:28] - https://www.shephe.com/feed
[2026-08-22 10:11:28] - https://writings.howsoonisnow.org/blog/feed/feed.xml
[2026-08-22 10:11:28] - https://sizheng.org/feed
[2026-08-22 10:11:28] - https://4op.top/index.xml
[2026-08-22 10:11:28] - https://www.moraex.com/feed
[2026-08-22 10:11:28] - https://feng.pub/feed
[2026-08-22 10:11:28] - https://ayayy.com/feed/
[2026-08-22 10:11:28] ✘ 有 1 条订阅头像字段为空, 已使用默认头像:
[2026-08-22 10:11:28] - https://jt26wzz.com/rss.xml
[2026-08-22 11:10:24] 抓取到的文章与现有数据相同，无需更新。
[2026-08-22 12:15:40] 本次订阅抓取结果统计:
[2026-08-22 12:15:40] 共 54 条RSS, 成功抓取 42 条.
[2026-08-22 12:15:40] ✘ 有 12 条订阅解析失败:
[2026-08-22 12:15:40] - https://tumutanzi.com/feed
[2026-08-22 12:15:40] - https://geekinney.com/index.xml
[2026-08-22 12:15:40] - https://suus.me/atom.xml
[2026-08-22 12:15:40] - https://leixus.cn/index.php/feed/
[2026-08-22 12:15:40] - https://ilogs.cn/feed/
[2026-08-22 12:15:40] - https://www.moraex.com/feed
[2026-08-22 12:15:40] - https://writings.howsoonisnow.org/blog/feed/feed.xml
[2026-08-22 12:15:40] - https://www.shephe.com/feed
[2026-08-22 12:15:40] - https://sizheng.org/feed
[2026-08-22 12:15:40] - https://4op.top/index.xml
[2026-08-22 12:15:40] - https://feng.pub/feed
[2026-08-22 12:15:40] - https://ayayy.com/feed/
[2026-08-22 12:15:40] ✘ 有 1 条订阅头像字段为空, 已使用默认头像:
[2026-08-22 12:15:40] - https://jt26wzz.com/rss.xml
[2026-08-22 13:23:21] 本次订阅抓取结果统计:
[2026-08-22 13:23:21] 共 54 条RSS, 成功抓取 44 条.
[2026-08-22 13:23:21] ✘ 有 10 条订阅解析失败:
[2026-08-22 13:23:21] - https://geekinney.com/index.xml
[2026-08-22 13:23:21] - https://suus.me/atom.xml
[2026-08-22 13:23:21] - https://ilogs.cn/feed/
[2026-08-22 13:23:21] - https://writings.howsoonisnow.org/blog/feed/feed.xml
[2026-08-22 13:23:21] - https://www.shephe.com/feed
[2026-08-22 13:23:21] - https://sizheng.org/feed
[2026-08-22 13:23:21] - https://4op.top/index.xml
[2026-08-22 13:23:21] - https://feng.pub/feed
[2026-08-22 13:23:21] - https://www.moraex.com/feed
[2026-08-22 13:23:21] - https://ayayy.com/feed/
[2026-08-22 13:23:21] ✘ 有 1 条订阅头像字段为空, 已使用默认头像:
[2026-08-22 13:23:21] - https://jt26wzz.com/rss.xml
[2026-08-22 14:10:33] 本次订阅抓取结果统计:
[2026-08-22 14:10:33] 共 54 条RSS, 成功抓取 42 条.
[2026-08-22 14:10:33] ✘ 有 12 条订阅解析失败:
[2026-08-22 14:10:33] - https://geekinney.com/index.xml
[2026-08-22 14:10:33] - https://tumutanzi.com/feed
[2026-08-22 14:10:33] - https://suus.me/atom.xml
[2026-08-22 14:10:33] - https://leixus.cn/index.php/feed/
[2026-08-22 14:10:33] - https://ilogs.cn/feed/
[2026-08-22 14:10:33] - https://www.shephe.com/feed
[2026-08-22 14:10:33] - https://writings.howsoonisnow.org/blog/feed/feed.xml
[2026-08-22 14:10:33] - https://www.moraex.com/feed
[2026-08-22 14:10:33] - https://sizheng.org/feed
[2026-08-22 14:10:33] - https://4op.top/index.xml
[2026-08-22 14:10:33] - https://feng.pub/feed
[2026-08-22 14:10:33] - https://ayayy.com/feed/
[2026-08-22 14:10:33] ✘ 有 1 条订阅头像字段为空, 已使用默认头像:
[2026-08-22 14:10:33] - https://jt26wzz.com/rss.xml
[2026-08-22 15:09:38] 抓取到的文章与现有数据相同，无需更新。
[2026-08-22 16:12:54] 本次订阅抓取结果统计:
[2026-08-22 16:12:54] 共 54 条RSS, 成功抓取 44 条.
[2026-08-22 16:12:54] ✘ 有 10 条订阅解析失败:
[2026-08-22 16:12:54] - https://geekinney.com/index.xml
[2026-08-22 16:12:54] - https://suus.me/atom.xml
[2026-08-22 16:12:54] - https://www.shephe.com/feed
[2026-08-22 16:12:54] - https://ilogs.cn/feed/
[2026-08-22 16:12:54] - https://writings.howsoonisnow.org/blog/feed/feed.xml
[2026-08-22 16:12:54] - https://sizheng.org/feed
[2026-08-22 16:12:54] - https://www.moraex.com/feed
[2026-08-22 16:12:54] - https://4op.top/index.xml
[2026-08-22 16:12:54] - https://feng.pub/feed
[2026-08-22 16:12:54] - https://ayayy.com/feed/
[2026-08-22 16:12:54] ✘ 有 1 条订阅头像字段为空, 已使用默认头像:
[2026-08-22 16:12:54] - https://jt26wzz.com/rss.xml
[2026-08-22 17:10:53] 抓取到的文章与现有数据相同，无需更新。
[2026-08-22 18:12:35] 抓取到的文章与现有数据相同，无需更新。
[2026-08-22 19:14:38] 抓取到的文章与现有数据相同，无需更新。
[2026-08-22 20:10:01] 抓取到的文章与现有数据相同，无需更新。
