[2026-09-28 00:06:17] 抓取到的文章与现有数据相同，无需更新。
[2026-09-28 06:03:32] 本次订阅抓取结果统计:
[2026-09-28 06:03:32] 共 54 条RSS, 成功抓取 44 条.
[2026-09-28 06:03:32] ✘ 有 10 条订阅解析失败:
[2026-09-28 06:03:32] - https://geekinney.com/index.xml
[2026-09-28 06:03:32] - https://timyang.net/feed/
[2026-09-28 06:03:32] - https://suus.me/atom.xml
[2026-09-28 06:03:32] - https://www.shephe.com/feed
[2026-09-28 06:03:32] - https://writings.howsoonisnow.org/blog/feed/feed.xml
[2026-09-28 06:03:32] - https://ilogs.cn/feed/
[2026-09-28 06:03:32] - https://4op.top/index.xml
[2026-09-28 06:03:32] - https://yufan.me/feed
[2026-09-28 06:03:32] - https://ayayy.com/feed/
[2026-09-28 06:03:32] - https://feng.pub/feed
[2026-09-28 06:03:32] ✘ 有 1 条订阅头像字段为空, 已使用默认头像:
[2026-09-28 06:03:32] - https://jt26wzz.com/rss.xml
[2026-09-28 14:39:45] 本次订阅抓取结果统计:
[2026-09-28 14:39:45] 共 54 条RSS, 成功抓取 42 条.
[2026-09-28 14:39:45] ✘ 有 12 条订阅解析失败:
[2026-09-28 14:39:45] - https://geekinney.com/index.xml
[2026-09-28 14:39:45] - https://suus.me/atom.xml
[2026-09-28 14:39:45] - https://www.shephe.com/feed
[2026-09-28 14:39:45] - https://writings.howsoonisnow.org/blog/feed/feed.xml
[2026-09-28 14:39:45] - https://ilogs.cn/feed/
[2026-09-28 14:39:45] - https://www.laomuzhu.cn/feed/
[2026-09-28 14:39:45] - https://sizheng.org/feed
[2026-09-28 14:39:45] - https://4op.top/index.xml
[2026-09-28 14:39:45] - https://yufan.me/feed
[2026-09-28 14:39:45] - https://timyang.net/feed/
[2026-09-28 14:39:45] - https://ayayy.com/feed/
[2026-09-28 14:39:45] - https://feng.pub/feed
[2026-09-28 14:39:45] ✘ 有 1 条订阅头像字段为空, 已使用默认头像:
[2026-09-28 14:39:45] - https://jt26wzz.com/rss.xml
[2026-09-28 20:54:30] 本次订阅抓取结果统计:
[2026-09-28 20:54:30] 共 54 条RSS, 成功抓取 40 条.
[2026-09-28 20:54:30] ✘ 有 14 条订阅解析失败:
[2026-09-28 20:54:30] - https://tumutanzi.com/feed
[2026-09-28 20:54:30] - https://geekinney.com/index.xml
[2026-09-28 20:54:30] - https://suus.me/atom.xml
[2026-09-28 20:54:30] - https://timyang.net/feed/
[2026-09-28 20:54:30] - https://www.shephe.com/feed
[2026-09-28 20:54:30] - https://leixus.cn/index.php/feed/
[2026-09-28 20:54:30] - https://www.laomuzhu.cn/feed/
[2026-09-28 20:54:30] - https://writings.howsoonisnow.org/blog/feed/feed.xml
[2026-09-28 20:54:30] - https://ilogs.cn/feed/
[2026-09-28 20:54:30] - https://sizheng.org/feed
[2026-09-28 20:54:30] - https://yufan.me/feed
[2026-09-28 20:54:30] - https://4op.top/index.xml
[2026-09-28 20:54:30] - https://ayayy.com/feed/
[2026-09-28 20:54:30] - https://feng.pub/feed
[2026-09-28 20:54:30] ✘ 有 1 条订阅头像字段为空, 已使用默认头像:
[2026-09-28 20:54:30] - https://jt26wzz.com/rss.xml
