[2026-09-22 02:10:08] 本次订阅抓取结果统计:
[2026-09-22 02:10:08] 共 54 条RSS, 成功抓取 42 条.
[2026-09-22 02:10:08] ✘ 有 12 条订阅解析失败:
[2026-09-22 02:10:08] - https://geekinney.com/index.xml
[2026-09-22 02:10:08] - https://timyang.net/feed/
[2026-09-22 02:10:08] - https://suus.me/atom.xml
[2026-09-22 02:10:08] - https://www.shephe.com/feed
[2026-09-22 02:10:08] - https://writings.howsoonisnow.org/blog/feed/feed.xml
[2026-09-22 02:10:08] - https://ilogs.cn/feed/
[2026-09-22 02:10:08] - https://sizheng.org/feed
[2026-09-22 02:10:08] - https://4op.top/index.xml
[2026-09-22 02:10:08] - https://ayayy.com/feed/
[2026-09-22 02:10:08] - https://feng.pub/feed
[2026-09-22 02:10:08] - https://note.redcha.cn/rss.xml
[2026-09-22 02:10:08] - https://yufan.me/feed
[2026-09-22 02:10:08] ✘ 有 1 条订阅头像字段为空, 已使用默认头像:
[2026-09-22 02:10:08] - https://jt26wzz.com/rss.xml
[2026-09-22 08:00:54] 本次订阅抓取结果统计:
[2026-09-22 08:00:54] 共 54 条RSS, 成功抓取 43 条.
[2026-09-22 08:00:54] ✘ 有 11 条订阅解析失败:
[2026-09-22 08:00:54] - https://geekinney.com/index.xml
[2026-09-22 08:00:54] - https://suus.me/atom.xml
[2026-09-22 08:00:54] - https://www.shephe.com/feed
[2026-09-22 08:00:54] - https://timyang.net/feed/
[2026-09-22 08:00:54] - https://ilogs.cn/feed/
[2026-09-22 08:00:54] - https://writings.howsoonisnow.org/blog/feed/feed.xml
[2026-09-22 08:00:54] - https://sizheng.org/feed
[2026-09-22 08:00:54] - https://4op.top/index.xml
[2026-09-22 08:00:54] - https://ayayy.com/feed/
[2026-09-22 08:00:54] - https://feng.pub/feed
[2026-09-22 08:00:54] - https://yufan.me/feed
[2026-09-22 08:00:54] ✘ 有 1 条订阅头像字段为空, 已使用默认头像:
[2026-09-22 08:00:54] - https://jt26wzz.com/rss.xml
[2026-09-22 13:10:44] 抓取到的文章与现有数据相同，无需更新。
[2026-09-22 17:48:35] 本次订阅抓取结果统计:
[2026-09-22 17:48:35] 共 54 条RSS, 成功抓取 43 条.
[2026-09-22 17:48:35] ✘ 有 11 条订阅解析失败:
[2026-09-22 17:48:35] - https://geekinney.com/index.xml
[2026-09-22 17:48:35] - https://suus.me/atom.xml
[2026-09-22 17:48:35] - https://timyang.net/feed/
[2026-09-22 17:48:35] - https://www.shephe.com/feed
[2026-09-22 17:48:35] - https://writings.howsoonisnow.org/blog/feed/feed.xml
[2026-09-22 17:48:35] - https://sizheng.org/feed
[2026-09-22 17:48:35] - https://ilogs.cn/feed/
[2026-09-22 17:48:35] - https://4op.top/index.xml
[2026-09-22 17:48:35] - https://ayayy.com/feed/
[2026-09-22 17:48:35] - https://feng.pub/feed
[2026-09-22 17:48:35] - https://yufan.me/feed
[2026-09-22 17:48:35] ✘ 有 1 条订阅头像字段为空, 已使用默认头像:
[2026-09-22 17:48:35] - https://jt26wzz.com/rss.xml
