[2026-08-25 00:33:52] 抓取到的文章与现有数据相同，无需更新。
[2026-08-25 02:11:28] 本次订阅抓取结果统计:
[2026-08-25 02:11:28] 共 54 条RSS, 成功抓取 44 条.
[2026-08-25 02:11:28] ✘ 有 10 条订阅解析失败:
[2026-08-25 02:11:28] - https://geekinney.com/index.xml
[2026-08-25 02:11:28] - https://suus.me/atom.xml
[2026-08-25 02:11:28] - https://writings.howsoonisnow.org/blog/feed/feed.xml
[2026-08-25 02:11:28] - https://ilogs.cn/feed/
[2026-08-25 02:11:28] - https://www.moraex.com/feed
[2026-08-25 02:11:28] - https://sizheng.org/feed
[2026-08-25 02:11:28] - https://4op.top/index.xml
[2026-08-25 02:11:28] - https://www.shephe.com/feed
[2026-08-25 02:11:28] - https://feng.pub/feed
[2026-08-25 02:11:28] - https://ayayy.com/feed/
[2026-08-25 02:11:28] ✘ 有 1 条订阅头像字段为空, 已使用默认头像:
[2026-08-25 02:11:28] - https://jt26wzz.com/rss.xml
[2026-08-25 03:38:34] 本次订阅抓取结果统计:
[2026-08-25 03:38:34] 共 54 条RSS, 成功抓取 44 条.
[2026-08-25 03:38:34] ✘ 有 10 条订阅解析失败:
[2026-08-25 03:38:34] - https://geekinney.com/index.xml
[2026-08-25 03:38:34] - https://suus.me/atom.xml
[2026-08-25 03:38:34] - https://ilogs.cn/feed/
[2026-08-25 03:38:34] - https://www.moraex.com/feed
[2026-08-25 03:38:34] - https://writings.howsoonisnow.org/blog/feed/feed.xml
[2026-08-25 03:38:34] - https://sizheng.org/feed
[2026-08-25 03:38:34] - https://4op.top/index.xml
[2026-08-25 03:38:34] - https://www.shephe.com/feed
[2026-08-25 03:38:34] - https://feng.pub/feed
[2026-08-25 03:38:34] - https://ayayy.com/feed/
[2026-08-25 03:38:34] ✘ 有 1 条订阅头像字段为空, 已使用默认头像:
[2026-08-25 03:38:34] - https://jt26wzz.com/rss.xml
[2026-08-25 04:27:46] 本次订阅抓取结果统计:
[2026-08-25 04:27:46] 共 54 条RSS, 成功抓取 43 条.
[2026-08-25 04:27:46] ✘ 有 11 条订阅解析失败:
[2026-08-25 04:27:46] - https://geekinney.com/index.xml
[2026-08-25 04:27:46] - https://suus.me/atom.xml
[2026-08-25 04:27:46] - https://ilogs.cn/feed/
[2026-08-25 04:27:46] - https://www.moraex.com/feed
[2026-08-25 04:27:46] - https://writings.howsoonisnow.org/blog/feed/feed.xml
[2026-08-25 04:27:46] - https://sizheng.org/feed
[2026-08-25 04:27:46] - https://4op.top/index.xml
[2026-08-25 04:27:46] - https://www.shephe.com/feed
[2026-08-25 04:27:46] - https://feng.pub/feed
[2026-08-25 04:27:46] - https://xyzbz.cn/feed
[2026-08-25 04:27:46] - https://ayayy.com/feed/
[2026-08-25 04:27:46] ✘ 有 1 条订阅头像字段为空, 已使用默认头像:
[2026-08-25 04:27:46] - https://jt26wzz.com/rss.xml
[2026-08-25 05:22:14] 本次订阅抓取结果统计:
[2026-08-25 05:22:14] 共 54 条RSS, 成功抓取 44 条.
[2026-08-25 05:22:14] ✘ 有 10 条订阅解析失败:
[2026-08-25 05:22:14] - https://geekinney.com/index.xml
[2026-08-25 05:22:14] - https://suus.me/atom.xml
[2026-08-25 05:22:14] - https://ilogs.cn/feed/
[2026-08-25 05:22:14] - https://writings.howsoonisnow.org/blog/feed/feed.xml
[2026-08-25 05:22:14] - https://www.moraex.com/feed
[2026-08-25 05:22:14] - https://sizheng.org/feed
[2026-08-25 05:22:14] - https://4op.top/index.xml
[2026-08-25 05:22:14] - https://www.shephe.com/feed
[2026-08-25 05:22:14] - https://feng.pub/feed
[2026-08-25 05:22:14] - https://ayayy.com/feed/
[2026-08-25 05:22:14] ✘ 有 1 条订阅头像字段为空, 已使用默认头像:
[2026-08-25 05:22:14] - https://jt26wzz.com/rss.xml
[2026-08-25 06:24:16] 抓取到的文章与现有数据相同，无需更新。
[2026-08-25 07:34:22] [ERROR] 拉取RSS链接失败: /home/runner/work/rss-lhasa/rss-lhasa/feed_fetcher.go:53 => 无法获取RSS列表文件: https://lhasa-1253887673.cos.ap-shanghai.myqcloud.com/lhasaRSS/rss.txt | 原因: Get "https://lhasa-1253887673.cos.ap-shanghai.myqcloud.com/lhasaRSS/rss.txt": net/http: TLS handshake timeout
[2026-08-25 08:28:27] 抓取到的文章与现有数据相同，无需更新。
[2026-08-25 09:23:22] 本次订阅抓取结果统计:
[2026-08-25 09:23:22] 共 54 条RSS, 成功抓取 44 条.
[2026-08-25 09:23:22] ✘ 有 10 条订阅解析失败:
[2026-08-25 09:23:22] - https://geekinney.com/index.xml
[2026-08-25 09:23:22] - https://suus.me/atom.xml
[2026-08-25 09:23:22] - https://ilogs.cn/feed/
[2026-08-25 09:23:22] - https://writings.howsoonisnow.org/blog/feed/feed.xml
[2026-08-25 09:23:22] - https://www.moraex.com/feed
[2026-08-25 09:23:22] - https://sizheng.org/feed
[2026-08-25 09:23:22] - https://www.shephe.com/feed
[2026-08-25 09:23:22] - https://4op.top/index.xml
[2026-08-25 09:23:22] - https://feng.pub/feed
[2026-08-25 09:23:22] - https://ayayy.com/feed/
[2026-08-25 09:23:22] ✘ 有 1 条订阅头像字段为空, 已使用默认头像:
[2026-08-25 09:23:22] - https://jt26wzz.com/rss.xml
[2026-08-25 10:20:05] 抓取到的文章与现有数据相同，无需更新。
[2026-08-25 11:15:51] [WARN] 加载头像映射失败: failed to fetch avatar map: Get "https://cos.lhasa.icu/lhasaRSS/avatar.json": context deadline exceeded (Client.Timeout exceeded while awaiting headers)
[2026-08-25 11:16:39] 本次订阅抓取结果统计:
[2026-08-25 11:16:39] 共 54 条RSS, 成功抓取 42 条.
[2026-08-25 11:16:39] ✘ 有 12 条订阅解析失败:
[2026-08-25 11:16:39] - https://geekinney.com/index.xml
[2026-08-25 11:16:39] - https://tumutanzi.com/feed
[2026-08-25 11:16:39] - https://suus.me/atom.xml
[2026-08-25 11:16:39] - https://leixus.cn/index.php/feed/
[2026-08-25 11:16:39] - https://www.moraex.com/feed
[2026-08-25 11:16:39] - https://ilogs.cn/feed/
[2026-08-25 11:16:39] - https://writings.howsoonisnow.org/blog/feed/feed.xml
[2026-08-25 11:16:39] - https://sizheng.org/feed
[2026-08-25 11:16:39] - https://www.shephe.com/feed
[2026-08-25 11:16:39] - https://4op.top/index.xml
[2026-08-25 11:16:39] - https://feng.pub/feed
[2026-08-25 11:16:39] - https://ayayy.com/feed/
[2026-08-25 11:16:39] ✘ 有 1 条订阅头像字段为空, 已使用默认头像:
[2026-08-25 11:16:39] - https://mayx.eu.org/atom.xml
[2026-08-25 11:16:39] ✘ 有 2 条订阅头像无法访问, 已使用默认头像:
[2026-08-25 11:16:39] - https://skywind.me/blog/feed
[2026-08-25 11:16:39] - https://laike9m.com/blog/rss/
[2026-08-25 12:22:58] 本次订阅抓取结果统计:
[2026-08-25 12:22:58] 共 54 条RSS, 成功抓取 44 条.
[2026-08-25 12:22:58] ✘ 有 10 条订阅解析失败:
[2026-08-25 12:22:58] - https://geekinney.com/index.xml
[2026-08-25 12:22:58] - https://suus.me/atom.xml
[2026-08-25 12:22:58] - https://writings.howsoonisnow.org/blog/feed/feed.xml
[2026-08-25 12:22:58] - https://ilogs.cn/feed/
[2026-08-25 12:22:58] - https://www.moraex.com/feed
[2026-08-25 12:22:58] - https://sizheng.org/feed
[2026-08-25 12:22:58] - https://4op.top/index.xml
[2026-08-25 12:22:58] - https://feng.pub/feed
[2026-08-25 12:22:58] - https://www.shephe.com/feed
[2026-08-25 12:22:58] - https://ayayy.com/feed/
[2026-08-25 12:22:58] ✘ 有 1 条订阅头像字段为空, 已使用默认头像:
[2026-08-25 12:22:58] - https://jt26wzz.com/rss.xml
[2026-08-25 13:39:35] 抓取到的文章与现有数据相同，无需更新。
[2026-08-25 14:33:18] 抓取到的文章与现有数据相同，无需更新。
[2026-08-25 15:32:19] 抓取到的文章与现有数据相同，无需更新。
[2026-08-25 16:22:53] 抓取到的文章与现有数据相同，无需更新。
