[2026-08-10 00:48:38] 本次订阅抓取结果统计:
[2026-08-10 00:48:38] 共 54 条RSS, 成功抓取 43 条.
[2026-08-10 00:48:38] ✘ 有 11 条订阅解析失败:
[2026-08-10 00:48:38] - https://geekinney.com/index.xml
[2026-08-10 00:48:38] - https://tumutanzi.com/feed
[2026-08-10 00:48:38] - https://suus.me/atom.xml
[2026-08-10 00:48:38] - https://leixus.cn/index.php/feed/
[2026-08-10 00:48:38] - https://writings.howsoonisnow.org/blog/feed/feed.xml
[2026-08-10 00:48:38] - https://ilogs.cn/feed/
[2026-08-10 00:48:38] - https://www.moraex.com/feed
[2026-08-10 00:48:38] - https://sizheng.org/feed
[2026-08-10 00:48:38] - https://4op.top/index.xml
[2026-08-10 00:48:38] - https://ayayy.com/feed/
[2026-08-10 00:48:38] - https://feng.pub/feed
[2026-08-10 00:48:38] ✘ 有 1 条订阅头像字段为空, 已使用默认头像:
[2026-08-10 00:48:38] - https://jt26wzz.com/rss.xml
[2026-08-10 03:04:58] 本次订阅抓取结果统计:
[2026-08-10 03:04:58] 共 54 条RSS, 成功抓取 42 条.
[2026-08-10 03:04:58] ✘ 有 12 条订阅解析失败:
[2026-08-10 03:04:58] - https://geekinney.com/index.xml
[2026-08-10 03:04:58] - https://tumutanzi.com/feed
[2026-08-10 03:04:58] - https://suus.me/atom.xml
[2026-08-10 03:04:58] - https://leixus.cn/index.php/feed/
[2026-08-10 03:04:58] - https://ilogs.cn/feed/
[2026-08-10 03:04:58] - https://www.moraex.com/feed
[2026-08-10 03:04:58] - https://writings.howsoonisnow.org/blog/feed/feed.xml
[2026-08-10 03:04:58] - https://sizheng.org/feed
[2026-08-10 03:04:58] - https://4op.top/index.xml
[2026-08-10 03:04:58] - https://ayayy.com/feed/
[2026-08-10 03:04:58] - https://feng.pub/feed
[2026-08-10 03:04:58] - https://blog.fooleap.org/atom.xml
[2026-08-10 03:04:58] ✘ 有 1 条订阅头像字段为空, 已使用默认头像:
[2026-08-10 03:04:58] - https://jt26wzz.com/rss.xml
