[2026-08-26 00:34:46] 抓取到的文章与现有数据相同，无需更新。
[2026-08-26 02:17:42] 抓取到的文章与现有数据相同，无需更新。
[2026-08-26 03:43:21] 本次订阅抓取结果统计:
[2026-08-26 03:43:21] 共 54 条RSS, 成功抓取 44 条.
[2026-08-26 03:43:21] ✘ 有 10 条订阅解析失败:
[2026-08-26 03:43:21] - https://geekinney.com/index.xml
[2026-08-26 03:43:21] - https://suus.me/atom.xml
[2026-08-26 03:43:21] - https://writings.howsoonisnow.org/blog/feed/feed.xml
[2026-08-26 03:43:21] - https://ilogs.cn/feed/
[2026-08-26 03:43:21] - https://sizheng.org/feed
[2026-08-26 03:43:21] - https://www.moraex.com/feed
[2026-08-26 03:43:21] - https://4op.top/index.xml
[2026-08-26 03:43:21] - https://www.shephe.com/feed
[2026-08-26 03:43:21] - https://feng.pub/feed
[2026-08-26 03:43:21] - https://ayayy.com/feed/
[2026-08-26 03:43:21] ✘ 有 1 条订阅头像字段为空, 已使用默认头像:
[2026-08-26 03:43:21] - https://jt26wzz.com/rss.xml
[2026-08-26 04:28:45] 本次订阅抓取结果统计:
[2026-08-26 04:28:45] 共 54 条RSS, 成功抓取 44 条.
[2026-08-26 04:28:45] ✘ 有 10 条订阅解析失败:
[2026-08-26 04:28:45] - https://geekinney.com/index.xml
[2026-08-26 04:28:45] - https://suus.me/atom.xml
[2026-08-26 04:28:45] - https://www.shephe.com/feed
[2026-08-26 04:28:45] - https://ilogs.cn/feed/
[2026-08-26 04:28:45] - https://writings.howsoonisnow.org/blog/feed/feed.xml
[2026-08-26 04:28:45] - https://www.moraex.com/feed
[2026-08-26 04:28:45] - https://sizheng.org/feed
[2026-08-26 04:28:45] - https://4op.top/index.xml
[2026-08-26 04:28:45] - https://feng.pub/feed
[2026-08-26 04:28:45] - https://ayayy.com/feed/
[2026-08-26 04:28:45] ✘ 有 1 条订阅头像字段为空, 已使用默认头像:
[2026-08-26 04:28:45] - https://jt26wzz.com/rss.xml
[2026-08-26 05:22:24] 本次订阅抓取结果统计:
[2026-08-26 05:22:24] 共 54 条RSS, 成功抓取 44 条.
[2026-08-26 05:22:24] ✘ 有 10 条订阅解析失败:
[2026-08-26 05:22:24] - https://geekinney.com/index.xml
[2026-08-26 05:22:24] - https://suus.me/atom.xml
[2026-08-26 05:22:24] - https://www.shephe.com/feed
[2026-08-26 05:22:24] - https://writings.howsoonisnow.org/blog/feed/feed.xml
[2026-08-26 05:22:24] - https://ilogs.cn/feed/
[2026-08-26 05:22:24] - https://www.moraex.com/feed
[2026-08-26 05:22:24] - https://sizheng.org/feed
[2026-08-26 05:22:24] - https://4op.top/index.xml
[2026-08-26 05:22:24] - https://feng.pub/feed
[2026-08-26 05:22:24] - https://ayayy.com/feed/
[2026-08-26 05:22:24] ✘ 有 1 条订阅头像字段为空, 已使用默认头像:
[2026-08-26 05:22:24] - https://jt26wzz.com/rss.xml
[2026-08-26 06:26:32] 抓取到的文章与现有数据相同，无需更新。
[2026-08-26 07:36:26] 本次订阅抓取结果统计:
[2026-08-26 07:36:26] 共 54 条RSS, 成功抓取 43 条.
[2026-08-26 07:36:26] ✘ 有 11 条订阅解析失败:
[2026-08-26 07:36:26] - https://geekinney.com/index.xml
[2026-08-26 07:36:26] - https://suus.me/atom.xml
[2026-08-26 07:36:26] - https://www.shephe.com/feed
[2026-08-26 07:36:26] - https://ilogs.cn/feed/
[2026-08-26 07:36:26] - https://www.moraex.com/feed
[2026-08-26 07:36:26] - https://writings.howsoonisnow.org/blog/feed/feed.xml
[2026-08-26 07:36:26] - https://sizheng.org/feed
[2026-08-26 07:36:26] - https://4op.top/index.xml
[2026-08-26 07:36:26] - https://feng.pub/feed
[2026-08-26 07:36:26] - https://xyzbz.cn/feed
[2026-08-26 07:36:26] - https://ayayy.com/feed/
[2026-08-26 07:36:26] ✘ 有 1 条订阅头像字段为空, 已使用默认头像:
[2026-08-26 07:36:26] - https://jt26wzz.com/rss.xml
[2026-08-26 08:28:45] 本次订阅抓取结果统计:
[2026-08-26 08:28:45] 共 54 条RSS, 成功抓取 44 条.
[2026-08-26 08:28:45] ✘ 有 10 条订阅解析失败:
[2026-08-26 08:28:45] - https://geekinney.com/index.xml
[2026-08-26 08:28:45] - https://suus.me/atom.xml
[2026-08-26 08:28:45] - https://www.moraex.com/feed
[2026-08-26 08:28:45] - https://writings.howsoonisnow.org/blog/feed/feed.xml
[2026-08-26 08:28:45] - https://ilogs.cn/feed/
[2026-08-26 08:28:45] - https://sizheng.org/feed
[2026-08-26 08:28:45] - https://www.shephe.com/feed
[2026-08-26 08:28:45] - https://4op.top/index.xml
[2026-08-26 08:28:45] - https://feng.pub/feed
[2026-08-26 08:28:45] - https://ayayy.com/feed/
[2026-08-26 08:28:45] ✘ 有 1 条订阅头像字段为空, 已使用默认头像:
[2026-08-26 08:28:45] - https://jt26wzz.com/rss.xml
[2026-08-26 09:29:31] 抓取到的文章与现有数据相同，无需更新。
[2026-08-26 10:23:10] 抓取到的文章与现有数据相同，无需更新。
