[2026-09-12 01:53:46] 本次订阅抓取结果统计:
[2026-09-12 01:53:46] 共 54 条RSS, 成功抓取 41 条.
[2026-09-12 01:53:46] ✘ 有 13 条订阅解析失败:
[2026-09-12 01:53:46] - https://tumutanzi.com/feed
[2026-09-12 01:53:46] - https://geekinney.com/index.xml
[2026-09-12 01:53:46] - https://suus.me/atom.xml
[2026-09-12 01:53:46] - https://timyang.net/feed/
[2026-09-12 01:53:46] - https://www.mrhe.net/feed
[2026-09-12 01:53:46] - https://www.shephe.com/feed
[2026-09-12 01:53:46] - https://leixus.cn/index.php/feed/
[2026-09-12 01:53:46] - https://writings.howsoonisnow.org/blog/feed/feed.xml
[2026-09-12 01:53:46] - https://sizheng.org/feed
[2026-09-12 01:53:46] - https://ilogs.cn/feed/
[2026-09-12 01:53:46] - https://4op.top/index.xml
[2026-09-12 01:53:46] - https://ayayy.com/feed/
[2026-09-12 01:53:46] - https://feng.pub/feed
[2026-09-12 01:53:46] ✘ 有 1 条订阅头像字段为空, 已使用默认头像:
[2026-09-12 01:53:46] - https://jt26wzz.com/rss.xml
[2026-09-12 06:38:36] 本次订阅抓取结果统计:
[2026-09-12 06:38:36] 共 54 条RSS, 成功抓取 43 条.
[2026-09-12 06:38:36] ✘ 有 11 条订阅解析失败:
[2026-09-12 06:38:36] - https://geekinney.com/index.xml
[2026-09-12 06:38:36] - https://suus.me/atom.xml
[2026-09-12 06:38:36] - https://timyang.net/feed/
[2026-09-12 06:38:36] - https://www.mrhe.net/feed
[2026-09-12 06:38:36] - https://www.shephe.com/feed
[2026-09-12 06:38:36] - https://writings.howsoonisnow.org/blog/feed/feed.xml
[2026-09-12 06:38:36] - https://ilogs.cn/feed/
[2026-09-12 06:38:36] - https://sizheng.org/feed
[2026-09-12 06:38:36] - https://4op.top/index.xml
[2026-09-12 06:38:36] - https://ayayy.com/feed/
[2026-09-12 06:38:36] - https://feng.pub/feed
[2026-09-12 06:38:36] ✘ 有 1 条订阅头像字段为空, 已使用默认头像:
[2026-09-12 06:38:36] - https://jt26wzz.com/rss.xml
[2026-09-12 11:21:14] 本次订阅抓取结果统计:
[2026-09-12 11:21:14] 共 54 条RSS, 成功抓取 43 条.
[2026-09-12 11:21:14] ✘ 有 11 条订阅解析失败:
[2026-09-12 11:21:14] - https://geekinney.com/index.xml
[2026-09-12 11:21:14] - https://timyang.net/feed/
[2026-09-12 11:21:14] - https://suus.me/atom.xml
[2026-09-12 11:21:14] - https://www.mrhe.net/feed
[2026-09-12 11:21:14] - https://www.shephe.com/feed
[2026-09-12 11:21:14] - https://writings.howsoonisnow.org/blog/feed/feed.xml
[2026-09-12 11:21:14] - https://ilogs.cn/feed/
[2026-09-12 11:21:14] - https://sizheng.org/feed
[2026-09-12 11:21:14] - https://4op.top/index.xml
[2026-09-12 11:21:14] - https://ayayy.com/feed/
[2026-09-12 11:21:14] - https://feng.pub/feed
[2026-09-12 11:21:14] ✘ 有 1 条订阅头像字段为空, 已使用默认头像:
[2026-09-12 11:21:14] - https://jt26wzz.com/rss.xml
[2026-09-12 14:32:11] 本次订阅抓取结果统计:
[2026-09-12 14:32:11] 共 54 条RSS, 成功抓取 43 条.
[2026-09-12 14:32:11] ✘ 有 11 条订阅解析失败:
[2026-09-12 14:32:11] - https://geekinney.com/index.xml
[2026-09-12 14:32:11] - https://suus.me/atom.xml
[2026-09-12 14:32:11] - https://www.mrhe.net/feed
[2026-09-12 14:32:11] - https://www.shephe.com/feed
[2026-09-12 14:32:11] - https://writings.howsoonisnow.org/blog/feed/feed.xml
[2026-09-12 14:32:11] - https://ilogs.cn/feed/
[2026-09-12 14:32:11] - https://sizheng.org/feed
[2026-09-12 14:32:11] - https://4op.top/index.xml
[2026-09-12 14:32:11] - https://timyang.net/feed/
[2026-09-12 14:32:11] - https://feng.pub/feed
[2026-09-12 14:32:11] - https://ayayy.com/feed/
[2026-09-12 14:32:11] ✘ 有 1 条订阅头像字段为空, 已使用默认头像:
[2026-09-12 14:32:11] - https://jt26wzz.com/rss.xml
[2026-09-12 17:30:13] 抓取到的文章与现有数据相同，无需更新。
