[2026-09-14 02:03:27] 本次订阅抓取结果统计:
[2026-09-14 02:03:27] 共 54 条RSS, 成功抓取 43 条.
[2026-09-14 02:03:27] ✘ 有 11 条订阅解析失败:
[2026-09-14 02:03:27] - https://geekinney.com/index.xml
[2026-09-14 02:03:27] - https://timyang.net/feed/
[2026-09-14 02:03:27] - https://suus.me/atom.xml
[2026-09-14 02:03:27] - https://www.mrhe.net/feed
[2026-09-14 02:03:27] - https://www.shephe.com/feed
[2026-09-14 02:03:27] - https://writings.howsoonisnow.org/blog/feed/feed.xml
[2026-09-14 02:03:27] - https://ilogs.cn/feed/
[2026-09-14 02:03:27] - https://sizheng.org/feed
[2026-09-14 02:03:27] - https://4op.top/index.xml
[2026-09-14 02:03:27] - https://ayayy.com/feed/
[2026-09-14 02:03:27] - https://feng.pub/feed
[2026-09-14 02:03:27] ✘ 有 1 条订阅头像字段为空, 已使用默认头像:
[2026-09-14 02:03:27] - https://jt26wzz.com/rss.xml
[2026-09-14 08:11:59] 本次订阅抓取结果统计:
[2026-09-14 08:11:59] 共 54 条RSS, 成功抓取 43 条.
[2026-09-14 08:11:59] ✘ 有 11 条订阅解析失败:
[2026-09-14 08:11:59] - https://geekinney.com/index.xml
[2026-09-14 08:11:59] - https://timyang.net/feed/
[2026-09-14 08:11:59] - https://suus.me/atom.xml
[2026-09-14 08:11:59] - https://www.mrhe.net/feed
[2026-09-14 08:11:59] - https://www.shephe.com/feed
[2026-09-14 08:11:59] - https://writings.howsoonisnow.org/blog/feed/feed.xml
[2026-09-14 08:11:59] - https://ilogs.cn/feed/
[2026-09-14 08:11:59] - https://sizheng.org/feed
[2026-09-14 08:11:59] - https://4op.top/index.xml
[2026-09-14 08:11:59] - https://ayayy.com/feed/
[2026-09-14 08:11:59] - https://feng.pub/feed
[2026-09-14 08:11:59] ✘ 有 1 条订阅头像字段为空, 已使用默认头像:
[2026-09-14 08:11:59] - https://jt26wzz.com/rss.xml
