[2026-09-10 01:49:28] 本次订阅抓取结果统计:
[2026-09-10 01:49:28] 共 54 条RSS, 成功抓取 43 条.
[2026-09-10 01:49:28] ✘ 有 11 条订阅解析失败:
[2026-09-10 01:49:28] - https://geekinney.com/index.xml
[2026-09-10 01:49:28] - https://timyang.net/feed/
[2026-09-10 01:49:28] - https://suus.me/atom.xml
[2026-09-10 01:49:28] - https://www.mrhe.net/feed
[2026-09-10 01:49:28] - https://ilogs.cn/feed/
[2026-09-10 01:49:28] - https://writings.howsoonisnow.org/blog/feed/feed.xml
[2026-09-10 01:49:28] - https://www.shephe.com/feed
[2026-09-10 01:49:28] - https://sizheng.org/feed
[2026-09-10 01:49:28] - https://4op.top/index.xml
[2026-09-10 01:49:28] - https://ayayy.com/feed/
[2026-09-10 01:49:28] - https://feng.pub/feed
[2026-09-10 01:49:28] ✘ 有 1 条订阅头像字段为空, 已使用默认头像:
[2026-09-10 01:49:28] - https://jt26wzz.com/rss.xml
[2026-09-10 06:45:58] 本次订阅抓取结果统计:
[2026-09-10 06:45:58] 共 54 条RSS, 成功抓取 43 条.
[2026-09-10 06:45:58] ✘ 有 11 条订阅解析失败:
[2026-09-10 06:45:58] - https://geekinney.com/index.xml
[2026-09-10 06:45:58] - https://timyang.net/feed/
[2026-09-10 06:45:58] - https://suus.me/atom.xml
[2026-09-10 06:45:58] - https://www.mrhe.net/feed
[2026-09-10 06:45:58] - https://www.shephe.com/feed
[2026-09-10 06:45:58] - https://writings.howsoonisnow.org/blog/feed/feed.xml
[2026-09-10 06:45:58] - https://ilogs.cn/feed/
[2026-09-10 06:45:58] - https://sizheng.org/feed
[2026-09-10 06:45:58] - https://4op.top/index.xml
[2026-09-10 06:45:58] - https://ayayy.com/feed/
[2026-09-10 06:45:58] - https://feng.pub/feed
[2026-09-10 06:45:58] ✘ 有 1 条订阅头像字段为空, 已使用默认头像:
[2026-09-10 06:45:58] - https://jt26wzz.com/rss.xml
[2026-09-10 11:55:56] 本次订阅抓取结果统计:
[2026-09-10 11:55:56] 共 54 条RSS, 成功抓取 43 条.
[2026-09-10 11:55:56] ✘ 有 11 条订阅解析失败:
[2026-09-10 11:55:56] - https://geekinney.com/index.xml
[2026-09-10 11:55:56] - https://timyang.net/feed/
[2026-09-10 11:55:56] - https://suus.me/atom.xml
[2026-09-10 11:55:56] - https://www.mrhe.net/feed
[2026-09-10 11:55:56] - https://www.shephe.com/feed
[2026-09-10 11:55:56] - https://writings.howsoonisnow.org/blog/feed/feed.xml
[2026-09-10 11:55:56] - https://ilogs.cn/feed/
[2026-09-10 11:55:56] - https://sizheng.org/feed
[2026-09-10 11:55:56] - https://4op.top/index.xml
[2026-09-10 11:55:56] - https://ayayy.com/feed/
[2026-09-10 11:55:56] - https://feng.pub/feed
[2026-09-10 11:55:56] ✘ 有 1 条订阅头像字段为空, 已使用默认头像:
[2026-09-10 11:55:56] - https://jt26wzz.com/rss.xml
[2026-09-10 15:22:51] 本次订阅抓取结果统计:
[2026-09-10 15:22:51] 共 54 条RSS, 成功抓取 42 条.
[2026-09-10 15:22:51] ✘ 有 12 条订阅解析失败:
[2026-09-10 15:22:51] - https://geekinney.com/index.xml
[2026-09-10 15:22:51] - https://suus.me/atom.xml
[2026-09-10 15:22:51] - https://timyang.net/feed/
[2026-09-10 15:22:51] - https://www.mrhe.net/feed
[2026-09-10 15:22:51] - https://www.shephe.com/feed
[2026-09-10 15:22:51] - https://ilogs.cn/feed/
[2026-09-10 15:22:51] - https://writings.howsoonisnow.org/blog/feed/feed.xml
[2026-09-10 15:22:51] - https://sizheng.org/feed
[2026-09-10 15:22:51] - https://4op.top/index.xml
[2026-09-10 15:22:51] - https://feng.pub/feed
[2026-09-10 15:22:51] - https://ayayy.com/feed/
[2026-09-10 15:22:51] - https://zhongxiaojie.com/feed
[2026-09-10 15:22:51] ✘ 有 1 条订阅头像字段为空, 已使用默认头像:
[2026-09-10 15:22:51] - https://jt26wzz.com/rss.xml
[2026-09-10 18:46:54] 本次订阅抓取结果统计:
[2026-09-10 18:46:54] 共 54 条RSS, 成功抓取 43 条.
[2026-09-10 18:46:54] ✘ 有 11 条订阅解析失败:
[2026-09-10 18:46:54] - https://geekinney.com/index.xml
[2026-09-10 18:46:54] - https://timyang.net/feed/
[2026-09-10 18:46:54] - https://suus.me/atom.xml
[2026-09-10 18:46:54] - https://www.mrhe.net/feed
[2026-09-10 18:46:54] - https://www.shephe.com/feed
[2026-09-10 18:46:54] - https://ilogs.cn/feed/
[2026-09-10 18:46:54] - https://writings.howsoonisnow.org/blog/feed/feed.xml
[2026-09-10 18:46:54] - https://sizheng.org/feed
[2026-09-10 18:46:54] - https://4op.top/index.xml
[2026-09-10 18:46:54] - https://ayayy.com/feed/
[2026-09-10 18:46:54] - https://feng.pub/feed
[2026-09-10 18:46:54] ✘ 有 1 条订阅头像字段为空, 已使用默认头像:
[2026-09-10 18:46:54] - https://jt26wzz.com/rss.xml
[2026-09-10 21:16:49] 抓取到的文章与现有数据相同，无需更新。
