[2026-10-05 02:44:17] 本次订阅抓取结果统计:
[2026-10-05 02:44:17] 共 54 条RSS, 成功抓取 42 条.
[2026-10-05 02:44:17] ✘ 有 12 条订阅解析失败:
[2026-10-05 02:44:17] - https://geekinney.com/index.xml
[2026-10-05 02:44:17] - https://suus.me/atom.xml
[2026-10-05 02:44:17] - https://timyang.net/feed/
[2026-10-05 02:44:17] - https://www.shephe.com/feed
[2026-10-05 02:44:17] - https://writings.howsoonisnow.org/blog/feed/feed.xml
[2026-10-05 02:44:17] - https://ilogs.cn/feed/
[2026-10-05 02:44:17] - https://www.laomuzhu.cn/feed/
[2026-10-05 02:44:17] - https://sizheng.org/feed
[2026-10-05 02:44:17] - https://4op.top/index.xml
[2026-10-05 02:44:17] - https://yufan.me/feed
[2026-10-05 02:44:17] - https://ayayy.com/feed/
[2026-10-05 02:44:17] - https://feng.pub/feed
[2026-10-05 02:44:17] ✘ 有 1 条订阅头像字段为空, 已使用默认头像:
[2026-10-05 02:44:17] - https://jt26wzz.com/rss.xml
[2026-10-05 09:44:16] 本次订阅抓取结果统计:
[2026-10-05 09:44:16] 共 54 条RSS, 成功抓取 41 条.
[2026-10-05 09:44:16] ✘ 有 13 条订阅解析失败:
[2026-10-05 09:44:16] - https://geekinney.com/index.xml
[2026-10-05 09:44:16] - https://timyang.net/feed/
[2026-10-05 09:44:16] - https://suus.me/atom.xml
[2026-10-05 09:44:16] - https://www.shephe.com/feed
[2026-10-05 09:44:16] - https://ilogs.cn/feed/
[2026-10-05 09:44:16] - https://writings.howsoonisnow.org/blog/feed/feed.xml
[2026-10-05 09:44:16] - https://sizheng.org/feed
[2026-10-05 09:44:16] - https://www.laomuzhu.cn/feed/
[2026-10-05 09:44:16] - https://4op.top/index.xml
[2026-10-05 09:44:16] - https://yufan.me/feed
[2026-10-05 09:44:16] - https://ayayy.com/feed/
[2026-10-05 09:44:16] - https://feng.pub/feed
[2026-10-05 09:44:16] - https://note.redcha.cn/rss.xml
[2026-10-05 09:44:16] ✘ 有 1 条订阅头像字段为空, 已使用默认头像:
[2026-10-05 09:44:16] - https://jt26wzz.com/rss.xml
