[2026-10-07 03:02:05] 本次订阅抓取结果统计:
[2026-10-07 03:02:05] 共 54 条RSS, 成功抓取 42 条.
[2026-10-07 03:02:05] ✘ 有 12 条订阅解析失败:
[2026-10-07 03:02:05] - https://geekinney.com/index.xml
[2026-10-07 03:02:05] - https://timyang.net/feed/
[2026-10-07 03:02:05] - https://suus.me/atom.xml
[2026-10-07 03:02:05] - https://www.shephe.com/feed
[2026-10-07 03:02:05] - https://ilogs.cn/feed/
[2026-10-07 03:02:05] - https://writings.howsoonisnow.org/blog/feed/feed.xml
[2026-10-07 03:02:05] - https://www.laomuzhu.cn/feed/
[2026-10-07 03:02:05] - https://sizheng.org/feed
[2026-10-07 03:02:05] - https://4op.top/index.xml
[2026-10-07 03:02:05] - https://yufan.me/feed
[2026-10-07 03:02:05] - https://ayayy.com/feed/
[2026-10-07 03:02:05] - https://feng.pub/feed
[2026-10-07 03:02:05] ✘ 有 1 条订阅头像字段为空, 已使用默认头像:
[2026-10-07 03:02:05] - https://jt26wzz.com/rss.xml
[2026-10-07 10:39:02] 本次订阅抓取结果统计:
[2026-10-07 10:39:02] 共 54 条RSS, 成功抓取 42 条.
[2026-10-07 10:39:02] ✘ 有 12 条订阅解析失败:
[2026-10-07 10:39:02] - https://geekinney.com/index.xml
[2026-10-07 10:39:02] - https://timyang.net/feed/
[2026-10-07 10:39:02] - https://suus.me/atom.xml
[2026-10-07 10:39:02] - https://www.shephe.com/feed
[2026-10-07 10:39:02] - https://ilogs.cn/feed/
[2026-10-07 10:39:02] - https://writings.howsoonisnow.org/blog/feed/feed.xml
[2026-10-07 10:39:02] - https://sizheng.org/feed
[2026-10-07 10:39:02] - https://www.laomuzhu.cn/feed/
[2026-10-07 10:39:02] - https://yufan.me/feed
[2026-10-07 10:39:02] - https://4op.top/index.xml
[2026-10-07 10:39:02] - https://ayayy.com/feed/
[2026-10-07 10:39:02] - https://feng.pub/feed
[2026-10-07 10:39:02] ✘ 有 1 条订阅头像字段为空, 已使用默认头像:
[2026-10-07 10:39:02] - https://jt26wzz.com/rss.xml
[2026-10-07 17:34:54] 本次订阅抓取结果统计:
[2026-10-07 17:34:54] 共 54 条RSS, 成功抓取 42 条.
[2026-10-07 17:34:54] ✘ 有 12 条订阅解析失败:
[2026-10-07 17:34:54] - https://geekinney.com/index.xml
[2026-10-07 17:34:54] - https://timyang.net/feed/
[2026-10-07 17:34:54] - https://suus.me/atom.xml
[2026-10-07 17:34:54] - https://www.shephe.com/feed
[2026-10-07 17:34:54] - https://writings.howsoonisnow.org/blog/feed/feed.xml
[2026-10-07 17:34:54] - https://sizheng.org/feed
[2026-10-07 17:34:54] - https://ilogs.cn/feed/
[2026-10-07 17:34:54] - https://www.laomuzhu.cn/feed/
[2026-10-07 17:34:54] - https://yufan.me/feed
[2026-10-07 17:34:54] - https://4op.top/index.xml
[2026-10-07 17:34:54] - https://ayayy.com/feed/
[2026-10-07 17:34:54] - https://feng.pub/feed
[2026-10-07 17:34:54] ✘ 有 1 条订阅头像字段为空, 已使用默认头像:
[2026-10-07 17:34:54] - https://jt26wzz.com/rss.xml
[2026-10-07 22:22:29] 抓取到的文章与现有数据相同，无需更新。
