[2026-09-19 02:00:19] 抓取到的文章与现有数据相同，无需更新。
[2026-09-19 07:01:52] 本次订阅抓取结果统计:
[2026-09-19 07:01:52] 共 54 条RSS, 成功抓取 42 条.
[2026-09-19 07:01:52] ✘ 有 12 条订阅解析失败:
[2026-09-19 07:01:52] - https://geekinney.com/index.xml
[2026-09-19 07:01:52] - https://timyang.net/feed/
[2026-09-19 07:01:52] - https://suus.me/atom.xml
[2026-09-19 07:01:52] - https://www.mrhe.net/feed
[2026-09-19 07:01:52] - https://www.shephe.com/feed
[2026-09-19 07:01:52] - https://writings.howsoonisnow.org/blog/feed/feed.xml
[2026-09-19 07:01:52] - https://ilogs.cn/feed/
[2026-09-19 07:01:52] - https://sizheng.org/feed
[2026-09-19 07:01:52] - https://4op.top/index.xml
[2026-09-19 07:01:52] - https://ayayy.com/feed/
[2026-09-19 07:01:52] - https://feng.pub/feed
[2026-09-19 07:01:52] - https://yufan.me/feed
[2026-09-19 07:01:52] ✘ 有 1 条订阅头像字段为空, 已使用默认头像:
[2026-09-19 07:01:52] - https://jt26wzz.com/rss.xml
[2026-09-19 12:07:35] 本次订阅抓取结果统计:
[2026-09-19 12:07:35] 共 54 条RSS, 成功抓取 40 条.
[2026-09-19 12:07:35] ✘ 有 14 条订阅解析失败:
[2026-09-19 12:07:35] - https://geekinney.com/index.xml
[2026-09-19 12:07:35] - https://tumutanzi.com/feed
[2026-09-19 12:07:35] - https://timyang.net/feed/
[2026-09-19 12:07:35] - https://suus.me/atom.xml
[2026-09-19 12:07:35] - https://www.mrhe.net/feed
[2026-09-19 12:07:35] - https://www.shephe.com/feed
[2026-09-19 12:07:35] - https://leixus.cn/index.php/feed/
[2026-09-19 12:07:35] - https://writings.howsoonisnow.org/blog/feed/feed.xml
[2026-09-19 12:07:35] - https://ilogs.cn/feed/
[2026-09-19 12:07:35] - https://sizheng.org/feed
[2026-09-19 12:07:35] - https://4op.top/index.xml
[2026-09-19 12:07:35] - https://ayayy.com/feed/
[2026-09-19 12:07:35] - https://feng.pub/feed
[2026-09-19 12:07:35] - https://yufan.me/feed
[2026-09-19 12:07:35] ✘ 有 1 条订阅头像字段为空, 已使用默认头像:
[2026-09-19 12:07:35] - https://jt26wzz.com/rss.xml
[2026-09-19 16:08:55] 本次订阅抓取结果统计:
[2026-09-19 16:08:55] 共 54 条RSS, 成功抓取 42 条.
[2026-09-19 16:08:55] ✘ 有 12 条订阅解析失败:
[2026-09-19 16:08:55] - https://geekinney.com/index.xml
[2026-09-19 16:08:55] - https://timyang.net/feed/
[2026-09-19 16:08:55] - https://suus.me/atom.xml
[2026-09-19 16:08:55] - https://www.mrhe.net/feed
[2026-09-19 16:08:55] - https://www.shephe.com/feed
[2026-09-19 16:08:55] - https://writings.howsoonisnow.org/blog/feed/feed.xml
[2026-09-19 16:08:55] - https://ilogs.cn/feed/
[2026-09-19 16:08:55] - https://sizheng.org/feed
[2026-09-19 16:08:55] - https://4op.top/index.xml
[2026-09-19 16:08:55] - https://feng.pub/feed
[2026-09-19 16:08:55] - https://ayayy.com/feed/
[2026-09-19 16:08:55] - https://yufan.me/feed
[2026-09-19 16:08:55] ✘ 有 1 条订阅头像字段为空, 已使用默认头像:
[2026-09-19 16:08:55] - https://jt26wzz.com/rss.xml
[2026-09-19 19:02:00] 抓取到的文章与现有数据相同，无需更新。
[2026-09-19 21:52:40] 抓取到的文章与现有数据相同，无需更新。
[2026-09-19 23:44:41] 抓取到的文章与现有数据相同，无需更新。
