[2026-08-24 00:34:10] 抓取到的文章与现有数据相同，无需更新。
[2026-08-24 02:15:40] 抓取到的文章与现有数据相同，无需更新。
[2026-08-24 03:43:23] 抓取到的文章与现有数据相同，无需更新。
[2026-08-24 04:33:59] 抓取到的文章与现有数据相同，无需更新。
[2026-08-24 05:28:27] 抓取到的文章与现有数据相同，无需更新。
[2026-08-24 06:33:18] 本次订阅抓取结果统计:
[2026-08-24 06:33:18] 共 54 条RSS, 成功抓取 43 条.
[2026-08-24 06:33:18] ✘ 有 11 条订阅解析失败:
[2026-08-24 06:33:18] - https://geekinney.com/index.xml
[2026-08-24 06:33:18] - https://suus.me/atom.xml
[2026-08-24 06:33:18] - https://www.laruence.com/feed
[2026-08-24 06:33:18] - https://www.moraex.com/feed
[2026-08-24 06:33:18] - https://ilogs.cn/feed/
[2026-08-24 06:33:18] - https://www.shephe.com/feed
[2026-08-24 06:33:18] - https://writings.howsoonisnow.org/blog/feed/feed.xml
[2026-08-24 06:33:18] - https://sizheng.org/feed
[2026-08-24 06:33:18] - https://4op.top/index.xml
[2026-08-24 06:33:18] - https://feng.pub/feed
[2026-08-24 06:33:18] - https://ayayy.com/feed/
[2026-08-24 06:33:18] ✘ 有 1 条订阅头像字段为空, 已使用默认头像:
[2026-08-24 06:33:18] - https://jt26wzz.com/rss.xml
[2026-08-24 07:48:41] 本次订阅抓取结果统计:
[2026-08-24 07:48:41] 共 54 条RSS, 成功抓取 44 条.
[2026-08-24 07:48:41] ✘ 有 10 条订阅解析失败:
[2026-08-24 07:48:41] - https://geekinney.com/index.xml
[2026-08-24 07:48:41] - https://suus.me/atom.xml
[2026-08-24 07:48:41] - https://www.shephe.com/feed
[2026-08-24 07:48:41] - https://ilogs.cn/feed/
[2026-08-24 07:48:41] - https://writings.howsoonisnow.org/blog/feed/feed.xml
[2026-08-24 07:48:41] - https://sizheng.org/feed
[2026-08-24 07:48:41] - https://4op.top/index.xml
[2026-08-24 07:48:41] - https://www.moraex.com/feed
[2026-08-24 07:48:41] - https://feng.pub/feed
[2026-08-24 07:48:41] - https://ayayy.com/feed/
[2026-08-24 07:48:41] ✘ 有 1 条订阅头像字段为空, 已使用默认头像:
[2026-08-24 07:48:41] - https://jt26wzz.com/rss.xml
[2026-08-24 08:34:45] 本次订阅抓取结果统计:
[2026-08-24 08:34:45] 共 54 条RSS, 成功抓取 44 条.
[2026-08-24 08:34:45] ✘ 有 10 条订阅解析失败:
[2026-08-24 08:34:45] - https://geekinney.com/index.xml
[2026-08-24 08:34:45] - https://suus.me/atom.xml
[2026-08-24 08:34:45] - https://writings.howsoonisnow.org/blog/feed/feed.xml
[2026-08-24 08:34:45] - https://ilogs.cn/feed/
[2026-08-24 08:34:45] - https://www.moraex.com/feed
[2026-08-24 08:34:45] - https://sizheng.org/feed
[2026-08-24 08:34:45] - https://4op.top/index.xml
[2026-08-24 08:34:45] - https://www.shephe.com/feed
[2026-08-24 08:34:45] - https://feng.pub/feed
[2026-08-24 08:34:45] - https://ayayy.com/feed/
[2026-08-24 08:34:45] ✘ 有 1 条订阅头像字段为空, 已使用默认头像:
[2026-08-24 08:34:45] - https://jt26wzz.com/rss.xml
[2026-08-24 09:34:36] [WARN] 加载头像映射失败: failed to fetch avatar map: Get "https://cos.lhasa.icu/lhasaRSS/avatar.json": context deadline exceeded (Client.Timeout exceeded while awaiting headers)
[2026-08-24 09:35:46] 本次订阅抓取结果统计:
[2026-08-24 09:35:46] 共 54 条RSS, 成功抓取 37 条.
[2026-08-24 09:35:46] ✘ 有 17 条订阅解析失败:
[2026-08-24 09:35:46] - https://geekinney.com/index.xml
[2026-08-24 09:35:46] - https://suus.me/atom.xml
[2026-08-24 09:35:46] - https://www.shephe.com/feed
[2026-08-24 09:35:46] - https://writings.howsoonisnow.org/blog/feed/feed.xml
[2026-08-24 09:35:46] - https://sizheng.org/feed
[2026-08-24 09:35:46] - https://feng.pub/feed
[2026-08-24 09:35:46] - https://zhongxiaojie.com/feed
[2026-08-24 09:35:46] - https://xyzbz.cn/feed
[2026-08-24 09:35:46] - https://4op.top/index.xml
[2026-08-24 09:35:46] - https://www.mrhe.net/feed
[2026-08-24 09:35:46] - https://www.laomuzhu.cn/feed/
[2026-08-24 09:35:46] - https://note.redcha.cn/rss.xml
[2026-08-24 09:35:46] - https://www.moraex.com/feed
[2026-08-24 09:35:46] - https://bluehe.cn/rss.xml
[2026-08-24 09:35:46] - https://ilogs.cn/feed/
[2026-08-24 09:35:46] - https://ayayy.com/feed/
[2026-08-24 09:35:46] - https://usj.cc/rss.xml
[2026-08-24 09:35:46] ✘ 有 1 条订阅头像字段为空, 已使用默认头像:
[2026-08-24 09:35:46] - https://mayx.eu.org/atom.xml
[2026-08-24 09:35:46] ✘ 有 4 条订阅头像无法访问, 已使用默认头像:
[2026-08-24 09:35:46] - https://skywind.me/blog/feed
[2026-08-24 09:35:46] - https://laike9m.com/blog/rss/
[2026-08-24 09:35:46] - https://blog.fueis.com/feed
[2026-08-24 09:35:46] - https://shuiba.co/feed
