[2026-08-29 02:32:38] 本次订阅抓取结果统计:
[2026-08-29 02:32:38] 共 54 条RSS, 成功抓取 44 条.
[2026-08-29 02:32:38] ✘ 有 10 条订阅解析失败:
[2026-08-29 02:32:38] - https://geekinney.com/index.xml
[2026-08-29 02:32:38] - https://suus.me/atom.xml
[2026-08-29 02:32:38] - https://ilogs.cn/feed/
[2026-08-29 02:32:38] - https://writings.howsoonisnow.org/blog/feed/feed.xml
[2026-08-29 02:32:38] - https://www.moraex.com/feed
[2026-08-29 02:32:38] - https://sizheng.org/feed
[2026-08-29 02:32:38] - https://4op.top/index.xml
[2026-08-29 02:32:38] - https://www.shephe.com/feed
[2026-08-29 02:32:38] - https://ayayy.com/feed/
[2026-08-29 02:32:38] - https://feng.pub/feed
[2026-08-29 02:32:38] ✘ 有 1 条订阅头像字段为空, 已使用默认头像:
[2026-08-29 02:32:38] - https://jt26wzz.com/rss.xml
[2026-08-29 09:29:32] 本次订阅抓取结果统计:
[2026-08-29 09:29:32] 共 54 条RSS, 成功抓取 44 条.
[2026-08-29 09:29:32] ✘ 有 10 条订阅解析失败:
[2026-08-29 09:29:32] - https://geekinney.com/index.xml
[2026-08-29 09:29:32] - https://suus.me/atom.xml
[2026-08-29 09:29:32] - https://ilogs.cn/feed/
[2026-08-29 09:29:32] - https://writings.howsoonisnow.org/blog/feed/feed.xml
[2026-08-29 09:29:32] - https://www.moraex.com/feed
[2026-08-29 09:29:32] - https://sizheng.org/feed
[2026-08-29 09:29:32] - https://4op.top/index.xml
[2026-08-29 09:29:32] - https://www.shephe.com/feed
[2026-08-29 09:29:32] - https://ayayy.com/feed/
[2026-08-29 09:29:32] - https://feng.pub/feed
[2026-08-29 09:29:32] ✘ 有 1 条订阅头像字段为空, 已使用默认头像:
[2026-08-29 09:29:32] - https://jt26wzz.com/rss.xml
[2026-08-29 14:45:39] 本次订阅抓取结果统计:
[2026-08-29 14:45:39] 共 54 条RSS, 成功抓取 44 条.
[2026-08-29 14:45:39] ✘ 有 10 条订阅解析失败:
[2026-08-29 14:45:39] - https://geekinney.com/index.xml
[2026-08-29 14:45:39] - https://suus.me/atom.xml
[2026-08-29 14:45:39] - https://ilogs.cn/feed/
[2026-08-29 14:45:39] - https://writings.howsoonisnow.org/blog/feed/feed.xml
[2026-08-29 14:45:39] - https://sizheng.org/feed
[2026-08-29 14:45:39] - https://www.moraex.com/feed
[2026-08-29 14:45:39] - https://4op.top/index.xml
[2026-08-29 14:45:39] - https://feng.pub/feed
[2026-08-29 14:45:39] - https://ayayy.com/feed/
[2026-08-29 14:45:39] - https://www.shephe.com/feed
[2026-08-29 14:45:39] ✘ 有 1 条订阅头像字段为空, 已使用默认头像:
[2026-08-29 14:45:39] - https://jt26wzz.com/rss.xml
[2026-08-29 17:58:51] 抓取到的文章与现有数据相同，无需更新。
[2026-08-29 20:20:57] 抓取到的文章与现有数据相同，无需更新。
