[2026-09-11 01:48:00] 抓取到的文章与现有数据相同，无需更新。
[2026-09-11 06:45:35] 抓取到的文章与现有数据相同，无需更新。
[2026-09-11 11:54:51] 本次订阅抓取结果统计:
[2026-09-11 11:54:51] 共 54 条RSS, 成功抓取 41 条.
[2026-09-11 11:54:51] ✘ 有 13 条订阅解析失败:
[2026-09-11 11:54:51] - https://geekinney.com/index.xml
[2026-09-11 11:54:51] - https://tumutanzi.com/feed
[2026-09-11 11:54:51] - https://suus.me/atom.xml
[2026-09-11 11:54:51] - https://timyang.net/feed/
[2026-09-11 11:54:51] - https://www.mrhe.net/feed
[2026-09-11 11:54:51] - https://leixus.cn/index.php/feed/
[2026-09-11 11:54:51] - https://www.shephe.com/feed
[2026-09-11 11:54:51] - https://writings.howsoonisnow.org/blog/feed/feed.xml
[2026-09-11 11:54:51] - https://ilogs.cn/feed/
[2026-09-11 11:54:51] - https://sizheng.org/feed
[2026-09-11 11:54:51] - https://4op.top/index.xml
[2026-09-11 11:54:51] - https://ayayy.com/feed/
[2026-09-11 11:54:51] - https://feng.pub/feed
[2026-09-11 11:54:51] ✘ 有 1 条订阅头像字段为空, 已使用默认头像:
[2026-09-11 11:54:51] - https://jt26wzz.com/rss.xml
