[2026-09-08 01:46:44] 本次订阅抓取结果统计:
[2026-09-08 01:46:44] 共 54 条RSS, 成功抓取 41 条.
[2026-09-08 01:46:44] ✘ 有 13 条订阅解析失败:
[2026-09-08 01:46:44] - https://geekinney.com/index.xml
[2026-09-08 01:46:44] - https://tumutanzi.com/feed
[2026-09-08 01:46:44] - https://suus.me/atom.xml
[2026-09-08 01:46:44] - https://timyang.net/feed/
[2026-09-08 01:46:44] - https://www.mrhe.net/feed
[2026-09-08 01:46:44] - https://www.shephe.com/feed
[2026-09-08 01:46:44] - https://leixus.cn/index.php/feed/
[2026-09-08 01:46:44] - https://writings.howsoonisnow.org/blog/feed/feed.xml
[2026-09-08 01:46:44] - https://sizheng.org/feed
[2026-09-08 01:46:44] - https://ilogs.cn/feed/
[2026-09-08 01:46:44] - https://4op.top/index.xml
[2026-09-08 01:46:44] - https://ayayy.com/feed/
[2026-09-08 01:46:44] - https://feng.pub/feed
[2026-09-08 01:46:44] ✘ 有 1 条订阅头像字段为空, 已使用默认头像:
[2026-09-08 01:46:44] - https://jt26wzz.com/rss.xml
[2026-09-08 06:39:41] 本次订阅抓取结果统计:
[2026-09-08 06:39:41] 共 54 条RSS, 成功抓取 43 条.
[2026-09-08 06:39:41] ✘ 有 11 条订阅解析失败:
[2026-09-08 06:39:41] - https://geekinney.com/index.xml
[2026-09-08 06:39:41] - https://timyang.net/feed/
[2026-09-08 06:39:41] - https://suus.me/atom.xml
[2026-09-08 06:39:41] - https://www.mrhe.net/feed
[2026-09-08 06:39:41] - https://www.shephe.com/feed
[2026-09-08 06:39:41] - https://ilogs.cn/feed/
[2026-09-08 06:39:41] - https://writings.howsoonisnow.org/blog/feed/feed.xml
[2026-09-08 06:39:41] - https://sizheng.org/feed
[2026-09-08 06:39:41] - https://4op.top/index.xml
[2026-09-08 06:39:41] - https://ayayy.com/feed/
[2026-09-08 06:39:41] - https://feng.pub/feed
[2026-09-08 06:39:41] ✘ 有 1 条订阅头像字段为空, 已使用默认头像:
[2026-09-08 06:39:41] - https://jt26wzz.com/rss.xml
[2026-09-08 11:50:53] 本次订阅抓取结果统计:
[2026-09-08 11:50:53] 共 54 条RSS, 成功抓取 43 条.
[2026-09-08 11:50:53] ✘ 有 11 条订阅解析失败:
[2026-09-08 11:50:53] - https://geekinney.com/index.xml
[2026-09-08 11:50:53] - https://timyang.net/feed/
[2026-09-08 11:50:53] - https://suus.me/atom.xml
[2026-09-08 11:50:53] - https://www.mrhe.net/feed
[2026-09-08 11:50:53] - https://www.shephe.com/feed
[2026-09-08 11:50:53] - https://writings.howsoonisnow.org/blog/feed/feed.xml
[2026-09-08 11:50:53] - https://ilogs.cn/feed/
[2026-09-08 11:50:53] - https://sizheng.org/feed
[2026-09-08 11:50:53] - https://4op.top/index.xml
[2026-09-08 11:50:53] - https://ayayy.com/feed/
[2026-09-08 11:50:53] - https://feng.pub/feed
[2026-09-08 11:50:53] ✘ 有 1 条订阅头像字段为空, 已使用默认头像:
[2026-09-08 11:50:53] - https://jt26wzz.com/rss.xml
[2026-09-08 15:31:49] 本次订阅抓取结果统计:
[2026-09-08 15:31:49] 共 54 条RSS, 成功抓取 43 条.
[2026-09-08 15:31:49] ✘ 有 11 条订阅解析失败:
[2026-09-08 15:31:49] - https://geekinney.com/index.xml
[2026-09-08 15:31:49] - https://timyang.net/feed/
[2026-09-08 15:31:49] - https://suus.me/atom.xml
[2026-09-08 15:31:49] - https://www.mrhe.net/feed
[2026-09-08 15:31:49] - https://www.shephe.com/feed
[2026-09-08 15:31:49] - https://writings.howsoonisnow.org/blog/feed/feed.xml
[2026-09-08 15:31:49] - https://ilogs.cn/feed/
[2026-09-08 15:31:49] - https://sizheng.org/feed
[2026-09-08 15:31:49] - https://4op.top/index.xml
[2026-09-08 15:31:49] - https://ayayy.com/feed/
[2026-09-08 15:31:49] - https://feng.pub/feed
[2026-09-08 15:31:49] ✘ 有 1 条订阅头像字段为空, 已使用默认头像:
[2026-09-08 15:31:49] - https://jt26wzz.com/rss.xml
[2026-09-08 19:04:21] 抓取到的文章与现有数据相同，无需更新。
