[2026-07-29 01:24:21] 抓取到的文章与现有数据相同，无需更新。
[2026-07-29 04:56:36] 本次订阅抓取结果统计:
[2026-07-29 04:56:36] 共 54 条RSS, 成功抓取 45 条.
[2026-07-29 04:56:36] ✘ 有 9 条订阅解析失败:
[2026-07-29 04:56:36] - https://geekinney.com/index.xml
[2026-07-29 04:56:36] - https://suus.me/atom.xml
[2026-07-29 04:56:36] - https://www.shephe.com/feed
[2026-07-29 04:56:36] - https://ilogs.cn/feed/
[2026-07-29 04:56:36] - https://writings.howsoonisnow.org/blog/feed/feed.xml
[2026-07-29 04:56:36] - https://www.moraex.com/feed
[2026-07-29 04:56:36] - https://sizheng.org/feed
[2026-07-29 04:56:36] - https://4op.top/index.xml
[2026-07-29 04:56:36] - https://ayayy.com/feed/
[2026-07-29 04:56:36] ✘ 有 1 条订阅头像字段为空, 已使用默认头像:
[2026-07-29 04:56:36] - https://jt26wzz.com/rss.xml
[2026-07-29 07:37:20] 本次订阅抓取结果统计:
[2026-07-29 07:37:20] 共 54 条RSS, 成功抓取 45 条.
[2026-07-29 07:37:20] ✘ 有 9 条订阅解析失败:
[2026-07-29 07:37:20] - https://geekinney.com/index.xml
[2026-07-29 07:37:20] - https://suus.me/atom.xml
[2026-07-29 07:37:20] - https://www.shephe.com/feed
[2026-07-29 07:37:20] - https://ilogs.cn/feed/
[2026-07-29 07:37:20] - https://writings.howsoonisnow.org/blog/feed/feed.xml
[2026-07-29 07:37:20] - https://sizheng.org/feed
[2026-07-29 07:37:20] - https://www.moraex.com/feed
[2026-07-29 07:37:20] - https://4op.top/index.xml
[2026-07-29 07:37:20] - https://ayayy.com/feed/
[2026-07-29 07:37:20] ✘ 有 1 条订阅头像字段为空, 已使用默认头像:
[2026-07-29 07:37:20] - https://jt26wzz.com/rss.xml
[2026-07-29 10:26:24] 抓取到的文章与现有数据相同，无需更新。
[2026-07-29 12:54:05] 本次订阅抓取结果统计:
[2026-07-29 12:54:05] 共 54 条RSS, 成功抓取 45 条.
[2026-07-29 12:54:05] ✘ 有 9 条订阅解析失败:
[2026-07-29 12:54:05] - https://geekinney.com/index.xml
[2026-07-29 12:54:05] - https://suus.me/atom.xml
[2026-07-29 12:54:05] - https://www.shephe.com/feed
[2026-07-29 12:54:05] - https://ilogs.cn/feed/
[2026-07-29 12:54:05] - https://writings.howsoonisnow.org/blog/feed/feed.xml
[2026-07-29 12:54:05] - https://www.moraex.com/feed
[2026-07-29 12:54:05] - https://sizheng.org/feed
[2026-07-29 12:54:05] - https://4op.top/index.xml
[2026-07-29 12:54:05] - https://ayayy.com/feed/
[2026-07-29 12:54:05] ✘ 有 1 条订阅头像字段为空, 已使用默认头像:
[2026-07-29 12:54:05] - https://jt26wzz.com/rss.xml
[2026-07-29 15:02:48] 抓取到的文章与现有数据相同，无需更新。
[2026-07-29 17:01:49] 抓取到的文章与现有数据相同，无需更新。
[2026-07-29 18:51:38] 抓取到的文章与现有数据相同，无需更新。
[2026-07-29 20:06:20] 抓取到的文章与现有数据相同，无需更新。
[2026-07-29 21:44:53] 抓取到的文章与现有数据相同，无需更新。
[2026-07-29 22:45:35] 抓取到的文章与现有数据相同，无需更新。
[2026-07-29 23:51:14] 抓取到的文章与现有数据相同，无需更新。
