[2026-08-03 01:28:39] 本次订阅抓取结果统计:
[2026-08-03 01:28:39] 共 54 条RSS, 成功抓取 45 条.
[2026-08-03 01:28:39] ✘ 有 9 条订阅解析失败:
[2026-08-03 01:28:39] - https://geekinney.com/index.xml
[2026-08-03 01:28:39] - https://suus.me/atom.xml
[2026-08-03 01:28:39] - https://www.shephe.com/feed
[2026-08-03 01:28:39] - https://ilogs.cn/feed/
[2026-08-03 01:28:39] - https://www.moraex.com/feed
[2026-08-03 01:28:39] - https://writings.howsoonisnow.org/blog/feed/feed.xml
[2026-08-03 01:28:39] - https://sizheng.org/feed
[2026-08-03 01:28:39] - https://4op.top/index.xml
[2026-08-03 01:28:39] - https://ayayy.com/feed/
[2026-08-03 01:28:39] ✘ 有 1 条订阅头像字段为空, 已使用默认头像:
[2026-08-03 01:28:39] - https://jt26wzz.com/rss.xml
[2026-08-03 05:27:50] 本次订阅抓取结果统计:
[2026-08-03 05:27:50] 共 54 条RSS, 成功抓取 45 条.
[2026-08-03 05:27:50] ✘ 有 9 条订阅解析失败:
[2026-08-03 05:27:50] - https://geekinney.com/index.xml
[2026-08-03 05:27:50] - https://suus.me/atom.xml
[2026-08-03 05:27:50] - https://ilogs.cn/feed/
[2026-08-03 05:27:50] - https://writings.howsoonisnow.org/blog/feed/feed.xml
[2026-08-03 05:27:50] - https://www.shephe.com/feed
[2026-08-03 05:27:50] - https://www.moraex.com/feed
[2026-08-03 05:27:50] - https://sizheng.org/feed
[2026-08-03 05:27:50] - https://4op.top/index.xml
[2026-08-03 05:27:50] - https://ayayy.com/feed/
[2026-08-03 05:27:50] ✘ 有 1 条订阅头像字段为空, 已使用默认头像:
[2026-08-03 05:27:50] - https://jt26wzz.com/rss.xml
[2026-08-03 08:57:29] 抓取到的文章与现有数据相同，无需更新。
[2026-08-03 12:14:05] 本次订阅抓取结果统计:
[2026-08-03 12:14:05] 共 54 条RSS, 成功抓取 44 条.
[2026-08-03 12:14:05] ✘ 有 10 条订阅解析失败:
[2026-08-03 12:14:05] - https://geekinney.com/index.xml
[2026-08-03 12:14:05] - https://tumutanzi.com/feed
[2026-08-03 12:14:05] - https://suus.me/atom.xml
[2026-08-03 12:14:05] - https://www.shephe.com/feed
[2026-08-03 12:14:05] - https://ilogs.cn/feed/
[2026-08-03 12:14:05] - https://www.moraex.com/feed
[2026-08-03 12:14:05] - https://writings.howsoonisnow.org/blog/feed/feed.xml
[2026-08-03 12:14:05] - https://sizheng.org/feed
[2026-08-03 12:14:05] - https://4op.top/index.xml
[2026-08-03 12:14:05] - https://ayayy.com/feed/
[2026-08-03 12:14:05] ✘ 有 1 条订阅头像字段为空, 已使用默认头像:
[2026-08-03 12:14:05] - https://jt26wzz.com/rss.xml
[2026-08-03 15:35:30] 本次订阅抓取结果统计:
[2026-08-03 15:35:30] 共 54 条RSS, 成功抓取 45 条.
[2026-08-03 15:35:30] ✘ 有 9 条订阅解析失败:
[2026-08-03 15:35:30] - https://geekinney.com/index.xml
[2026-08-03 15:35:30] - https://suus.me/atom.xml
[2026-08-03 15:35:30] - https://www.shephe.com/feed
[2026-08-03 15:35:30] - https://ilogs.cn/feed/
[2026-08-03 15:35:30] - https://www.moraex.com/feed
[2026-08-03 15:35:30] - https://writings.howsoonisnow.org/blog/feed/feed.xml
[2026-08-03 15:35:30] - https://sizheng.org/feed
[2026-08-03 15:35:30] - https://4op.top/index.xml
[2026-08-03 15:35:30] - https://ayayy.com/feed/
[2026-08-03 15:35:30] ✘ 有 1 条订阅头像字段为空, 已使用默认头像:
[2026-08-03 15:35:30] - https://jt26wzz.com/rss.xml
[2026-08-03 17:46:57] 抓取到的文章与现有数据相同，无需更新。
[2026-08-03 19:15:05] 抓取到的文章与现有数据相同，无需更新。
[2026-08-03 20:52:33] 本次订阅抓取结果统计:
[2026-08-03 20:52:33] 共 54 条RSS, 成功抓取 45 条.
[2026-08-03 20:52:33] ✘ 有 9 条订阅解析失败:
[2026-08-03 20:52:33] - https://geekinney.com/index.xml
[2026-08-03 20:52:33] - https://suus.me/atom.xml
[2026-08-03 20:52:33] - https://www.shephe.com/feed
[2026-08-03 20:52:33] - https://ilogs.cn/feed/
[2026-08-03 20:52:33] - https://writings.howsoonisnow.org/blog/feed/feed.xml
[2026-08-03 20:52:33] - https://www.moraex.com/feed
[2026-08-03 20:52:33] - https://sizheng.org/feed
[2026-08-03 20:52:33] - https://4op.top/index.xml
[2026-08-03 20:52:33] - https://ayayy.com/feed/
[2026-08-03 20:52:33] ✘ 有 1 条订阅头像字段为空, 已使用默认头像:
[2026-08-03 20:52:33] - https://jt26wzz.com/rss.xml
[2026-08-03 21:56:41] 抓取到的文章与现有数据相同，无需更新。
