[2026-08-02 01:27:44] 本次订阅抓取结果统计:
[2026-08-02 01:27:44] 共 54 条RSS, 成功抓取 45 条.
[2026-08-02 01:27:44] ✘ 有 9 条订阅解析失败:
[2026-08-02 01:27:44] - https://geekinney.com/index.xml
[2026-08-02 01:27:44] - https://suus.me/atom.xml
[2026-08-02 01:27:44] - https://www.shephe.com/feed
[2026-08-02 01:27:44] - https://writings.howsoonisnow.org/blog/feed/feed.xml
[2026-08-02 01:27:44] - https://ilogs.cn/feed/
[2026-08-02 01:27:44] - https://www.moraex.com/feed
[2026-08-02 01:27:44] - https://sizheng.org/feed
[2026-08-02 01:27:44] - https://4op.top/index.xml
[2026-08-02 01:27:44] - https://ayayy.com/feed/
[2026-08-02 01:27:44] ✘ 有 1 条订阅头像字段为空, 已使用默认头像:
[2026-08-02 01:27:44] - https://jt26wzz.com/rss.xml
[2026-08-02 05:14:25] 本次订阅抓取结果统计:
[2026-08-02 05:14:25] 共 54 条RSS, 成功抓取 44 条.
[2026-08-02 05:14:25] ✘ 有 10 条订阅解析失败:
[2026-08-02 05:14:25] - https://geekinney.com/index.xml
[2026-08-02 05:14:25] - https://tumutanzi.com/feed
[2026-08-02 05:14:25] - https://suus.me/atom.xml
[2026-08-02 05:14:25] - https://www.shephe.com/feed
[2026-08-02 05:14:25] - https://www.moraex.com/feed
[2026-08-02 05:14:25] - https://ilogs.cn/feed/
[2026-08-02 05:14:25] - https://writings.howsoonisnow.org/blog/feed/feed.xml
[2026-08-02 05:14:25] - https://sizheng.org/feed
[2026-08-02 05:14:25] - https://4op.top/index.xml
[2026-08-02 05:14:25] - https://ayayy.com/feed/
[2026-08-02 05:14:25] ✘ 有 1 条订阅头像字段为空, 已使用默认头像:
[2026-08-02 05:14:25] - https://jt26wzz.com/rss.xml
[2026-08-02 08:01:20] 本次订阅抓取结果统计:
[2026-08-02 08:01:20] 共 54 条RSS, 成功抓取 45 条.
[2026-08-02 08:01:20] ✘ 有 9 条订阅解析失败:
[2026-08-02 08:01:20] - https://geekinney.com/index.xml
[2026-08-02 08:01:20] - https://suus.me/atom.xml
[2026-08-02 08:01:20] - https://www.shephe.com/feed
[2026-08-02 08:01:20] - https://ilogs.cn/feed/
[2026-08-02 08:01:20] - https://www.moraex.com/feed
[2026-08-02 08:01:20] - https://writings.howsoonisnow.org/blog/feed/feed.xml
[2026-08-02 08:01:20] - https://sizheng.org/feed
[2026-08-02 08:01:20] - https://4op.top/index.xml
[2026-08-02 08:01:20] - https://ayayy.com/feed/
[2026-08-02 08:01:20] ✘ 有 1 条订阅头像字段为空, 已使用默认头像:
[2026-08-02 08:01:20] - https://jt26wzz.com/rss.xml
[2026-08-02 10:23:39] 抓取到的文章与现有数据相同，无需更新。
