[2026-08-23 00:35:06] 本次订阅抓取结果统计:
[2026-08-23 00:35:06] 共 54 条RSS, 成功抓取 44 条.
[2026-08-23 00:35:06] ✘ 有 10 条订阅解析失败:
[2026-08-23 00:35:06] - https://geekinney.com/index.xml
[2026-08-23 00:35:06] - https://suus.me/atom.xml
[2026-08-23 00:35:06] - https://www.shephe.com/feed
[2026-08-23 00:35:06] - https://ilogs.cn/feed/
[2026-08-23 00:35:06] - https://writings.howsoonisnow.org/blog/feed/feed.xml
[2026-08-23 00:35:06] - https://www.moraex.com/feed
[2026-08-23 00:35:06] - https://sizheng.org/feed
[2026-08-23 00:35:06] - https://4op.top/index.xml
[2026-08-23 00:35:06] - https://feng.pub/feed
[2026-08-23 00:35:06] - https://ayayy.com/feed/
[2026-08-23 00:35:06] ✘ 有 1 条订阅头像字段为空, 已使用默认头像:
[2026-08-23 00:35:06] - https://jt26wzz.com/rss.xml
[2026-08-23 02:17:32] 本次订阅抓取结果统计:
[2026-08-23 02:17:32] 共 54 条RSS, 成功抓取 44 条.
[2026-08-23 02:17:32] ✘ 有 10 条订阅解析失败:
[2026-08-23 02:17:32] - https://geekinney.com/index.xml
[2026-08-23 02:17:32] - https://suus.me/atom.xml
[2026-08-23 02:17:32] - https://www.shephe.com/feed
[2026-08-23 02:17:32] - https://writings.howsoonisnow.org/blog/feed/feed.xml
[2026-08-23 02:17:32] - https://ilogs.cn/feed/
[2026-08-23 02:17:32] - https://www.moraex.com/feed
[2026-08-23 02:17:32] - https://sizheng.org/feed
[2026-08-23 02:17:32] - https://4op.top/index.xml
[2026-08-23 02:17:32] - https://feng.pub/feed
[2026-08-23 02:17:32] - https://ayayy.com/feed/
[2026-08-23 02:17:32] ✘ 有 1 条订阅头像字段为空, 已使用默认头像:
[2026-08-23 02:17:32] - https://jt26wzz.com/rss.xml
