[2026-08-07 02:00:48] 本次订阅抓取结果统计:
[2026-08-07 02:00:48] 共 54 条RSS, 成功抓取 44 条.
[2026-08-07 02:00:48] ✘ 有 10 条订阅解析失败:
[2026-08-07 02:00:48] - https://geekinney.com/index.xml
[2026-08-07 02:00:48] - https://suus.me/atom.xml
[2026-08-07 02:00:48] - https://www.shephe.com/feed
[2026-08-07 02:00:48] - https://writings.howsoonisnow.org/blog/feed/feed.xml
[2026-08-07 02:00:48] - https://ilogs.cn/feed/
[2026-08-07 02:00:48] - https://www.moraex.com/feed
[2026-08-07 02:00:48] - https://sizheng.org/feed
[2026-08-07 02:00:48] - https://4op.top/index.xml
[2026-08-07 02:00:48] - https://ayayy.com/feed/
[2026-08-07 02:00:48] - https://feng.pub/feed
[2026-08-07 02:00:48] ✘ 有 1 条订阅头像字段为空, 已使用默认头像:
[2026-08-07 02:00:48] - https://jt26wzz.com/rss.xml
[2026-08-07 04:25:34] 本次订阅抓取结果统计:
[2026-08-07 04:25:34] 共 54 条RSS, 成功抓取 44 条.
[2026-08-07 04:25:34] ✘ 有 10 条订阅解析失败:
[2026-08-07 04:25:34] - https://geekinney.com/index.xml
[2026-08-07 04:25:34] - https://suus.me/atom.xml
[2026-08-07 04:25:34] - https://www.shephe.com/feed
[2026-08-07 04:25:34] - https://ilogs.cn/feed/
[2026-08-07 04:25:34] - https://writings.howsoonisnow.org/blog/feed/feed.xml
[2026-08-07 04:25:34] - https://sizheng.org/feed
[2026-08-07 04:25:34] - https://www.moraex.com/feed
[2026-08-07 04:25:34] - https://4op.top/index.xml
[2026-08-07 04:25:34] - https://ayayy.com/feed/
[2026-08-07 04:25:34] - https://feng.pub/feed
[2026-08-07 04:25:34] ✘ 有 1 条订阅头像字段为空, 已使用默认头像:
[2026-08-07 04:25:34] - https://jt26wzz.com/rss.xml
[2026-08-07 06:03:15] 本次订阅抓取结果统计:
[2026-08-07 06:03:15] 共 54 条RSS, 成功抓取 44 条.
[2026-08-07 06:03:15] ✘ 有 10 条订阅解析失败:
[2026-08-07 06:03:15] - https://geekinney.com/index.xml
[2026-08-07 06:03:15] - https://suus.me/atom.xml
[2026-08-07 06:03:15] - https://www.shephe.com/feed
[2026-08-07 06:03:15] - https://writings.howsoonisnow.org/blog/feed/feed.xml
[2026-08-07 06:03:15] - https://ilogs.cn/feed/
[2026-08-07 06:03:15] - https://sizheng.org/feed
[2026-08-07 06:03:15] - https://www.moraex.com/feed
[2026-08-07 06:03:15] - https://4op.top/index.xml
[2026-08-07 06:03:15] - https://ayayy.com/feed/
[2026-08-07 06:03:15] - https://feng.pub/feed
[2026-08-07 06:03:15] ✘ 有 1 条订阅头像字段为空, 已使用默认头像:
[2026-08-07 06:03:15] - https://jt26wzz.com/rss.xml
[2026-08-07 08:04:18] 抓取到的文章与现有数据相同，无需更新。
[2026-08-07 09:48:07] 本次订阅抓取结果统计:
[2026-08-07 09:48:07] 共 54 条RSS, 成功抓取 44 条.
[2026-08-07 09:48:07] ✘ 有 10 条订阅解析失败:
[2026-08-07 09:48:07] - https://geekinney.com/index.xml
[2026-08-07 09:48:07] - https://suus.me/atom.xml
[2026-08-07 09:48:07] - https://ilogs.cn/feed/
[2026-08-07 09:48:07] - https://www.shephe.com/feed
[2026-08-07 09:48:07] - https://writings.howsoonisnow.org/blog/feed/feed.xml
[2026-08-07 09:48:07] - https://sizheng.org/feed
[2026-08-07 09:48:07] - https://www.moraex.com/feed
[2026-08-07 09:48:07] - https://4op.top/index.xml
[2026-08-07 09:48:07] - https://ayayy.com/feed/
[2026-08-07 09:48:07] - https://feng.pub/feed
[2026-08-07 09:48:07] ✘ 有 1 条订阅头像字段为空, 已使用默认头像:
[2026-08-07 09:48:07] - https://jt26wzz.com/rss.xml
[2026-08-07 10:40:25] 抓取到的文章与现有数据相同，无需更新。
[2026-08-07 11:36:17] 本次订阅抓取结果统计:
[2026-08-07 11:36:17] 共 54 条RSS, 成功抓取 42 条.
[2026-08-07 11:36:17] ✘ 有 12 条订阅解析失败:
[2026-08-07 11:36:17] - https://geekinney.com/index.xml
[2026-08-07 11:36:17] - https://tumutanzi.com/feed
[2026-08-07 11:36:17] - https://suus.me/atom.xml
[2026-08-07 11:36:17] - https://leixus.cn/index.php/feed/
[2026-08-07 11:36:17] - https://www.shephe.com/feed
[2026-08-07 11:36:17] - https://ilogs.cn/feed/
[2026-08-07 11:36:17] - https://writings.howsoonisnow.org/blog/feed/feed.xml
[2026-08-07 11:36:17] - https://www.moraex.com/feed
[2026-08-07 11:36:17] - https://4op.top/index.xml
[2026-08-07 11:36:17] - https://ayayy.com/feed/
[2026-08-07 11:36:17] - https://sizheng.org/feed
[2026-08-07 11:36:17] - https://feng.pub/feed
[2026-08-07 11:36:17] ✘ 有 1 条订阅头像字段为空, 已使用默认头像:
[2026-08-07 11:36:17] - https://jt26wzz.com/rss.xml
[2026-08-07 12:36:00] 抓取到的文章与现有数据相同，无需更新。
