[2026-08-06 01:19:34] 本次订阅抓取结果统计:
[2026-08-06 01:19:34] 共 54 条RSS, 成功抓取 45 条.
[2026-08-06 01:19:34] ✘ 有 9 条订阅解析失败:
[2026-08-06 01:19:34] - https://geekinney.com/index.xml
[2026-08-06 01:19:34] - https://suus.me/atom.xml
[2026-08-06 01:19:34] - https://www.shephe.com/feed
[2026-08-06 01:19:34] - https://writings.howsoonisnow.org/blog/feed/feed.xml
[2026-08-06 01:19:34] - https://ilogs.cn/feed/
[2026-08-06 01:19:34] - https://www.moraex.com/feed
[2026-08-06 01:19:34] - https://sizheng.org/feed
[2026-08-06 01:19:34] - https://4op.top/index.xml
[2026-08-06 01:19:34] - https://ayayy.com/feed/
[2026-08-06 01:19:34] ✘ 有 1 条订阅头像字段为空, 已使用默认头像:
[2026-08-06 01:19:34] - https://jt26wzz.com/rss.xml
[2026-08-06 04:52:58] 本次订阅抓取结果统计:
[2026-08-06 04:52:58] 共 54 条RSS, 成功抓取 45 条.
[2026-08-06 04:52:58] ✘ 有 9 条订阅解析失败:
[2026-08-06 04:52:58] - https://geekinney.com/index.xml
[2026-08-06 04:52:58] - https://suus.me/atom.xml
[2026-08-06 04:52:58] - https://www.shephe.com/feed
[2026-08-06 04:52:58] - https://writings.howsoonisnow.org/blog/feed/feed.xml
[2026-08-06 04:52:58] - https://ilogs.cn/feed/
[2026-08-06 04:52:58] - https://www.moraex.com/feed
[2026-08-06 04:52:58] - https://sizheng.org/feed
[2026-08-06 04:52:58] - https://4op.top/index.xml
[2026-08-06 04:52:58] - https://ayayy.com/feed/
[2026-08-06 04:52:58] ✘ 有 1 条订阅头像字段为空, 已使用默认头像:
[2026-08-06 04:52:58] - https://jt26wzz.com/rss.xml
[2026-08-06 07:30:56] 本次订阅抓取结果统计:
[2026-08-06 07:30:56] 共 54 条RSS, 成功抓取 43 条.
[2026-08-06 07:30:56] ✘ 有 11 条订阅解析失败:
[2026-08-06 07:30:56] - https://tumutanzi.com/feed
[2026-08-06 07:30:56] - https://geekinney.com/index.xml
[2026-08-06 07:30:56] - https://suus.me/atom.xml
[2026-08-06 07:30:56] - https://leixus.cn/index.php/feed/
[2026-08-06 07:30:56] - https://www.shephe.com/feed
[2026-08-06 07:30:56] - https://ilogs.cn/feed/
[2026-08-06 07:30:56] - https://writings.howsoonisnow.org/blog/feed/feed.xml
[2026-08-06 07:30:56] - https://sizheng.org/feed
[2026-08-06 07:30:56] - https://www.moraex.com/feed
[2026-08-06 07:30:56] - https://4op.top/index.xml
[2026-08-06 07:30:56] - https://ayayy.com/feed/
[2026-08-06 07:30:56] ✘ 有 1 条订阅头像字段为空, 已使用默认头像:
[2026-08-06 07:30:56] - https://jt26wzz.com/rss.xml
[2026-08-06 10:23:57] 本次订阅抓取结果统计:
[2026-08-06 10:23:57] 共 54 条RSS, 成功抓取 45 条.
[2026-08-06 10:23:57] ✘ 有 9 条订阅解析失败:
[2026-08-06 10:23:57] - https://geekinney.com/index.xml
[2026-08-06 10:23:57] - https://www.shephe.com/feed
[2026-08-06 10:23:57] - https://suus.me/atom.xml
[2026-08-06 10:23:57] - https://ilogs.cn/feed/
[2026-08-06 10:23:57] - https://writings.howsoonisnow.org/blog/feed/feed.xml
[2026-08-06 10:23:57] - https://www.moraex.com/feed
[2026-08-06 10:23:57] - https://sizheng.org/feed
[2026-08-06 10:23:57] - https://4op.top/index.xml
[2026-08-06 10:23:57] - https://ayayy.com/feed/
[2026-08-06 10:23:57] ✘ 有 1 条订阅头像字段为空, 已使用默认头像:
[2026-08-06 10:23:57] - https://jt26wzz.com/rss.xml
[2026-08-06 12:48:52] 本次订阅抓取结果统计:
[2026-08-06 12:48:52] 共 54 条RSS, 成功抓取 45 条.
[2026-08-06 12:48:52] ✘ 有 9 条订阅解析失败:
[2026-08-06 12:48:52] - https://geekinney.com/index.xml
[2026-08-06 12:48:52] - https://suus.me/atom.xml
[2026-08-06 12:48:52] - https://www.shephe.com/feed
[2026-08-06 12:48:52] - https://writings.howsoonisnow.org/blog/feed/feed.xml
[2026-08-06 12:48:52] - https://ilogs.cn/feed/
[2026-08-06 12:48:52] - https://www.moraex.com/feed
[2026-08-06 12:48:52] - https://sizheng.org/feed
[2026-08-06 12:48:52] - https://4op.top/index.xml
[2026-08-06 12:48:52] - https://ayayy.com/feed/
[2026-08-06 12:48:52] ✘ 有 1 条订阅头像字段为空, 已使用默认头像:
[2026-08-06 12:48:52] - https://jt26wzz.com/rss.xml
