[2026-07-26 01:28:48] 本次订阅抓取结果统计:
[2026-07-26 01:28:48] 共 54 条RSS, 成功抓取 44 条.
[2026-07-26 01:28:48] ✘ 有 10 条订阅解析失败:
[2026-07-26 01:28:48] - https://geekinney.com/index.xml
[2026-07-26 01:28:48] - https://suus.me/atom.xml
[2026-07-26 01:28:48] - https://ilogs.cn/feed/
[2026-07-26 01:28:48] - https://www.shephe.com/feed
[2026-07-26 01:28:48] - https://writings.howsoonisnow.org/blog/feed/feed.xml
[2026-07-26 01:28:48] - https://www.moraex.com/feed
[2026-07-26 01:28:48] - https://sizheng.org/feed
[2026-07-26 01:28:48] - https://4op.top/index.xml
[2026-07-26 01:28:48] - https://note.redcha.cn/rss.xml
[2026-07-26 01:28:48] - https://ayayy.com/feed/
[2026-07-26 01:28:48] ✘ 有 1 条订阅头像字段为空, 已使用默认头像:
[2026-07-26 01:28:48] - https://jt26wzz.com/rss.xml
[2026-07-26 05:18:38] 本次订阅抓取结果统计:
[2026-07-26 05:18:38] 共 54 条RSS, 成功抓取 44 条.
[2026-07-26 05:18:38] ✘ 有 10 条订阅解析失败:
[2026-07-26 05:18:38] - https://geekinney.com/index.xml
[2026-07-26 05:18:38] - https://suus.me/atom.xml
[2026-07-26 05:18:38] - https://ilogs.cn/feed/
[2026-07-26 05:18:38] - https://writings.howsoonisnow.org/blog/feed/feed.xml
[2026-07-26 05:18:38] - https://www.moraex.com/feed
[2026-07-26 05:18:38] - https://sizheng.org/feed
[2026-07-26 05:18:38] - https://www.shephe.com/feed
[2026-07-26 05:18:38] - https://4op.top/index.xml
[2026-07-26 05:18:38] - https://note.redcha.cn/rss.xml
[2026-07-26 05:18:38] - https://ayayy.com/feed/
[2026-07-26 05:18:38] ✘ 有 1 条订阅头像字段为空, 已使用默认头像:
[2026-07-26 05:18:38] - https://jt26wzz.com/rss.xml
