[2026-09-26 01:01:37] 抓取到的文章与现有数据相同，无需更新。
[2026-09-26 06:46:21] 抓取到的文章与现有数据相同，无需更新。
[2026-09-26 11:54:27] 本次订阅抓取结果统计:
[2026-09-26 11:54:27] 共 54 条RSS, 成功抓取 43 条.
[2026-09-26 11:54:27] ✘ 有 11 条订阅解析失败:
[2026-09-26 11:54:27] - https://geekinney.com/index.xml
[2026-09-26 11:54:27] - https://timyang.net/feed/
[2026-09-26 11:54:27] - https://suus.me/atom.xml
[2026-09-26 11:54:27] - https://www.shephe.com/feed
[2026-09-26 11:54:27] - https://writings.howsoonisnow.org/blog/feed/feed.xml
[2026-09-26 11:54:27] - https://ilogs.cn/feed/
[2026-09-26 11:54:27] - https://sizheng.org/feed
[2026-09-26 11:54:27] - https://yufan.me/feed
[2026-09-26 11:54:27] - https://4op.top/index.xml
[2026-09-26 11:54:27] - https://ayayy.com/feed/
[2026-09-26 11:54:27] - https://feng.pub/feed
[2026-09-26 11:54:27] ✘ 有 1 条订阅头像字段为空, 已使用默认头像:
[2026-09-26 11:54:27] - https://jt26wzz.com/rss.xml
[2026-09-26 15:15:40] 本次订阅抓取结果统计:
[2026-09-26 15:15:40] 共 54 条RSS, 成功抓取 43 条.
[2026-09-26 15:15:40] ✘ 有 11 条订阅解析失败:
[2026-09-26 15:15:40] - https://geekinney.com/index.xml
[2026-09-26 15:15:40] - https://suus.me/atom.xml
[2026-09-26 15:15:40] - https://www.shephe.com/feed
[2026-09-26 15:15:40] - https://ilogs.cn/feed/
[2026-09-26 15:15:40] - https://writings.howsoonisnow.org/blog/feed/feed.xml
[2026-09-26 15:15:40] - https://sizheng.org/feed
[2026-09-26 15:15:40] - https://timyang.net/feed/
[2026-09-26 15:15:40] - https://yufan.me/feed
[2026-09-26 15:15:40] - https://4op.top/index.xml
[2026-09-26 15:15:40] - https://feng.pub/feed
[2026-09-26 15:15:40] - https://ayayy.com/feed/
[2026-09-26 15:15:40] ✘ 有 1 条订阅头像字段为空, 已使用默认头像:
[2026-09-26 15:15:40] - https://jt26wzz.com/rss.xml
[2026-09-26 18:47:08] 抓取到的文章与现有数据相同，无需更新。
