[2026-08-21 00:35:03] 抓取到的文章与现有数据相同，无需更新。
[2026-08-21 02:16:29] 本次订阅抓取结果统计:
[2026-08-21 02:16:29] 共 54 条RSS, 成功抓取 41 条.
[2026-08-21 02:16:29] ✘ 有 13 条订阅解析失败:
[2026-08-21 02:16:29] - https://geekinney.com/index.xml
[2026-08-21 02:16:29] - https://tumutanzi.com/feed
[2026-08-21 02:16:29] - https://suus.me/atom.xml
[2026-08-21 02:16:29] - https://leixus.cn/index.php/feed/
[2026-08-21 02:16:29] - https://www.shephe.com/feed
[2026-08-21 02:16:29] - https://www.moraex.com/feed
[2026-08-21 02:16:29] - https://ilogs.cn/feed/
[2026-08-21 02:16:29] - https://writings.howsoonisnow.org/blog/feed/feed.xml
[2026-08-21 02:16:29] - https://sizheng.org/feed
[2026-08-21 02:16:29] - https://4op.top/index.xml
[2026-08-21 02:16:29] - https://feng.pub/feed
[2026-08-21 02:16:29] - https://note.redcha.cn/rss.xml
[2026-08-21 02:16:29] - https://ayayy.com/feed/
[2026-08-21 02:16:29] ✘ 有 1 条订阅头像字段为空, 已使用默认头像:
[2026-08-21 02:16:29] - https://jt26wzz.com/rss.xml
[2026-08-21 03:40:30] 本次订阅抓取结果统计:
[2026-08-21 03:40:30] 共 54 条RSS, 成功抓取 42 条.
[2026-08-21 03:40:30] ✘ 有 12 条订阅解析失败:
[2026-08-21 03:40:30] - https://geekinney.com/index.xml
[2026-08-21 03:40:30] - https://suus.me/atom.xml
[2026-08-21 03:40:30] - https://www.shephe.com/feed
[2026-08-21 03:40:30] - https://ilogs.cn/feed/
[2026-08-21 03:40:30] - https://www.moraex.com/feed
[2026-08-21 03:40:30] - https://writings.howsoonisnow.org/blog/feed/feed.xml
[2026-08-21 03:40:30] - https://sizheng.org/feed
[2026-08-21 03:40:30] - https://4op.top/index.xml
[2026-08-21 03:40:30] - https://note.redcha.cn/rss.xml
[2026-08-21 03:40:30] - https://feng.pub/feed
[2026-08-21 03:40:30] - https://xyzbz.cn/feed
[2026-08-21 03:40:30] - https://ayayy.com/feed/
[2026-08-21 03:40:30] ✘ 有 1 条订阅头像字段为空, 已使用默认头像:
[2026-08-21 03:40:30] - https://jt26wzz.com/rss.xml
[2026-08-21 04:27:21] 本次订阅抓取结果统计:
[2026-08-21 04:27:21] 共 54 条RSS, 成功抓取 43 条.
[2026-08-21 04:27:21] ✘ 有 11 条订阅解析失败:
[2026-08-21 04:27:21] - https://geekinney.com/index.xml
[2026-08-21 04:27:21] - https://suus.me/atom.xml
[2026-08-21 04:27:21] - https://www.shephe.com/feed
[2026-08-21 04:27:21] - https://ilogs.cn/feed/
[2026-08-21 04:27:21] - https://writings.howsoonisnow.org/blog/feed/feed.xml
[2026-08-21 04:27:21] - https://www.moraex.com/feed
[2026-08-21 04:27:21] - https://sizheng.org/feed
[2026-08-21 04:27:21] - https://4op.top/index.xml
[2026-08-21 04:27:21] - https://feng.pub/feed
[2026-08-21 04:27:21] - https://note.redcha.cn/rss.xml
[2026-08-21 04:27:21] - https://ayayy.com/feed/
[2026-08-21 04:27:21] ✘ 有 1 条订阅头像字段为空, 已使用默认头像:
[2026-08-21 04:27:21] - https://jt26wzz.com/rss.xml
[2026-08-21 05:22:13] 抓取到的文章与现有数据相同，无需更新。
[2026-08-21 06:24:31] 本次订阅抓取结果统计:
[2026-08-21 06:24:31] 共 54 条RSS, 成功抓取 43 条.
[2026-08-21 06:24:31] ✘ 有 11 条订阅解析失败:
[2026-08-21 06:24:31] - https://geekinney.com/index.xml
[2026-08-21 06:24:31] - https://suus.me/atom.xml
[2026-08-21 06:24:31] - https://www.shephe.com/feed
[2026-08-21 06:24:31] - https://ilogs.cn/feed/
[2026-08-21 06:24:31] - https://writings.howsoonisnow.org/blog/feed/feed.xml
[2026-08-21 06:24:31] - https://www.moraex.com/feed
[2026-08-21 06:24:31] - https://sizheng.org/feed
[2026-08-21 06:24:31] - https://4op.top/index.xml
[2026-08-21 06:24:31] - https://feng.pub/feed
[2026-08-21 06:24:31] - https://note.redcha.cn/rss.xml
[2026-08-21 06:24:31] - https://ayayy.com/feed/
[2026-08-21 06:24:31] ✘ 有 1 条订阅头像字段为空, 已使用默认头像:
[2026-08-21 06:24:31] - https://jt26wzz.com/rss.xml
[2026-08-21 07:33:52] 抓取到的文章与现有数据相同，无需更新。
[2026-08-21 08:24:59] 抓取到的文章与现有数据相同，无需更新。
[2026-08-21 09:24:36] 抓取到的文章与现有数据相同，无需更新。
[2026-08-21 10:18:37] 抓取到的文章与现有数据相同，无需更新。
[2026-08-21 11:15:38] 抓取到的文章与现有数据相同，无需更新。
[2026-08-21 12:21:52] 抓取到的文章与现有数据相同，无需更新。
[2026-08-21 13:36:46] 抓取到的文章与现有数据相同，无需更新。
[2026-08-21 14:23:05] 本次订阅抓取结果统计:
[2026-08-21 14:23:05] 共 54 条RSS, 成功抓取 43 条.
[2026-08-21 14:23:05] ✘ 有 11 条订阅解析失败:
[2026-08-21 14:23:05] - https://geekinney.com/index.xml
[2026-08-21 14:23:05] - https://suus.me/atom.xml
[2026-08-21 14:23:05] - https://www.shephe.com/feed
[2026-08-21 14:23:05] - https://ilogs.cn/feed/
[2026-08-21 14:23:05] - https://writings.howsoonisnow.org/blog/feed/feed.xml
[2026-08-21 14:23:05] - https://www.moraex.com/feed
[2026-08-21 14:23:05] - https://sizheng.org/feed
[2026-08-21 14:23:05] - https://4op.top/index.xml
[2026-08-21 14:23:05] - https://feng.pub/feed
[2026-08-21 14:23:05] - https://note.redcha.cn/rss.xml
[2026-08-21 14:23:05] - https://ayayy.com/feed/
[2026-08-21 14:23:05] ✘ 有 1 条订阅头像字段为空, 已使用默认头像:
[2026-08-21 14:23:05] - https://jt26wzz.com/rss.xml
[2026-08-21 15:22:14] 本次订阅抓取结果统计:
[2026-08-21 15:22:14] 共 54 条RSS, 成功抓取 41 条.
[2026-08-21 15:22:14] ✘ 有 13 条订阅解析失败:
[2026-08-21 15:22:14] - https://geekinney.com/index.xml
[2026-08-21 15:22:14] - https://tumutanzi.com/feed
[2026-08-21 15:22:14] - https://suus.me/atom.xml
[2026-08-21 15:22:14] - https://leixus.cn/index.php/feed/
[2026-08-21 15:22:14] - https://www.shephe.com/feed
[2026-08-21 15:22:14] - https://ilogs.cn/feed/
[2026-08-21 15:22:14] - https://writings.howsoonisnow.org/blog/feed/feed.xml
[2026-08-21 15:22:14] - https://www.moraex.com/feed
[2026-08-21 15:22:14] - https://sizheng.org/feed
[2026-08-21 15:22:14] - https://4op.top/index.xml
[2026-08-21 15:22:14] - https://feng.pub/feed
[2026-08-21 15:22:14] - https://note.redcha.cn/rss.xml
[2026-08-21 15:22:14] - https://ayayy.com/feed/
[2026-08-21 15:22:14] ✘ 有 1 条订阅头像字段为空, 已使用默认头像:
[2026-08-21 15:22:14] - https://jt26wzz.com/rss.xml
[2026-08-21 16:18:41] 本次订阅抓取结果统计:
[2026-08-21 16:18:41] 共 54 条RSS, 成功抓取 43 条.
[2026-08-21 16:18:41] ✘ 有 11 条订阅解析失败:
[2026-08-21 16:18:41] - https://geekinney.com/index.xml
[2026-08-21 16:18:41] - https://suus.me/atom.xml
[2026-08-21 16:18:41] - https://www.shephe.com/feed
[2026-08-21 16:18:41] - https://ilogs.cn/feed/
[2026-08-21 16:18:41] - https://writings.howsoonisnow.org/blog/feed/feed.xml
[2026-08-21 16:18:41] - https://www.moraex.com/feed
[2026-08-21 16:18:41] - https://sizheng.org/feed
[2026-08-21 16:18:41] - https://4op.top/index.xml
[2026-08-21 16:18:41] - https://feng.pub/feed
[2026-08-21 16:18:41] - https://note.redcha.cn/rss.xml
[2026-08-21 16:18:41] - https://ayayy.com/feed/
[2026-08-21 16:18:41] ✘ 有 1 条订阅头像字段为空, 已使用默认头像:
[2026-08-21 16:18:41] - https://jt26wzz.com/rss.xml
[2026-08-21 17:18:20] 抓取到的文章与现有数据相同，无需更新。
[2026-08-21 18:19:56] 抓取到的文章与现有数据相同，无需更新。
[2026-08-21 19:18:32] 抓取到的文章与现有数据相同，无需更新。
