[2026-09-07 00:26:58] 本次订阅抓取结果统计:
[2026-09-07 00:26:58] 共 54 条RSS, 成功抓取 44 条.
[2026-09-07 00:26:58] ✘ 有 10 条订阅解析失败:
[2026-09-07 00:26:58] - https://geekinney.com/index.xml
[2026-09-07 00:26:58] - https://suus.me/atom.xml
[2026-09-07 00:26:58] - https://www.mrhe.net/feed
[2026-09-07 00:26:58] - https://www.shephe.com/feed
[2026-09-07 00:26:58] - https://writings.howsoonisnow.org/blog/feed/feed.xml
[2026-09-07 00:26:58] - https://ilogs.cn/feed/
[2026-09-07 00:26:58] - https://sizheng.org/feed
[2026-09-07 00:26:58] - https://4op.top/index.xml
[2026-09-07 00:26:58] - https://ayayy.com/feed/
[2026-09-07 00:26:58] - https://feng.pub/feed
[2026-09-07 00:26:58] ✘ 有 1 条订阅头像字段为空, 已使用默认头像:
[2026-09-07 00:26:58] - https://jt26wzz.com/rss.xml
[2026-09-07 05:23:27] 本次订阅抓取结果统计:
[2026-09-07 05:23:27] 共 54 条RSS, 成功抓取 42 条.
[2026-09-07 05:23:27] ✘ 有 12 条订阅解析失败:
[2026-09-07 05:23:27] - https://geekinney.com/index.xml
[2026-09-07 05:23:27] - https://tumutanzi.com/feed
[2026-09-07 05:23:27] - https://suus.me/atom.xml
[2026-09-07 05:23:27] - https://www.mrhe.net/feed
[2026-09-07 05:23:27] - https://leixus.cn/index.php/feed/
[2026-09-07 05:23:27] - https://www.shephe.com/feed
[2026-09-07 05:23:27] - https://writings.howsoonisnow.org/blog/feed/feed.xml
[2026-09-07 05:23:27] - https://ilogs.cn/feed/
[2026-09-07 05:23:27] - https://sizheng.org/feed
[2026-09-07 05:23:27] - https://4op.top/index.xml
[2026-09-07 05:23:27] - https://ayayy.com/feed/
[2026-09-07 05:23:27] - https://feng.pub/feed
[2026-09-07 05:23:27] ✘ 有 1 条订阅头像字段为空, 已使用默认头像:
[2026-09-07 05:23:27] - https://jt26wzz.com/rss.xml
[2026-09-07 10:54:59] 本次订阅抓取结果统计:
[2026-09-07 10:54:59] 共 54 条RSS, 成功抓取 43 条.
[2026-09-07 10:54:59] ✘ 有 11 条订阅解析失败:
[2026-09-07 10:54:59] - https://geekinney.com/index.xml
[2026-09-07 10:54:59] - https://suus.me/atom.xml
[2026-09-07 10:54:59] - https://www.mrhe.net/feed
[2026-09-07 10:54:59] - https://www.shephe.com/feed
[2026-09-07 10:54:59] - https://writings.howsoonisnow.org/blog/feed/feed.xml
[2026-09-07 10:54:59] - https://ilogs.cn/feed/
[2026-09-07 10:54:59] - https://sizheng.org/feed
[2026-09-07 10:54:59] - https://4op.top/index.xml
[2026-09-07 10:54:59] - https://feng.pub/feed
[2026-09-07 10:54:59] - https://ayayy.com/feed/
[2026-09-07 10:54:59] - http://www.cyys.net/wp/feed
[2026-09-07 10:54:59] ✘ 有 1 条订阅头像字段为空, 已使用默认头像:
[2026-09-07 10:54:59] - https://jt26wzz.com/rss.xml
[2026-09-07 16:10:38] 本次订阅抓取结果统计:
[2026-09-07 16:10:38] 共 54 条RSS, 成功抓取 43 条.
[2026-09-07 16:10:38] ✘ 有 11 条订阅解析失败:
[2026-09-07 16:10:38] - https://geekinney.com/index.xml
[2026-09-07 16:10:38] - https://timyang.net/feed/
[2026-09-07 16:10:38] - https://suus.me/atom.xml
[2026-09-07 16:10:38] - https://www.mrhe.net/feed
[2026-09-07 16:10:38] - https://www.shephe.com/feed
[2026-09-07 16:10:38] - https://writings.howsoonisnow.org/blog/feed/feed.xml
[2026-09-07 16:10:38] - https://ilogs.cn/feed/
[2026-09-07 16:10:38] - https://sizheng.org/feed
[2026-09-07 16:10:38] - https://4op.top/index.xml
[2026-09-07 16:10:38] - https://ayayy.com/feed/
[2026-09-07 16:10:38] - https://feng.pub/feed
[2026-09-07 16:10:38] ✘ 有 1 条订阅头像字段为空, 已使用默认头像:
[2026-09-07 16:10:38] - https://jt26wzz.com/rss.xml
[2026-09-07 20:14:30] 抓取到的文章与现有数据相同，无需更新。
[2026-09-07 23:07:05] 本次订阅抓取结果统计:
[2026-09-07 23:07:05] 共 54 条RSS, 成功抓取 41 条.
[2026-09-07 23:07:05] ✘ 有 13 条订阅解析失败:
[2026-09-07 23:07:05] - https://geekinney.com/index.xml
[2026-09-07 23:07:05] - https://tumutanzi.com/feed
[2026-09-07 23:07:05] - https://suus.me/atom.xml
[2026-09-07 23:07:05] - https://timyang.net/feed/
[2026-09-07 23:07:05] - https://www.shephe.com/feed
[2026-09-07 23:07:05] - https://www.mrhe.net/feed
[2026-09-07 23:07:05] - https://leixus.cn/index.php/feed/
[2026-09-07 23:07:05] - https://writings.howsoonisnow.org/blog/feed/feed.xml
[2026-09-07 23:07:05] - https://ilogs.cn/feed/
[2026-09-07 23:07:05] - https://sizheng.org/feed
[2026-09-07 23:07:05] - https://4op.top/index.xml
[2026-09-07 23:07:05] - https://ayayy.com/feed/
[2026-09-07 23:07:05] - https://feng.pub/feed
[2026-09-07 23:07:05] ✘ 有 1 条订阅头像字段为空, 已使用默认头像:
[2026-09-07 23:07:05] - https://jt26wzz.com/rss.xml
