[2026-08-18 00:32:05] 本次订阅抓取结果统计:
[2026-08-18 00:32:05] 共 54 条RSS, 成功抓取 43 条.
[2026-08-18 00:32:05] ✘ 有 11 条订阅解析失败:
[2026-08-18 00:32:05] - https://geekinney.com/index.xml
[2026-08-18 00:32:05] - https://suus.me/atom.xml
[2026-08-18 00:32:05] - https://www.shephe.com/feed
[2026-08-18 00:32:05] - https://ilogs.cn/feed/
[2026-08-18 00:32:05] - https://writings.howsoonisnow.org/blog/feed/feed.xml
[2026-08-18 00:32:05] - https://sizheng.org/feed
[2026-08-18 00:32:05] - https://www.moraex.com/feed
[2026-08-18 00:32:05] - https://4op.top/index.xml
[2026-08-18 00:32:05] - https://feng.pub/feed
[2026-08-18 00:32:05] - https://note.redcha.cn/rss.xml
[2026-08-18 00:32:05] - https://ayayy.com/feed/
[2026-08-18 00:32:05] ✘ 有 1 条订阅头像字段为空, 已使用默认头像:
[2026-08-18 00:32:05] - https://jt26wzz.com/rss.xml
[2026-08-18 02:08:29] 抓取到的文章与现有数据相同，无需更新。
[2026-08-18 03:34:39] 抓取到的文章与现有数据相同，无需更新。
[2026-08-18 04:23:54] 本次订阅抓取结果统计:
[2026-08-18 04:23:54] 共 54 条RSS, 成功抓取 41 条.
[2026-08-18 04:23:54] ✘ 有 13 条订阅解析失败:
[2026-08-18 04:23:54] - https://geekinney.com/index.xml
[2026-08-18 04:23:54] - https://tumutanzi.com/feed
[2026-08-18 04:23:54] - https://suus.me/atom.xml
[2026-08-18 04:23:54] - https://leixus.cn/index.php/feed/
[2026-08-18 04:23:54] - https://www.shephe.com/feed
[2026-08-18 04:23:54] - https://writings.howsoonisnow.org/blog/feed/feed.xml
[2026-08-18 04:23:54] - https://ilogs.cn/feed/
[2026-08-18 04:23:54] - https://www.moraex.com/feed
[2026-08-18 04:23:54] - https://sizheng.org/feed
[2026-08-18 04:23:54] - https://4op.top/index.xml
[2026-08-18 04:23:54] - https://feng.pub/feed
[2026-08-18 04:23:54] - https://note.redcha.cn/rss.xml
[2026-08-18 04:23:54] - https://ayayy.com/feed/
[2026-08-18 04:23:54] ✘ 有 1 条订阅头像字段为空, 已使用默认头像:
[2026-08-18 04:23:54] - https://jt26wzz.com/rss.xml
[2026-08-18 05:19:05] 本次订阅抓取结果统计:
[2026-08-18 05:19:05] 共 54 条RSS, 成功抓取 43 条.
[2026-08-18 05:19:05] ✘ 有 11 条订阅解析失败:
[2026-08-18 05:19:05] - https://geekinney.com/index.xml
[2026-08-18 05:19:05] - https://suus.me/atom.xml
[2026-08-18 05:19:05] - https://www.shephe.com/feed
[2026-08-18 05:19:05] - https://ilogs.cn/feed/
[2026-08-18 05:19:05] - https://writings.howsoonisnow.org/blog/feed/feed.xml
[2026-08-18 05:19:05] - https://www.moraex.com/feed
[2026-08-18 05:19:05] - https://sizheng.org/feed
[2026-08-18 05:19:05] - https://4op.top/index.xml
[2026-08-18 05:19:05] - https://feng.pub/feed
[2026-08-18 05:19:05] - https://note.redcha.cn/rss.xml
[2026-08-18 05:19:05] - https://ayayy.com/feed/
[2026-08-18 05:19:05] ✘ 有 1 条订阅头像字段为空, 已使用默认头像:
[2026-08-18 05:19:05] - https://jt26wzz.com/rss.xml
[2026-08-18 06:22:02] 抓取到的文章与现有数据相同，无需更新。
[2026-08-18 07:28:19] 抓取到的文章与现有数据相同，无需更新。
[2026-08-18 08:21:33] 抓取到的文章与现有数据相同，无需更新。
[2026-08-18 09:20:41] 本次订阅抓取结果统计:
[2026-08-18 09:20:41] 共 54 条RSS, 成功抓取 43 条.
[2026-08-18 09:20:41] ✘ 有 11 条订阅解析失败:
[2026-08-18 09:20:41] - https://geekinney.com/index.xml
[2026-08-18 09:20:41] - https://suus.me/atom.xml
[2026-08-18 09:20:41] - https://www.shephe.com/feed
[2026-08-18 09:20:41] - https://ilogs.cn/feed/
[2026-08-18 09:20:41] - https://writings.howsoonisnow.org/blog/feed/feed.xml
[2026-08-18 09:20:41] - https://www.moraex.com/feed
[2026-08-18 09:20:41] - https://sizheng.org/feed
[2026-08-18 09:20:41] - https://4op.top/index.xml
[2026-08-18 09:20:41] - https://feng.pub/feed
[2026-08-18 09:20:41] - https://note.redcha.cn/rss.xml
[2026-08-18 09:20:41] - https://ayayy.com/feed/
[2026-08-18 09:20:41] ✘ 有 1 条订阅头像字段为空, 已使用默认头像:
[2026-08-18 09:20:41] - https://jt26wzz.com/rss.xml
[2026-08-18 10:16:26] 抓取到的文章与现有数据相同，无需更新。
[2026-08-18 11:14:44] 本次订阅抓取结果统计:
[2026-08-18 11:14:44] 共 54 条RSS, 成功抓取 43 条.
[2026-08-18 11:14:44] ✘ 有 11 条订阅解析失败:
[2026-08-18 11:14:44] - https://geekinney.com/index.xml
[2026-08-18 11:14:44] - https://suus.me/atom.xml
[2026-08-18 11:14:44] - https://www.shephe.com/feed
[2026-08-18 11:14:44] - https://ilogs.cn/feed/
[2026-08-18 11:14:44] - https://writings.howsoonisnow.org/blog/feed/feed.xml
[2026-08-18 11:14:44] - https://sizheng.org/feed
[2026-08-18 11:14:44] - https://www.moraex.com/feed
[2026-08-18 11:14:44] - https://4op.top/index.xml
[2026-08-18 11:14:44] - https://feng.pub/feed
[2026-08-18 11:14:44] - https://note.redcha.cn/rss.xml
[2026-08-18 11:14:44] - https://ayayy.com/feed/
[2026-08-18 11:14:44] ✘ 有 1 条订阅头像字段为空, 已使用默认头像:
[2026-08-18 11:14:44] - https://jt26wzz.com/rss.xml
[2026-08-18 12:20:44] 本次订阅抓取结果统计:
[2026-08-18 12:20:44] 共 54 条RSS, 成功抓取 41 条.
[2026-08-18 12:20:44] ✘ 有 13 条订阅解析失败:
[2026-08-18 12:20:44] - https://geekinney.com/index.xml
[2026-08-18 12:20:44] - https://tumutanzi.com/feed
[2026-08-18 12:20:44] - https://suus.me/atom.xml
[2026-08-18 12:20:44] - https://leixus.cn/index.php/feed/
[2026-08-18 12:20:44] - https://www.shephe.com/feed
[2026-08-18 12:20:44] - https://writings.howsoonisnow.org/blog/feed/feed.xml
[2026-08-18 12:20:44] - https://ilogs.cn/feed/
[2026-08-18 12:20:44] - https://www.moraex.com/feed
[2026-08-18 12:20:44] - https://sizheng.org/feed
[2026-08-18 12:20:44] - https://4op.top/index.xml
[2026-08-18 12:20:44] - https://feng.pub/feed
[2026-08-18 12:20:44] - https://note.redcha.cn/rss.xml
[2026-08-18 12:20:44] - https://ayayy.com/feed/
[2026-08-18 12:20:44] ✘ 有 1 条订阅头像字段为空, 已使用默认头像:
[2026-08-18 12:20:44] - https://jt26wzz.com/rss.xml
[2026-08-18 13:34:01] 本次订阅抓取结果统计:
[2026-08-18 13:34:01] 共 54 条RSS, 成功抓取 43 条.
[2026-08-18 13:34:01] ✘ 有 11 条订阅解析失败:
[2026-08-18 13:34:01] - https://geekinney.com/index.xml
[2026-08-18 13:34:01] - https://suus.me/atom.xml
[2026-08-18 13:34:01] - https://ilogs.cn/feed/
[2026-08-18 13:34:01] - https://www.moraex.com/feed
[2026-08-18 13:34:01] - https://writings.howsoonisnow.org/blog/feed/feed.xml
[2026-08-18 13:34:01] - https://www.shephe.com/feed
[2026-08-18 13:34:01] - https://sizheng.org/feed
[2026-08-18 13:34:01] - https://4op.top/index.xml
[2026-08-18 13:34:01] - https://feng.pub/feed
[2026-08-18 13:34:01] - https://note.redcha.cn/rss.xml
[2026-08-18 13:34:01] - https://ayayy.com/feed/
[2026-08-18 13:34:01] ✘ 有 1 条订阅头像字段为空, 已使用默认头像:
[2026-08-18 13:34:01] - https://jt26wzz.com/rss.xml
[2026-08-18 14:21:16] 抓取到的文章与现有数据相同，无需更新。
[2026-08-18 15:19:37] 抓取到的文章与现有数据相同，无需更新。
[2026-08-18 16:17:44] 抓取到的文章与现有数据相同，无需更新。
[2026-08-18 17:16:43] 抓取到的文章与现有数据相同，无需更新。
[2026-08-18 18:19:23] 抓取到的文章与现有数据相同，无需更新。
[2026-08-18 19:20:02] [WARN] 加载头像映射失败: failed to fetch avatar map: Get "https://cos.lhasa.icu/lhasaRSS/avatar.json": context deadline exceeded (Client.Timeout exceeded while awaiting headers)
[2026-08-18 19:21:10] 本次订阅抓取结果统计:
[2026-08-18 19:21:10] 共 54 条RSS, 成功抓取 37 条.
[2026-08-18 19:21:10] ✘ 有 17 条订阅解析失败:
[2026-08-18 19:21:10] - https://geekinney.com/index.xml
[2026-08-18 19:21:10] - https://suus.me/atom.xml
[2026-08-18 19:21:10] - https://www.shephe.com/feed
[2026-08-18 19:21:10] - https://writings.howsoonisnow.org/blog/feed/feed.xml
[2026-08-18 19:21:10] - https://sizheng.org/feed
[2026-08-18 19:21:10] - https://feng.pub/feed
[2026-08-18 19:21:10] - https://4op.top/index.xml
[2026-08-18 19:21:10] - https://zhongxiaojie.com/feed
[2026-08-18 19:21:10] - https://xyzbz.cn/feed
[2026-08-18 19:21:10] - https://www.mrhe.net/feed
[2026-08-18 19:21:10] - https://www.laomuzhu.cn/feed/
[2026-08-18 19:21:10] - https://www.moraex.com/feed
[2026-08-18 19:21:10] - https://bluehe.cn/rss.xml
[2026-08-18 19:21:10] - https://ilogs.cn/feed/
[2026-08-18 19:21:10] - https://note.redcha.cn/rss.xml
[2026-08-18 19:21:10] - https://ayayy.com/feed/
[2026-08-18 19:21:10] - https://usj.cc/rss.xml
[2026-08-18 19:21:10] ✘ 有 1 条订阅头像字段为空, 已使用默认头像:
[2026-08-18 19:21:10] - https://mayx.eu.org/atom.xml
[2026-08-18 19:21:10] ✘ 有 5 条订阅头像无法访问, 已使用默认头像:
[2026-08-18 19:21:10] - https://skywind.me/blog/feed
[2026-08-18 19:21:10] - https://laike9m.com/blog/rss/
[2026-08-18 19:21:10] - https://shuiba.co/feed
[2026-08-18 19:21:10] - https://blog.fueis.com/feed
[2026-08-18 19:21:10] - https://smalldatum.blogspot.com/feeds/posts/default
