[2026-09-17 02:07:26] 本次订阅抓取结果统计:
[2026-09-17 02:07:26] 共 54 条RSS, 成功抓取 42 条.
[2026-09-17 02:07:26] ✘ 有 12 条订阅解析失败:
[2026-09-17 02:07:26] - https://geekinney.com/index.xml
[2026-09-17 02:07:26] - https://timyang.net/feed/
[2026-09-17 02:07:26] - https://suus.me/atom.xml
[2026-09-17 02:07:26] - https://www.mrhe.net/feed
[2026-09-17 02:07:26] - https://www.shephe.com/feed
[2026-09-17 02:07:26] - https://writings.howsoonisnow.org/blog/feed/feed.xml
[2026-09-17 02:07:26] - https://ilogs.cn/feed/
[2026-09-17 02:07:26] - https://sizheng.org/feed
[2026-09-17 02:07:26] - https://4op.top/index.xml
[2026-09-17 02:07:26] - https://ayayy.com/feed/
[2026-09-17 02:07:26] - https://feng.pub/feed
[2026-09-17 02:07:26] - https://yufan.me/feed
[2026-09-17 02:07:26] ✘ 有 1 条订阅头像字段为空, 已使用默认头像:
[2026-09-17 02:07:26] - https://jt26wzz.com/rss.xml
[2026-09-17 08:04:19] 本次订阅抓取结果统计:
[2026-09-17 08:04:19] 共 54 条RSS, 成功抓取 42 条.
[2026-09-17 08:04:19] ✘ 有 12 条订阅解析失败:
[2026-09-17 08:04:19] - https://geekinney.com/index.xml
[2026-09-17 08:04:19] - https://timyang.net/feed/
[2026-09-17 08:04:19] - https://suus.me/atom.xml
[2026-09-17 08:04:19] - https://www.mrhe.net/feed
[2026-09-17 08:04:19] - https://writings.howsoonisnow.org/blog/feed/feed.xml
[2026-09-17 08:04:19] - https://ilogs.cn/feed/
[2026-09-17 08:04:19] - https://yufan.me/feed
[2026-09-17 08:04:19] - https://www.shephe.com/feed
[2026-09-17 08:04:19] - https://sizheng.org/feed
[2026-09-17 08:04:19] - https://4op.top/index.xml
[2026-09-17 08:04:19] - https://ayayy.com/feed/
[2026-09-17 08:04:19] - https://feng.pub/feed
[2026-09-17 08:04:19] ✘ 有 1 条订阅头像字段为空, 已使用默认头像:
[2026-09-17 08:04:19] - https://jt26wzz.com/rss.xml
[2026-09-17 13:52:12] 抓取到的文章与现有数据相同，无需更新。
[2026-09-17 17:48:10] 抓取到的文章与现有数据相同，无需更新。
[2026-09-17 20:40:50] 抓取到的文章与现有数据相同，无需更新。
[2026-09-17 23:12:39] 抓取到的文章与现有数据相同，无需更新。
