[2026-07-24 01:25:04] 抓取到的文章与现有数据相同，无需更新。
[2026-07-24 04:57:55] 本次订阅抓取结果统计:
[2026-07-24 04:57:55] 共 54 条RSS, 成功抓取 45 条.
[2026-07-24 04:57:55] ✘ 有 9 条订阅解析失败:
[2026-07-24 04:57:55] - https://geekinney.com/index.xml
[2026-07-24 04:57:55] - https://suus.me/atom.xml
[2026-07-24 04:57:55] - https://www.shephe.com/feed
[2026-07-24 04:57:55] - https://ilogs.cn/feed/
[2026-07-24 04:57:55] - https://writings.howsoonisnow.org/blog/feed/feed.xml
[2026-07-24 04:57:55] - https://www.moraex.com/feed
[2026-07-24 04:57:55] - https://sizheng.org/feed
[2026-07-24 04:57:55] - https://4op.top/index.xml
[2026-07-24 04:57:55] - https://ayayy.com/feed/
[2026-07-24 04:57:55] ✘ 有 1 条订阅头像字段为空, 已使用默认头像:
[2026-07-24 04:57:55] - https://jt26wzz.com/rss.xml
[2026-07-24 07:27:43] 本次订阅抓取结果统计:
[2026-07-24 07:27:43] 共 54 条RSS, 成功抓取 43 条.
[2026-07-24 07:27:43] ✘ 有 11 条订阅解析失败:
[2026-07-24 07:27:43] - https://geekinney.com/index.xml
[2026-07-24 07:27:43] - https://tumutanzi.com/feed
[2026-07-24 07:27:43] - https://suus.me/atom.xml
[2026-07-24 07:27:43] - https://www.shephe.com/feed
[2026-07-24 07:27:43] - https://leixus.cn/index.php/feed/
[2026-07-24 07:27:43] - https://ilogs.cn/feed/
[2026-07-24 07:27:43] - https://www.moraex.com/feed
[2026-07-24 07:27:43] - https://writings.howsoonisnow.org/blog/feed/feed.xml
[2026-07-24 07:27:43] - https://sizheng.org/feed
[2026-07-24 07:27:43] - https://4op.top/index.xml
[2026-07-24 07:27:43] - https://ayayy.com/feed/
[2026-07-24 07:27:43] ✘ 有 1 条订阅头像字段为空, 已使用默认头像:
[2026-07-24 07:27:43] - https://jt26wzz.com/rss.xml
[2026-07-24 10:05:03] 本次订阅抓取结果统计:
[2026-07-24 10:05:03] 共 54 条RSS, 成功抓取 45 条.
[2026-07-24 10:05:03] ✘ 有 9 条订阅解析失败:
[2026-07-24 10:05:03] - https://geekinney.com/index.xml
[2026-07-24 10:05:03] - https://suus.me/atom.xml
[2026-07-24 10:05:03] - https://www.shephe.com/feed
[2026-07-24 10:05:03] - https://ilogs.cn/feed/
[2026-07-24 10:05:03] - https://writings.howsoonisnow.org/blog/feed/feed.xml
[2026-07-24 10:05:03] - https://www.moraex.com/feed
[2026-07-24 10:05:03] - https://sizheng.org/feed
[2026-07-24 10:05:03] - https://4op.top/index.xml
[2026-07-24 10:05:03] - https://ayayy.com/feed/
[2026-07-24 10:05:03] ✘ 有 1 条订阅头像字段为空, 已使用默认头像:
[2026-07-24 10:05:03] - https://jt26wzz.com/rss.xml
[2026-07-24 12:10:47] 抓取到的文章与现有数据相同，无需更新。
