[2026-09-29 00:42:21] 本次订阅抓取结果统计:
[2026-09-29 00:42:21] 共 54 条RSS, 成功抓取 42 条.
[2026-09-29 00:42:21] ✘ 有 12 条订阅解析失败:
[2026-09-29 00:42:21] - https://geekinney.com/index.xml
[2026-09-29 00:42:21] - https://timyang.net/feed/
[2026-09-29 00:42:21] - https://suus.me/atom.xml
[2026-09-29 00:42:21] - https://www.shephe.com/feed
[2026-09-29 00:42:21] - https://www.laomuzhu.cn/feed/
[2026-09-29 00:42:21] - https://ilogs.cn/feed/
[2026-09-29 00:42:21] - https://writings.howsoonisnow.org/blog/feed/feed.xml
[2026-09-29 00:42:21] - https://sizheng.org/feed
[2026-09-29 00:42:21] - https://4op.top/index.xml
[2026-09-29 00:42:21] - https://yufan.me/feed
[2026-09-29 00:42:21] - https://ayayy.com/feed/
[2026-09-29 00:42:21] - https://feng.pub/feed
[2026-09-29 00:42:21] ✘ 有 1 条订阅头像字段为空, 已使用默认头像:
[2026-09-29 00:42:21] - https://jt26wzz.com/rss.xml
[2026-09-29 06:21:48] 本次订阅抓取结果统计:
[2026-09-29 06:21:48] 共 54 条RSS, 成功抓取 42 条.
[2026-09-29 06:21:48] ✘ 有 12 条订阅解析失败:
[2026-09-29 06:21:48] - https://geekinney.com/index.xml
[2026-09-29 06:21:48] - https://timyang.net/feed/
[2026-09-29 06:21:48] - https://suus.me/atom.xml
[2026-09-29 06:21:48] - https://www.laomuzhu.cn/feed/
[2026-09-29 06:21:48] - https://writings.howsoonisnow.org/blog/feed/feed.xml
[2026-09-29 06:21:48] - https://www.shephe.com/feed
[2026-09-29 06:21:48] - https://ilogs.cn/feed/
[2026-09-29 06:21:48] - https://sizheng.org/feed
[2026-09-29 06:21:48] - https://4op.top/index.xml
[2026-09-29 06:21:48] - https://ayayy.com/feed/
[2026-09-29 06:21:48] - https://yufan.me/feed
[2026-09-29 06:21:48] - https://feng.pub/feed
[2026-09-29 06:21:48] ✘ 有 1 条订阅头像字段为空, 已使用默认头像:
[2026-09-29 06:21:48] - https://jt26wzz.com/rss.xml
[2026-09-29 13:30:40] 抓取到的文章与现有数据相同，无需更新。
[2026-09-29 18:58:24] 本次订阅抓取结果统计:
[2026-09-29 18:58:24] 共 54 条RSS, 成功抓取 40 条.
[2026-09-29 18:58:24] ✘ 有 14 条订阅解析失败:
[2026-09-29 18:58:24] - https://geekinney.com/index.xml
[2026-09-29 18:58:24] - https://suus.me/atom.xml
[2026-09-29 18:58:24] - https://timyang.net/feed/
[2026-09-29 18:58:24] - https://www.shephe.com/feed
[2026-09-29 18:58:24] - https://ilogs.cn/feed/
[2026-09-29 18:58:24] - https://writings.howsoonisnow.org/blog/feed/feed.xml
[2026-09-29 18:58:24] - https://www.laomuzhu.cn/feed/
[2026-09-29 18:58:24] - https://yufan.me/feed
[2026-09-29 18:58:24] - https://sizheng.org/feed
[2026-09-29 18:58:24] - https://4op.top/index.xml
[2026-09-29 18:58:24] - https://ayayy.com/feed/
[2026-09-29 18:58:24] - http://www.auiou.com/feed/
[2026-09-29 18:58:24] - https://note.redcha.cn/rss.xml
[2026-09-29 18:58:24] - https://feng.pub/feed
[2026-09-29 18:58:24] ✘ 有 1 条订阅头像字段为空, 已使用默认头像:
[2026-09-29 18:58:24] - https://jt26wzz.com/rss.xml
[2026-09-29 22:48:16] 本次订阅抓取结果统计:
[2026-09-29 22:48:16] 共 54 条RSS, 成功抓取 41 条.
[2026-09-29 22:48:16] ✘ 有 13 条订阅解析失败:
[2026-09-29 22:48:16] - https://geekinney.com/index.xml
[2026-09-29 22:48:16] - https://suus.me/atom.xml
[2026-09-29 22:48:16] - https://timyang.net/feed/
[2026-09-29 22:48:16] - https://www.shephe.com/feed
[2026-09-29 22:48:16] - https://ilogs.cn/feed/
[2026-09-29 22:48:16] - https://writings.howsoonisnow.org/blog/feed/feed.xml
[2026-09-29 22:48:16] - https://www.laomuzhu.cn/feed/
[2026-09-29 22:48:16] - https://sizheng.org/feed
[2026-09-29 22:48:16] - https://yufan.me/feed
[2026-09-29 22:48:16] - https://ayayy.com/feed/
[2026-09-29 22:48:16] - https://4op.top/index.xml
[2026-09-29 22:48:16] - https://feng.pub/feed
[2026-09-29 22:48:16] - http://www.auiou.com/feed/
[2026-09-29 22:48:16] ✘ 有 1 条订阅头像字段为空, 已使用默认头像:
[2026-09-29 22:48:16] - https://jt26wzz.com/rss.xml
