[2026-08-13 00:57:05] 本次订阅抓取结果统计:
[2026-08-13 00:57:05] 共 54 条RSS, 成功抓取 45 条.
[2026-08-13 00:57:05] ✘ 有 9 条订阅解析失败:
[2026-08-13 00:57:05] - https://geekinney.com/index.xml
[2026-08-13 00:57:05] - https://suus.me/atom.xml
[2026-08-13 00:57:05] - https://writings.howsoonisnow.org/blog/feed/feed.xml
[2026-08-13 00:57:05] - https://ilogs.cn/feed/
[2026-08-13 00:57:05] - https://www.moraex.com/feed
[2026-08-13 00:57:05] - https://sizheng.org/feed
[2026-08-13 00:57:05] - https://4op.top/index.xml
[2026-08-13 00:57:05] - https://feng.pub/feed
[2026-08-13 00:57:05] - https://ayayy.com/feed/
[2026-08-13 00:57:05] ✘ 有 1 条订阅头像字段为空, 已使用默认头像:
[2026-08-13 00:57:05] - https://jt26wzz.com/rss.xml
[2026-08-13 03:22:47] 本次订阅抓取结果统计:
[2026-08-13 03:22:47] 共 54 条RSS, 成功抓取 45 条.
[2026-08-13 03:22:47] ✘ 有 9 条订阅解析失败:
[2026-08-13 03:22:47] - https://geekinney.com/index.xml
[2026-08-13 03:22:47] - https://suus.me/atom.xml
[2026-08-13 03:22:47] - https://writings.howsoonisnow.org/blog/feed/feed.xml
[2026-08-13 03:22:47] - https://ilogs.cn/feed/
[2026-08-13 03:22:47] - https://sizheng.org/feed
[2026-08-13 03:22:47] - https://www.moraex.com/feed
[2026-08-13 03:22:47] - https://4op.top/index.xml
[2026-08-13 03:22:47] - https://feng.pub/feed
[2026-08-13 03:22:47] - https://ayayy.com/feed/
[2026-08-13 03:22:47] ✘ 有 1 条订阅头像字段为空, 已使用默认头像:
[2026-08-13 03:22:47] - https://jt26wzz.com/rss.xml
[2026-08-13 05:26:26] 本次订阅抓取结果统计:
[2026-08-13 05:26:26] 共 54 条RSS, 成功抓取 45 条.
[2026-08-13 05:26:26] ✘ 有 9 条订阅解析失败:
[2026-08-13 05:26:26] - https://geekinney.com/index.xml
[2026-08-13 05:26:26] - https://suus.me/atom.xml
[2026-08-13 05:26:26] - https://ilogs.cn/feed/
[2026-08-13 05:26:26] - https://writings.howsoonisnow.org/blog/feed/feed.xml
[2026-08-13 05:26:26] - https://sizheng.org/feed
[2026-08-13 05:26:26] - https://www.moraex.com/feed
[2026-08-13 05:26:26] - https://4op.top/index.xml
[2026-08-13 05:26:26] - https://feng.pub/feed
[2026-08-13 05:26:26] - https://ayayy.com/feed/
[2026-08-13 05:26:26] ✘ 有 1 条订阅头像字段为空, 已使用默认头像:
[2026-08-13 05:26:26] - https://jt26wzz.com/rss.xml
[2026-08-13 07:08:16] 抓取到的文章与现有数据相同，无需更新。
[2026-08-13 09:00:38] 本次订阅抓取结果统计:
[2026-08-13 09:00:38] 共 54 条RSS, 成功抓取 45 条.
[2026-08-13 09:00:38] ✘ 有 9 条订阅解析失败:
[2026-08-13 09:00:38] - https://geekinney.com/index.xml
[2026-08-13 09:00:38] - https://suus.me/atom.xml
[2026-08-13 09:00:38] - https://ilogs.cn/feed/
[2026-08-13 09:00:38] - https://writings.howsoonisnow.org/blog/feed/feed.xml
[2026-08-13 09:00:38] - https://www.moraex.com/feed
[2026-08-13 09:00:38] - https://sizheng.org/feed
[2026-08-13 09:00:38] - https://4op.top/index.xml
[2026-08-13 09:00:38] - https://feng.pub/feed
[2026-08-13 09:00:38] - https://ayayy.com/feed/
[2026-08-13 09:00:38] ✘ 有 1 条订阅头像字段为空, 已使用默认头像:
[2026-08-13 09:00:38] - https://jt26wzz.com/rss.xml
