[2026-08-16 00:34:19] 本次订阅抓取结果统计:
[2026-08-16 00:34:19] 共 54 条RSS, 成功抓取 45 条.
[2026-08-16 00:34:19] ✘ 有 9 条订阅解析失败:
[2026-08-16 00:34:19] - https://geekinney.com/index.xml
[2026-08-16 00:34:19] - https://suus.me/atom.xml
[2026-08-16 00:34:19] - https://ilogs.cn/feed/
[2026-08-16 00:34:19] - https://writings.howsoonisnow.org/blog/feed/feed.xml
[2026-08-16 00:34:19] - https://www.moraex.com/feed
[2026-08-16 00:34:19] - https://sizheng.org/feed
[2026-08-16 00:34:19] - https://4op.top/index.xml
[2026-08-16 00:34:19] - https://feng.pub/feed
[2026-08-16 00:34:19] - https://ayayy.com/feed/
[2026-08-16 00:34:19] ✘ 有 1 条订阅头像字段为空, 已使用默认头像:
[2026-08-16 00:34:19] - https://jt26wzz.com/rss.xml
[2026-08-16 02:14:31] 本次订阅抓取结果统计:
[2026-08-16 02:14:31] 共 54 条RSS, 成功抓取 45 条.
[2026-08-16 02:14:31] ✘ 有 9 条订阅解析失败:
[2026-08-16 02:14:31] - https://geekinney.com/index.xml
[2026-08-16 02:14:31] - https://suus.me/atom.xml
[2026-08-16 02:14:31] - https://writings.howsoonisnow.org/blog/feed/feed.xml
[2026-08-16 02:14:31] - https://ilogs.cn/feed/
[2026-08-16 02:14:31] - https://www.moraex.com/feed
[2026-08-16 02:14:31] - https://sizheng.org/feed
[2026-08-16 02:14:31] - https://4op.top/index.xml
[2026-08-16 02:14:31] - https://feng.pub/feed
[2026-08-16 02:14:31] - https://ayayy.com/feed/
[2026-08-16 02:14:31] ✘ 有 1 条订阅头像字段为空, 已使用默认头像:
[2026-08-16 02:14:31] - https://jt26wzz.com/rss.xml
[2026-08-16 03:38:17] 本次订阅抓取结果统计:
[2026-08-16 03:38:17] 共 54 条RSS, 成功抓取 45 条.
[2026-08-16 03:38:17] ✘ 有 9 条订阅解析失败:
[2026-08-16 03:38:17] - https://geekinney.com/index.xml
[2026-08-16 03:38:17] - https://suus.me/atom.xml
[2026-08-16 03:38:17] - https://ilogs.cn/feed/
[2026-08-16 03:38:17] - https://writings.howsoonisnow.org/blog/feed/feed.xml
[2026-08-16 03:38:17] - https://www.moraex.com/feed
[2026-08-16 03:38:17] - https://sizheng.org/feed
[2026-08-16 03:38:17] - https://4op.top/index.xml
[2026-08-16 03:38:17] - https://feng.pub/feed
[2026-08-16 03:38:17] - https://ayayy.com/feed/
[2026-08-16 03:38:17] ✘ 有 1 条订阅头像字段为空, 已使用默认头像:
[2026-08-16 03:38:17] - https://jt26wzz.com/rss.xml
[2026-08-16 04:24:14] 抓取到的文章与现有数据相同，无需更新。
[2026-08-16 05:17:54] 抓取到的文章与现有数据相同，无需更新。
[2026-08-16 06:20:03] 抓取到的文章与现有数据相同，无需更新。
