[2026-10-04 00:12:21] 本次订阅抓取结果统计:
[2026-10-04 00:12:21] 共 54 条RSS, 成功抓取 41 条.
[2026-10-04 00:12:21] ✘ 有 13 条订阅解析失败:
[2026-10-04 00:12:21] - https://geekinney.com/index.xml
[2026-10-04 00:12:21] - https://timyang.net/feed/
[2026-10-04 00:12:21] - https://suus.me/atom.xml
[2026-10-04 00:12:21] - https://www.shephe.com/feed
[2026-10-04 00:12:21] - https://writings.howsoonisnow.org/blog/feed/feed.xml
[2026-10-04 00:12:21] - https://ilogs.cn/feed/
[2026-10-04 00:12:21] - https://www.laomuzhu.cn/feed/
[2026-10-04 00:12:21] - https://sizheng.org/feed
[2026-10-04 00:12:21] - https://yufan.me/feed
[2026-10-04 00:12:21] - https://4op.top/index.xml
[2026-10-04 00:12:21] - https://ayayy.com/feed/
[2026-10-04 00:12:21] - https://feng.pub/feed
[2026-10-04 00:12:21] - https://note.redcha.cn/rss.xml
[2026-10-04 00:12:21] ✘ 有 1 条订阅头像字段为空, 已使用默认头像:
[2026-10-04 00:12:21] - https://jt26wzz.com/rss.xml
[2026-10-04 06:29:40] 本次订阅抓取结果统计:
[2026-10-04 06:29:40] 共 54 条RSS, 成功抓取 42 条.
[2026-10-04 06:29:40] ✘ 有 12 条订阅解析失败:
[2026-10-04 06:29:40] - https://geekinney.com/index.xml
[2026-10-04 06:29:40] - https://timyang.net/feed/
[2026-10-04 06:29:40] - https://suus.me/atom.xml
[2026-10-04 06:29:40] - https://www.shephe.com/feed
[2026-10-04 06:29:40] - https://writings.howsoonisnow.org/blog/feed/feed.xml
[2026-10-04 06:29:40] - https://www.laomuzhu.cn/feed/
[2026-10-04 06:29:40] - https://ilogs.cn/feed/
[2026-10-04 06:29:40] - https://sizheng.org/feed
[2026-10-04 06:29:40] - https://4op.top/index.xml
[2026-10-04 06:29:40] - https://yufan.me/feed
[2026-10-04 06:29:40] - https://ayayy.com/feed/
[2026-10-04 06:29:40] - https://feng.pub/feed
[2026-10-04 06:29:40] ✘ 有 1 条订阅头像字段为空, 已使用默认头像:
[2026-10-04 06:29:40] - https://jt26wzz.com/rss.xml
[2026-10-04 12:55:24] 本次订阅抓取结果统计:
[2026-10-04 12:55:24] 共 54 条RSS, 成功抓取 42 条.
[2026-10-04 12:55:24] ✘ 有 12 条订阅解析失败:
[2026-10-04 12:55:24] - https://geekinney.com/index.xml
[2026-10-04 12:55:24] - https://timyang.net/feed/
[2026-10-04 12:55:24] - https://suus.me/atom.xml
[2026-10-04 12:55:24] - https://www.shephe.com/feed
[2026-10-04 12:55:24] - https://writings.howsoonisnow.org/blog/feed/feed.xml
[2026-10-04 12:55:24] - https://ilogs.cn/feed/
[2026-10-04 12:55:24] - https://sizheng.org/feed
[2026-10-04 12:55:24] - https://www.laomuzhu.cn/feed/
[2026-10-04 12:55:24] - https://yufan.me/feed
[2026-10-04 12:55:24] - https://4op.top/index.xml
[2026-10-04 12:55:24] - https://ayayy.com/feed/
[2026-10-04 12:55:24] - https://feng.pub/feed
[2026-10-04 12:55:24] ✘ 有 1 条订阅头像字段为空, 已使用默认头像:
[2026-10-04 12:55:24] - https://jt26wzz.com/rss.xml
[2026-10-04 17:10:31] 本次订阅抓取结果统计:
[2026-10-04 17:10:31] 共 54 条RSS, 成功抓取 41 条.
[2026-10-04 17:10:31] ✘ 有 13 条订阅解析失败:
[2026-10-04 17:10:31] - https://geekinney.com/index.xml
[2026-10-04 17:10:31] - https://timyang.net/feed/
[2026-10-04 17:10:31] - https://suus.me/atom.xml
[2026-10-04 17:10:31] - https://ilogs.cn/feed/
[2026-10-04 17:10:31] - https://writings.howsoonisnow.org/blog/feed/feed.xml
[2026-10-04 17:10:31] - https://www.shephe.com/feed
[2026-10-04 17:10:31] - https://sizheng.org/feed
[2026-10-04 17:10:31] - https://4op.top/index.xml
[2026-10-04 17:10:31] - https://yufan.me/feed
[2026-10-04 17:10:31] - https://www.laomuzhu.cn/feed/
[2026-10-04 17:10:31] - https://ayayy.com/feed/
[2026-10-04 17:10:31] - https://feng.pub/feed
[2026-10-04 17:10:31] - https://note.redcha.cn/rss.xml
[2026-10-04 17:10:31] ✘ 有 1 条订阅头像字段为空, 已使用默认头像:
[2026-10-04 17:10:31] - https://jt26wzz.com/rss.xml
[2026-10-04 20:35:27] 抓取到的文章与现有数据相同，无需更新。
