[2026-10-02 01:10:35] 本次订阅抓取结果统计:
[2026-10-02 01:10:35] 共 54 条RSS, 成功抓取 41 条.
[2026-10-02 01:10:35] ✘ 有 13 条订阅解析失败:
[2026-10-02 01:10:35] - https://geekinney.com/index.xml
[2026-10-02 01:10:35] - https://suus.me/atom.xml
[2026-10-02 01:10:35] - https://timyang.net/feed/
[2026-10-02 01:10:35] - https://www.shephe.com/feed
[2026-10-02 01:10:35] - https://writings.howsoonisnow.org/blog/feed/feed.xml
[2026-10-02 01:10:35] - https://ilogs.cn/feed/
[2026-10-02 01:10:35] - https://www.laomuzhu.cn/feed/
[2026-10-02 01:10:35] - https://sizheng.org/feed
[2026-10-02 01:10:35] - https://yufan.me/feed
[2026-10-02 01:10:35] - https://4op.top/index.xml
[2026-10-02 01:10:35] - https://ayayy.com/feed/
[2026-10-02 01:10:35] - https://feng.pub/feed
[2026-10-02 01:10:35] - https://note.redcha.cn/rss.xml
[2026-10-02 01:10:35] ✘ 有 1 条订阅头像字段为空, 已使用默认头像:
[2026-10-02 01:10:35] - https://jt26wzz.com/rss.xml
[2026-10-02 07:40:20] 本次订阅抓取结果统计:
[2026-10-02 07:40:20] 共 54 条RSS, 成功抓取 41 条.
[2026-10-02 07:40:20] ✘ 有 13 条订阅解析失败:
[2026-10-02 07:40:20] - https://geekinney.com/index.xml
[2026-10-02 07:40:20] - https://timyang.net/feed/
[2026-10-02 07:40:20] - https://suus.me/atom.xml
[2026-10-02 07:40:20] - https://www.shephe.com/feed
[2026-10-02 07:40:20] - https://writings.howsoonisnow.org/blog/feed/feed.xml
[2026-10-02 07:40:20] - https://ilogs.cn/feed/
[2026-10-02 07:40:20] - https://sizheng.org/feed
[2026-10-02 07:40:20] - https://yufan.me/feed
[2026-10-02 07:40:20] - https://4op.top/index.xml
[2026-10-02 07:40:20] - https://ayayy.com/feed/
[2026-10-02 07:40:20] - https://feng.pub/feed
[2026-10-02 07:40:20] - https://www.laomuzhu.cn/feed/
[2026-10-02 07:40:20] - https://note.redcha.cn/rss.xml
[2026-10-02 07:40:20] ✘ 有 1 条订阅头像字段为空, 已使用默认头像:
[2026-10-02 07:40:20] - https://jt26wzz.com/rss.xml
[2026-10-02 14:31:07] 本次订阅抓取结果统计:
[2026-10-02 14:31:07] 共 54 条RSS, 成功抓取 42 条.
[2026-10-02 14:31:07] ✘ 有 12 条订阅解析失败:
[2026-10-02 14:31:07] - https://geekinney.com/index.xml
[2026-10-02 14:31:07] - https://suus.me/atom.xml
[2026-10-02 14:31:07] - https://www.shephe.com/feed
[2026-10-02 14:31:07] - https://ilogs.cn/feed/
[2026-10-02 14:31:07] - https://writings.howsoonisnow.org/blog/feed/feed.xml
[2026-10-02 14:31:07] - https://www.laomuzhu.cn/feed/
[2026-10-02 14:31:07] - https://sizheng.org/feed
[2026-10-02 14:31:07] - https://timyang.net/feed/
[2026-10-02 14:31:07] - https://4op.top/index.xml
[2026-10-02 14:31:07] - https://ayayy.com/feed/
[2026-10-02 14:31:07] - https://feng.pub/feed
[2026-10-02 14:31:07] - https://yufan.me/feed
[2026-10-02 14:31:07] ✘ 有 1 条订阅头像字段为空, 已使用默认头像:
[2026-10-02 14:31:07] - https://jt26wzz.com/rss.xml
