[2026-07-25 01:25:33] 抓取到的文章与现有数据相同，无需更新。
[2026-07-25 04:53:25] 本次订阅抓取结果统计:
[2026-07-25 04:53:25] 共 54 条RSS, 成功抓取 43 条.
[2026-07-25 04:53:25] ✘ 有 11 条订阅解析失败:
[2026-07-25 04:53:25] - https://geekinney.com/index.xml
[2026-07-25 04:53:25] - https://tumutanzi.com/feed
[2026-07-25 04:53:25] - https://suus.me/atom.xml
[2026-07-25 04:53:25] - https://leixus.cn/index.php/feed/
[2026-07-25 04:53:25] - https://ilogs.cn/feed/
[2026-07-25 04:53:25] - https://www.moraex.com/feed
[2026-07-25 04:53:25] - https://www.shephe.com/feed
[2026-07-25 04:53:25] - https://writings.howsoonisnow.org/blog/feed/feed.xml
[2026-07-25 04:53:25] - https://sizheng.org/feed
[2026-07-25 04:53:25] - https://4op.top/index.xml
[2026-07-25 04:53:25] - https://ayayy.com/feed/
[2026-07-25 04:53:25] ✘ 有 1 条订阅头像字段为空, 已使用默认头像:
[2026-07-25 04:53:25] - https://jt26wzz.com/rss.xml
[2026-07-25 07:08:24] 本次订阅抓取结果统计:
[2026-07-25 07:08:24] 共 54 条RSS, 成功抓取 45 条.
[2026-07-25 07:08:24] ✘ 有 9 条订阅解析失败:
[2026-07-25 07:08:24] - https://geekinney.com/index.xml
[2026-07-25 07:08:24] - https://suus.me/atom.xml
[2026-07-25 07:08:24] - https://ilogs.cn/feed/
[2026-07-25 07:08:24] - https://www.shephe.com/feed
[2026-07-25 07:08:24] - https://www.moraex.com/feed
[2026-07-25 07:08:24] - https://writings.howsoonisnow.org/blog/feed/feed.xml
[2026-07-25 07:08:24] - https://sizheng.org/feed
[2026-07-25 07:08:24] - https://4op.top/index.xml
[2026-07-25 07:08:24] - https://ayayy.com/feed/
[2026-07-25 07:08:24] ✘ 有 1 条订阅头像字段为空, 已使用默认头像:
[2026-07-25 07:08:24] - https://jt26wzz.com/rss.xml
[2026-07-25 09:24:59] 抓取到的文章与现有数据相同，无需更新。
[2026-07-25 11:00:33] 本次订阅抓取结果统计:
[2026-07-25 11:00:33] 共 54 条RSS, 成功抓取 44 条.
[2026-07-25 11:00:33] ✘ 有 10 条订阅解析失败:
[2026-07-25 11:00:33] - https://geekinney.com/index.xml
[2026-07-25 11:00:33] - https://suus.me/atom.xml
[2026-07-25 11:00:33] - https://ilogs.cn/feed/
[2026-07-25 11:00:33] - https://writings.howsoonisnow.org/blog/feed/feed.xml
[2026-07-25 11:00:33] - https://www.shephe.com/feed
[2026-07-25 11:00:33] - https://www.moraex.com/feed
[2026-07-25 11:00:33] - https://sizheng.org/feed
[2026-07-25 11:00:33] - https://4op.top/index.xml
[2026-07-25 11:00:33] - https://ayayy.com/feed/
[2026-07-25 11:00:33] - https://yufan.me/feed
[2026-07-25 11:00:33] ✘ 有 1 条订阅头像字段为空, 已使用默认头像:
[2026-07-25 11:00:33] - https://jt26wzz.com/rss.xml
[2026-07-25 12:02:06] 本次订阅抓取结果统计:
[2026-07-25 12:02:06] 共 54 条RSS, 成功抓取 45 条.
[2026-07-25 12:02:06] ✘ 有 9 条订阅解析失败:
[2026-07-25 12:02:06] - https://geekinney.com/index.xml
[2026-07-25 12:02:06] - https://suus.me/atom.xml
[2026-07-25 12:02:06] - https://ilogs.cn/feed/
[2026-07-25 12:02:06] - https://www.shephe.com/feed
[2026-07-25 12:02:06] - https://writings.howsoonisnow.org/blog/feed/feed.xml
[2026-07-25 12:02:06] - https://sizheng.org/feed
[2026-07-25 12:02:06] - https://www.moraex.com/feed
[2026-07-25 12:02:06] - https://4op.top/index.xml
[2026-07-25 12:02:06] - https://ayayy.com/feed/
[2026-07-25 12:02:06] ✘ 有 1 条订阅头像字段为空, 已使用默认头像:
[2026-07-25 12:02:06] - https://jt26wzz.com/rss.xml
[2026-07-25 14:25:27] 本次订阅抓取结果统计:
[2026-07-25 14:25:27] 共 54 条RSS, 成功抓取 42 条.
[2026-07-25 14:25:27] ✘ 有 12 条订阅解析失败:
[2026-07-25 14:25:27] - https://geekinney.com/index.xml
[2026-07-25 14:25:27] - https://tumutanzi.com/feed
[2026-07-25 14:25:27] - https://suus.me/atom.xml
[2026-07-25 14:25:27] - https://leixus.cn/index.php/feed/
[2026-07-25 14:25:27] - https://ilogs.cn/feed/
[2026-07-25 14:25:27] - https://www.shephe.com/feed
[2026-07-25 14:25:27] - https://writings.howsoonisnow.org/blog/feed/feed.xml
[2026-07-25 14:25:27] - https://www.moraex.com/feed
[2026-07-25 14:25:27] - https://sizheng.org/feed
[2026-07-25 14:25:27] - https://4op.top/index.xml
[2026-07-25 14:25:27] - https://note.redcha.cn/rss.xml
[2026-07-25 14:25:27] - https://ayayy.com/feed/
[2026-07-25 14:25:27] ✘ 有 1 条订阅头像字段为空, 已使用默认头像:
[2026-07-25 14:25:27] - https://jt26wzz.com/rss.xml
[2026-07-25 15:54:31] 本次订阅抓取结果统计:
[2026-07-25 15:54:31] 共 54 条RSS, 成功抓取 44 条.
[2026-07-25 15:54:31] ✘ 有 10 条订阅解析失败:
[2026-07-25 15:54:31] - https://geekinney.com/index.xml
[2026-07-25 15:54:31] - https://suus.me/atom.xml
[2026-07-25 15:54:31] - https://ilogs.cn/feed/
[2026-07-25 15:54:31] - https://www.shephe.com/feed
[2026-07-25 15:54:31] - https://writings.howsoonisnow.org/blog/feed/feed.xml
[2026-07-25 15:54:31] - https://sizheng.org/feed
[2026-07-25 15:54:31] - https://4op.top/index.xml
[2026-07-25 15:54:31] - https://www.moraex.com/feed
[2026-07-25 15:54:31] - https://ayayy.com/feed/
[2026-07-25 15:54:31] - https://note.redcha.cn/rss.xml
[2026-07-25 15:54:31] ✘ 有 1 条订阅头像字段为空, 已使用默认头像:
[2026-07-25 15:54:31] - https://jt26wzz.com/rss.xml
[2026-07-25 16:43:00] 抓取到的文章与现有数据相同，无需更新。
