[2026-09-04 01:42:44] [ERROR] 拉取RSS链接失败: /home/runner/work/rss-lhasa/rss-lhasa/feed_fetcher.go:58 => 获取RSS列表失败: https://lhasa-1253887673.cos.ap-shanghai.myqcloud.com/lhasaRSS/rss.txt | 原因: HTTP状态码: 451
[2026-09-04 06:39:08] [ERROR] 拉取RSS链接失败: /home/runner/work/rss-lhasa/rss-lhasa/feed_fetcher.go:58 => 获取RSS列表失败: https://lhasa-1253887673.cos.ap-shanghai.myqcloud.com/lhasaRSS/rss.txt | 原因: HTTP状态码: 451
[2026-09-04 11:50:30] 本次订阅抓取结果统计:
[2026-09-04 11:50:30] 共 54 条RSS, 成功抓取 43 条.
[2026-09-04 11:50:30] ✘ 有 11 条订阅解析失败:
[2026-09-04 11:50:30] - https://geekinney.com/index.xml
[2026-09-04 11:50:30] - https://suus.me/atom.xml
[2026-09-04 11:50:30] - https://www.mrhe.net/feed
[2026-09-04 11:50:30] - https://www.shephe.com/feed
[2026-09-04 11:50:30] - https://writings.howsoonisnow.org/blog/feed/feed.xml
[2026-09-04 11:50:30] - https://ilogs.cn/feed/
[2026-09-04 11:50:30] - https://www.moraex.com/feed
[2026-09-04 11:50:30] - https://sizheng.org/feed
[2026-09-04 11:50:30] - https://4op.top/index.xml
[2026-09-04 11:50:30] - https://ayayy.com/feed/
[2026-09-04 11:50:30] - https://feng.pub/feed
[2026-09-04 11:50:30] ✘ 有 1 条订阅头像字段为空, 已使用默认头像:
[2026-09-04 11:50:30] - https://jt26wzz.com/rss.xml
[2026-09-04 15:18:56] 抓取到的文章与现有数据相同，无需更新。
[2026-09-04 18:38:52] 抓取到的文章与现有数据相同，无需更新。
