[2026-09-01 00:51:34] 本次订阅抓取结果统计:
[2026-09-01 00:51:34] 共 54 条RSS, 成功抓取 43 条.
[2026-09-01 00:51:34] ✘ 有 11 条订阅解析失败:
[2026-09-01 00:51:34] - https://geekinney.com/index.xml
[2026-09-01 00:51:34] - https://suus.me/atom.xml
[2026-09-01 00:51:34] - https://www.mrhe.net/feed
[2026-09-01 00:51:34] - https://www.shephe.com/feed
[2026-09-01 00:51:34] - https://ilogs.cn/feed/
[2026-09-01 00:51:34] - https://writings.howsoonisnow.org/blog/feed/feed.xml
[2026-09-01 00:51:34] - https://sizheng.org/feed
[2026-09-01 00:51:34] - https://www.moraex.com/feed
[2026-09-01 00:51:34] - https://4op.top/index.xml
[2026-09-01 00:51:34] - https://ayayy.com/feed/
[2026-09-01 00:51:34] - https://feng.pub/feed
[2026-09-01 00:51:34] ✘ 有 1 条订阅头像字段为空, 已使用默认头像:
[2026-09-01 00:51:34] - https://jt26wzz.com/rss.xml
[2026-09-01 06:05:46] 本次订阅抓取结果统计:
[2026-09-01 06:05:46] 共 54 条RSS, 成功抓取 43 条.
[2026-09-01 06:05:46] ✘ 有 11 条订阅解析失败:
[2026-09-01 06:05:46] - https://suus.me/atom.xml
[2026-09-01 06:05:46] - https://www.shephe.com/feed
[2026-09-01 06:05:46] - https://geekinney.com/index.xml
[2026-09-01 06:05:46] - https://www.mrhe.net/feed
[2026-09-01 06:05:46] - https://ilogs.cn/feed/
[2026-09-01 06:05:46] - https://www.moraex.com/feed
[2026-09-01 06:05:46] - https://writings.howsoonisnow.org/blog/feed/feed.xml
[2026-09-01 06:05:46] - https://sizheng.org/feed
[2026-09-01 06:05:46] - https://ayayy.com/feed/
[2026-09-01 06:05:46] - https://4op.top/index.xml
[2026-09-01 06:05:46] - https://feng.pub/feed
[2026-09-01 06:05:46] ✘ 有 1 条订阅头像字段为空, 已使用默认头像:
[2026-09-01 06:05:46] - https://jt26wzz.com/rss.xml
[2026-09-01 10:39:10] 抓取到的文章与现有数据相同，无需更新。
