[2026-09-23 02:09:40] 本次订阅抓取结果统计:
[2026-09-23 02:09:40] 共 54 条RSS, 成功抓取 43 条.
[2026-09-23 02:09:40] ✘ 有 11 条订阅解析失败:
[2026-09-23 02:09:40] - https://geekinney.com/index.xml
[2026-09-23 02:09:40] - https://timyang.net/feed/
[2026-09-23 02:09:40] - https://suus.me/atom.xml
[2026-09-23 02:09:40] - https://www.shephe.com/feed
[2026-09-23 02:09:40] - https://writings.howsoonisnow.org/blog/feed/feed.xml
[2026-09-23 02:09:40] - https://ilogs.cn/feed/
[2026-09-23 02:09:40] - https://sizheng.org/feed
[2026-09-23 02:09:40] - https://4op.top/index.xml
[2026-09-23 02:09:40] - https://ayayy.com/feed/
[2026-09-23 02:09:40] - https://feng.pub/feed
[2026-09-23 02:09:40] - https://yufan.me/feed
[2026-09-23 02:09:40] ✘ 有 1 条订阅头像字段为空, 已使用默认头像:
[2026-09-23 02:09:40] - https://jt26wzz.com/rss.xml
[2026-09-23 08:03:21] 本次订阅抓取结果统计:
[2026-09-23 08:03:21] 共 54 条RSS, 成功抓取 42 条.
[2026-09-23 08:03:21] ✘ 有 12 条订阅解析失败:
[2026-09-23 08:03:21] - https://geekinney.com/index.xml
[2026-09-23 08:03:21] - https://suus.me/atom.xml
[2026-09-23 08:03:21] - https://www.shephe.com/feed
[2026-09-23 08:03:21] - https://writings.howsoonisnow.org/blog/feed/feed.xml
[2026-09-23 08:03:21] - https://ilogs.cn/feed/
[2026-09-23 08:03:21] - https://timyang.net/feed/
[2026-09-23 08:03:21] - https://sizheng.org/feed
[2026-09-23 08:03:21] - https://4op.top/index.xml
[2026-09-23 08:03:21] - https://ayayy.com/feed/
[2026-09-23 08:03:21] - https://feng.pub/feed
[2026-09-23 08:03:21] - https://yufan.me/feed
[2026-09-23 08:03:21] - http://www.cyys.net/wp/feed
[2026-09-23 08:03:21] ✘ 有 1 条订阅头像字段为空, 已使用默认头像:
[2026-09-23 08:03:21] - https://jt26wzz.com/rss.xml
[2026-09-23 13:56:02] 本次订阅抓取结果统计:
[2026-09-23 13:56:02] 共 54 条RSS, 成功抓取 43 条.
[2026-09-23 13:56:02] ✘ 有 11 条订阅解析失败:
[2026-09-23 13:56:02] - https://geekinney.com/index.xml
[2026-09-23 13:56:02] - https://suus.me/atom.xml
[2026-09-23 13:56:02] - https://www.shephe.com/feed
[2026-09-23 13:56:02] - https://writings.howsoonisnow.org/blog/feed/feed.xml
[2026-09-23 13:56:02] - https://ilogs.cn/feed/
[2026-09-23 13:56:02] - https://sizheng.org/feed
[2026-09-23 13:56:02] - https://timyang.net/feed/
[2026-09-23 13:56:02] - https://yufan.me/feed
[2026-09-23 13:56:02] - https://4op.top/index.xml
[2026-09-23 13:56:02] - https://ayayy.com/feed/
[2026-09-23 13:56:02] - https://feng.pub/feed
[2026-09-23 13:56:02] ✘ 有 1 条订阅头像字段为空, 已使用默认头像:
[2026-09-23 13:56:02] - https://jt26wzz.com/rss.xml
[2026-09-23 18:02:24] 抓取到的文章与现有数据相同，无需更新。
[2026-09-23 21:52:57] 抓取到的文章与现有数据相同，无需更新。
