[2026-07-28 01:21:07] 本次订阅抓取结果统计:
[2026-07-28 01:21:07] 共 54 条RSS, 成功抓取 44 条.
[2026-07-28 01:21:07] ✘ 有 10 条订阅解析失败:
[2026-07-28 01:21:07] - https://geekinney.com/index.xml
[2026-07-28 01:21:07] - https://tumutanzi.com/feed
[2026-07-28 01:21:07] - https://suus.me/atom.xml
[2026-07-28 01:21:07] - https://ilogs.cn/feed/
[2026-07-28 01:21:07] - https://www.shephe.com/feed
[2026-07-28 01:21:07] - https://www.moraex.com/feed
[2026-07-28 01:21:07] - https://writings.howsoonisnow.org/blog/feed/feed.xml
[2026-07-28 01:21:07] - https://sizheng.org/feed
[2026-07-28 01:21:07] - https://4op.top/index.xml
[2026-07-28 01:21:07] - https://ayayy.com/feed/
[2026-07-28 01:21:07] ✘ 有 1 条订阅头像字段为空, 已使用默认头像:
[2026-07-28 01:21:07] - https://jt26wzz.com/rss.xml
[2026-07-28 04:51:21] 本次订阅抓取结果统计:
[2026-07-28 04:51:21] 共 54 条RSS, 成功抓取 45 条.
[2026-07-28 04:51:21] ✘ 有 9 条订阅解析失败:
[2026-07-28 04:51:21] - https://geekinney.com/index.xml
[2026-07-28 04:51:21] - https://suus.me/atom.xml
[2026-07-28 04:51:21] - https://ilogs.cn/feed/
[2026-07-28 04:51:21] - https://writings.howsoonisnow.org/blog/feed/feed.xml
[2026-07-28 04:51:21] - https://www.moraex.com/feed
[2026-07-28 04:51:21] - https://www.shephe.com/feed
[2026-07-28 04:51:21] - https://sizheng.org/feed
[2026-07-28 04:51:21] - https://4op.top/index.xml
[2026-07-28 04:51:21] - https://ayayy.com/feed/
[2026-07-28 04:51:21] ✘ 有 1 条订阅头像字段为空, 已使用默认头像:
[2026-07-28 04:51:21] - https://jt26wzz.com/rss.xml
[2026-07-28 07:30:10] 本次订阅抓取结果统计:
[2026-07-28 07:30:10] 共 54 条RSS, 成功抓取 44 条.
[2026-07-28 07:30:10] ✘ 有 10 条订阅解析失败:
[2026-07-28 07:30:10] - https://geekinney.com/index.xml
[2026-07-28 07:30:10] - https://tumutanzi.com/feed
[2026-07-28 07:30:10] - https://suus.me/atom.xml
[2026-07-28 07:30:10] - https://ilogs.cn/feed/
[2026-07-28 07:30:10] - https://www.shephe.com/feed
[2026-07-28 07:30:10] - https://writings.howsoonisnow.org/blog/feed/feed.xml
[2026-07-28 07:30:10] - https://www.moraex.com/feed
[2026-07-28 07:30:10] - https://sizheng.org/feed
[2026-07-28 07:30:10] - https://4op.top/index.xml
[2026-07-28 07:30:10] - https://ayayy.com/feed/
[2026-07-28 07:30:10] ✘ 有 1 条订阅头像字段为空, 已使用默认头像:
[2026-07-28 07:30:10] - https://jt26wzz.com/rss.xml
[2026-07-28 10:20:50] 本次订阅抓取结果统计:
[2026-07-28 10:20:50] 共 54 条RSS, 成功抓取 45 条.
[2026-07-28 10:20:50] ✘ 有 9 条订阅解析失败:
[2026-07-28 10:20:50] - https://geekinney.com/index.xml
[2026-07-28 10:20:50] - https://suus.me/atom.xml
[2026-07-28 10:20:50] - https://ilogs.cn/feed/
[2026-07-28 10:20:50] - https://www.moraex.com/feed
[2026-07-28 10:20:50] - https://writings.howsoonisnow.org/blog/feed/feed.xml
[2026-07-28 10:20:50] - https://sizheng.org/feed
[2026-07-28 10:20:50] - https://www.shephe.com/feed
[2026-07-28 10:20:50] - https://4op.top/index.xml
[2026-07-28 10:20:50] - https://ayayy.com/feed/
[2026-07-28 10:20:50] ✘ 有 1 条订阅头像字段为空, 已使用默认头像:
[2026-07-28 10:20:50] - https://jt26wzz.com/rss.xml
[2026-07-28 12:28:57] 抓取到的文章与现有数据相同，无需更新。
[2026-07-28 15:09:46] 本次订阅抓取结果统计:
[2026-07-28 15:09:46] 共 54 条RSS, 成功抓取 44 条.
[2026-07-28 15:09:46] ✘ 有 10 条订阅解析失败:
[2026-07-28 15:09:46] - https://geekinney.com/index.xml
[2026-07-28 15:09:46] - https://tumutanzi.com/feed
[2026-07-28 15:09:46] - https://suus.me/atom.xml
[2026-07-28 15:09:46] - https://www.shephe.com/feed
[2026-07-28 15:09:46] - https://www.moraex.com/feed
[2026-07-28 15:09:46] - https://ilogs.cn/feed/
[2026-07-28 15:09:46] - https://writings.howsoonisnow.org/blog/feed/feed.xml
[2026-07-28 15:09:46] - https://sizheng.org/feed
[2026-07-28 15:09:46] - https://4op.top/index.xml
[2026-07-28 15:09:46] - https://ayayy.com/feed/
[2026-07-28 15:09:46] ✘ 有 1 条订阅头像字段为空, 已使用默认头像:
[2026-07-28 15:09:46] - https://jt26wzz.com/rss.xml
[2026-07-28 17:16:10] 本次订阅抓取结果统计:
[2026-07-28 17:16:10] 共 54 条RSS, 成功抓取 45 条.
[2026-07-28 17:16:10] ✘ 有 9 条订阅解析失败:
[2026-07-28 17:16:10] - https://geekinney.com/index.xml
[2026-07-28 17:16:10] - https://suus.me/atom.xml
[2026-07-28 17:16:10] - https://www.shephe.com/feed
[2026-07-28 17:16:10] - https://ilogs.cn/feed/
[2026-07-28 17:16:10] - https://writings.howsoonisnow.org/blog/feed/feed.xml
[2026-07-28 17:16:10] - https://www.moraex.com/feed
[2026-07-28 17:16:10] - https://sizheng.org/feed
[2026-07-28 17:16:10] - https://4op.top/index.xml
[2026-07-28 17:16:10] - https://ayayy.com/feed/
[2026-07-28 17:16:10] ✘ 有 1 条订阅头像字段为空, 已使用默认头像:
[2026-07-28 17:16:10] - https://jt26wzz.com/rss.xml
[2026-07-28 19:03:30] 抓取到的文章与现有数据相同，无需更新。
[2026-07-28 20:56:22] 抓取到的文章与现有数据相同，无需更新。
