[2026-07-30 01:15:19] 抓取到的文章与现有数据相同，无需更新。
[2026-07-30 04:44:43] 抓取到的文章与现有数据相同，无需更新。
[2026-07-30 07:25:22] 抓取到的文章与现有数据相同，无需更新。
[2026-07-30 10:09:28] 抓取到的文章与现有数据相同，无需更新。
[2026-07-30 12:22:00] 本次订阅抓取结果统计:
[2026-07-30 12:22:00] 共 54 条RSS, 成功抓取 44 条.
[2026-07-30 12:22:00] ✘ 有 10 条订阅解析失败:
[2026-07-30 12:22:00] - https://geekinney.com/index.xml
[2026-07-30 12:22:00] - https://tumutanzi.com/feed
[2026-07-30 12:22:00] - https://suus.me/atom.xml
[2026-07-30 12:22:00] - https://www.shephe.com/feed
[2026-07-30 12:22:00] - https://ilogs.cn/feed/
[2026-07-30 12:22:00] - https://writings.howsoonisnow.org/blog/feed/feed.xml
[2026-07-30 12:22:00] - https://sizheng.org/feed
[2026-07-30 12:22:00] - https://www.moraex.com/feed
[2026-07-30 12:22:00] - https://4op.top/index.xml
[2026-07-30 12:22:00] - https://ayayy.com/feed/
[2026-07-30 12:22:00] ✘ 有 1 条订阅头像字段为空, 已使用默认头像:
[2026-07-30 12:22:00] - https://jt26wzz.com/rss.xml
[2026-07-30 14:59:31] 本次订阅抓取结果统计:
[2026-07-30 14:59:31] 共 54 条RSS, 成功抓取 45 条.
[2026-07-30 14:59:31] ✘ 有 9 条订阅解析失败:
[2026-07-30 14:59:31] - https://geekinney.com/index.xml
[2026-07-30 14:59:31] - https://suus.me/atom.xml
[2026-07-30 14:59:31] - https://www.shephe.com/feed
[2026-07-30 14:59:31] - https://ilogs.cn/feed/
[2026-07-30 14:59:31] - https://writings.howsoonisnow.org/blog/feed/feed.xml
[2026-07-30 14:59:31] - https://sizheng.org/feed
[2026-07-30 14:59:31] - https://www.moraex.com/feed
[2026-07-30 14:59:31] - https://4op.top/index.xml
[2026-07-30 14:59:31] - https://ayayy.com/feed/
[2026-07-30 14:59:31] ✘ 有 1 条订阅头像字段为空, 已使用默认头像:
[2026-07-30 14:59:31] - https://jt26wzz.com/rss.xml
[2026-07-30 16:25:14] 本次订阅抓取结果统计:
[2026-07-30 16:25:14] 共 54 条RSS, 成功抓取 44 条.
[2026-07-30 16:25:14] ✘ 有 10 条订阅解析失败:
[2026-07-30 16:25:14] - https://geekinney.com/index.xml
[2026-07-30 16:25:14] - https://tumutanzi.com/feed
[2026-07-30 16:25:14] - https://suus.me/atom.xml
[2026-07-30 16:25:14] - https://ilogs.cn/feed/
[2026-07-30 16:25:14] - https://www.shephe.com/feed
[2026-07-30 16:25:14] - https://writings.howsoonisnow.org/blog/feed/feed.xml
[2026-07-30 16:25:14] - https://www.moraex.com/feed
[2026-07-30 16:25:14] - https://sizheng.org/feed
[2026-07-30 16:25:14] - https://4op.top/index.xml
[2026-07-30 16:25:14] - https://ayayy.com/feed/
[2026-07-30 16:25:14] ✘ 有 1 条订阅头像字段为空, 已使用默认头像:
[2026-07-30 16:25:14] - https://jt26wzz.com/rss.xml
[2026-07-30 18:08:03] 本次订阅抓取结果统计:
[2026-07-30 18:08:03] 共 54 条RSS, 成功抓取 45 条.
[2026-07-30 18:08:03] ✘ 有 9 条订阅解析失败:
[2026-07-30 18:08:03] - https://geekinney.com/index.xml
[2026-07-30 18:08:03] - https://suus.me/atom.xml
[2026-07-30 18:08:03] - https://www.shephe.com/feed
[2026-07-30 18:08:03] - https://writings.howsoonisnow.org/blog/feed/feed.xml
[2026-07-30 18:08:03] - https://ilogs.cn/feed/
[2026-07-30 18:08:03] - https://www.moraex.com/feed
[2026-07-30 18:08:03] - https://sizheng.org/feed
[2026-07-30 18:08:03] - https://4op.top/index.xml
[2026-07-30 18:08:03] - https://ayayy.com/feed/
[2026-07-30 18:08:03] ✘ 有 1 条订阅头像字段为空, 已使用默认头像:
[2026-07-30 18:08:03] - https://jt26wzz.com/rss.xml
[2026-07-30 20:10:07] 抓取到的文章与现有数据相同，无需更新。
[2026-07-30 21:56:56] 抓取到的文章与现有数据相同，无需更新。
[2026-07-30 22:56:55] 本次订阅抓取结果统计:
[2026-07-30 22:56:55] 共 54 条RSS, 成功抓取 44 条.
[2026-07-30 22:56:55] ✘ 有 10 条订阅解析失败:
[2026-07-30 22:56:55] - https://geekinney.com/index.xml
[2026-07-30 22:56:55] - https://tumutanzi.com/feed
[2026-07-30 22:56:55] - https://suus.me/atom.xml
[2026-07-30 22:56:55] - https://www.shephe.com/feed
[2026-07-30 22:56:55] - https://www.moraex.com/feed
[2026-07-30 22:56:55] - https://writings.howsoonisnow.org/blog/feed/feed.xml
[2026-07-30 22:56:55] - https://ilogs.cn/feed/
[2026-07-30 22:56:55] - https://sizheng.org/feed
[2026-07-30 22:56:55] - https://4op.top/index.xml
[2026-07-30 22:56:55] - https://ayayy.com/feed/
[2026-07-30 22:56:55] ✘ 有 1 条订阅头像字段为空, 已使用默认头像:
[2026-07-30 22:56:55] - https://jt26wzz.com/rss.xml
