[2026-08-19 00:32:40] 抓取到的文章与现有数据相同，无需更新。
[2026-08-19 02:10:29] 抓取到的文章与现有数据相同，无需更新。
[2026-08-19 03:36:54] 抓取到的文章与现有数据相同，无需更新。
[2026-08-19 04:25:16] 抓取到的文章与现有数据相同，无需更新。
[2026-08-19 05:19:16] 抓取到的文章与现有数据相同，无需更新。
[2026-08-19 06:23:18] 抓取到的文章与现有数据相同，无需更新。
[2026-08-19 07:29:27] 抓取到的文章与现有数据相同，无需更新。
[2026-08-19 08:22:26] 抓取到的文章与现有数据相同，无需更新。
[2026-08-19 09:21:49] 本次订阅抓取结果统计:
[2026-08-19 09:21:49] 共 54 条RSS, 成功抓取 43 条.
[2026-08-19 09:21:49] ✘ 有 11 条订阅解析失败:
[2026-08-19 09:21:49] - https://geekinney.com/index.xml
[2026-08-19 09:21:49] - https://suus.me/atom.xml
[2026-08-19 09:21:49] - https://www.shephe.com/feed
[2026-08-19 09:21:49] - https://writings.howsoonisnow.org/blog/feed/feed.xml
[2026-08-19 09:21:49] - https://ilogs.cn/feed/
[2026-08-19 09:21:49] - https://www.moraex.com/feed
[2026-08-19 09:21:49] - https://sizheng.org/feed
[2026-08-19 09:21:49] - https://4op.top/index.xml
[2026-08-19 09:21:49] - https://feng.pub/feed
[2026-08-19 09:21:49] - https://note.redcha.cn/rss.xml
[2026-08-19 09:21:49] - https://ayayy.com/feed/
[2026-08-19 09:21:49] ✘ 有 1 条订阅头像字段为空, 已使用默认头像:
[2026-08-19 09:21:49] - https://jt26wzz.com/rss.xml
[2026-08-19 10:16:56] 抓取到的文章与现有数据相同，无需更新。
[2026-08-19 11:14:28] 抓取到的文章与现有数据相同，无需更新。
[2026-08-19 12:20:25] 抓取到的文章与现有数据相同，无需更新。
[2026-08-19 13:35:44] 抓取到的文章与现有数据相同，无需更新。
